Archive member included to satisfy reference by file (symbol)

c:/st/stm32cubeide_1.1.0/stm32cubeide/plugins/com.st.stm32cube.ide.mcu.externaltools.gnu-tools-for-stm32.7-2018-q2-update.win32_1.0.0.201904181610/tools/bin/../lib/gcc/arm-none-eabi/7.3.1/../../../../arm-none-eabi/lib/thumb/v7e-m/fpv4-sp/hard\libc_nano.a(lib_a-errno.o)
                              Core/Src/syscalls.o (__errno)
c:/st/stm32cubeide_1.1.0/stm32cubeide/plugins/com.st.stm32cube.ide.mcu.externaltools.gnu-tools-for-stm32.7-2018-q2-update.win32_1.0.0.201904181610/tools/bin/../lib/gcc/arm-none-eabi/7.3.1/../../../../arm-none-eabi/lib/thumb/v7e-m/fpv4-sp/hard\libc_nano.a(lib_a-exit.o)
                              c:/st/stm32cubeide_1.1.0/stm32cubeide/plugins/com.st.stm32cube.ide.mcu.externaltools.gnu-tools-for-stm32.7-2018-q2-update.win32_1.0.0.201904181610/tools/bin/../lib/gcc/arm-none-eabi/7.3.1/../../../../arm-none-eabi/lib/thumb/v7e-m/fpv4-sp/hard/crt0.o (exit)
c:/st/stm32cubeide_1.1.0/stm32cubeide/plugins/com.st.stm32cube.ide.mcu.externaltools.gnu-tools-for-stm32.7-2018-q2-update.win32_1.0.0.201904181610/tools/bin/../lib/gcc/arm-none-eabi/7.3.1/../../../../arm-none-eabi/lib/thumb/v7e-m/fpv4-sp/hard\libc_nano.a(lib_a-impure.o)
                              c:/st/stm32cubeide_1.1.0/stm32cubeide/plugins/com.st.stm32cube.ide.mcu.externaltools.gnu-tools-for-stm32.7-2018-q2-update.win32_1.0.0.201904181610/tools/bin/../lib/gcc/arm-none-eabi/7.3.1/../../../../arm-none-eabi/lib/thumb/v7e-m/fpv4-sp/hard\libc_nano.a(lib_a-exit.o) (_global_impure_ptr)
c:/st/stm32cubeide_1.1.0/stm32cubeide/plugins/com.st.stm32cube.ide.mcu.externaltools.gnu-tools-for-stm32.7-2018-q2-update.win32_1.0.0.201904181610/tools/bin/../lib/gcc/arm-none-eabi/7.3.1/../../../../arm-none-eabi/lib/thumb/v7e-m/fpv4-sp/hard\libc_nano.a(lib_a-init.o)
                              c:/st/stm32cubeide_1.1.0/stm32cubeide/plugins/com.st.stm32cube.ide.mcu.externaltools.gnu-tools-for-stm32.7-2018-q2-update.win32_1.0.0.201904181610/tools/bin/../lib/gcc/arm-none-eabi/7.3.1/../../../../arm-none-eabi/lib/thumb/v7e-m/fpv4-sp/hard/crt0.o (__libc_init_array)
c:/st/stm32cubeide_1.1.0/stm32cubeide/plugins/com.st.stm32cube.ide.mcu.externaltools.gnu-tools-for-stm32.7-2018-q2-update.win32_1.0.0.201904181610/tools/bin/../lib/gcc/arm-none-eabi/7.3.1/../../../../arm-none-eabi/lib/thumb/v7e-m/fpv4-sp/hard\libc_nano.a(lib_a-memset.o)
                              c:/st/stm32cubeide_1.1.0/stm32cubeide/plugins/com.st.stm32cube.ide.mcu.externaltools.gnu-tools-for-stm32.7-2018-q2-update.win32_1.0.0.201904181610/tools/bin/../lib/gcc/arm-none-eabi/7.3.1/../../../../arm-none-eabi/lib/thumb/v7e-m/fpv4-sp/hard/crt0.o (memset)
c:/st/stm32cubeide_1.1.0/stm32cubeide/plugins/com.st.stm32cube.ide.mcu.externaltools.gnu-tools-for-stm32.7-2018-q2-update.win32_1.0.0.201904181610/tools/bin/../lib/gcc/arm-none-eabi/7.3.1/thumb/v7e-m/fpv4-sp/hard\libgcc.a(_aeabi_uldivmod.o)
                              Drivers/STM32F7xx_HAL_Driver/Src/stm32f7xx_hal_rcc.o (__aeabi_uldivmod)
c:/st/stm32cubeide_1.1.0/stm32cubeide/plugins/com.st.stm32cube.ide.mcu.externaltools.gnu-tools-for-stm32.7-2018-q2-update.win32_1.0.0.201904181610/tools/bin/../lib/gcc/arm-none-eabi/7.3.1/thumb/v7e-m/fpv4-sp/hard\libgcc.a(_udivmoddi4.o)
                              c:/st/stm32cubeide_1.1.0/stm32cubeide/plugins/com.st.stm32cube.ide.mcu.externaltools.gnu-tools-for-stm32.7-2018-q2-update.win32_1.0.0.201904181610/tools/bin/../lib/gcc/arm-none-eabi/7.3.1/thumb/v7e-m/fpv4-sp/hard\libgcc.a(_aeabi_uldivmod.o) (__udivmoddi4)
c:/st/stm32cubeide_1.1.0/stm32cubeide/plugins/com.st.stm32cube.ide.mcu.externaltools.gnu-tools-for-stm32.7-2018-q2-update.win32_1.0.0.201904181610/tools/bin/../lib/gcc/arm-none-eabi/7.3.1/thumb/v7e-m/fpv4-sp/hard\libgcc.a(_dvmd_tls.o)
                              c:/st/stm32cubeide_1.1.0/stm32cubeide/plugins/com.st.stm32cube.ide.mcu.externaltools.gnu-tools-for-stm32.7-2018-q2-update.win32_1.0.0.201904181610/tools/bin/../lib/gcc/arm-none-eabi/7.3.1/thumb/v7e-m/fpv4-sp/hard\libgcc.a(_aeabi_uldivmod.o) (__aeabi_ldiv0)

Allocating common symbols
Common symbol       size              file

htim4               0x40              Core/Src/tim.o
huart3              0x80              Core/Src/usart.o
hpcd_USB_OTG_FS     0x404             Core/Src/usb_otg.o
uwTick              0x4               Drivers/STM32F7xx_HAL_Driver/Src/stm32f7xx_hal.o
pFlash              0x1c              Drivers/STM32F7xx_HAL_Driver/Src/stm32f7xx_hal_flash.o
htim5               0x40              Core/Src/tim.o
htim3               0x40              Core/Src/tim.o
Pedal_data          0x2               Core/Src/Automatic_Mode.o
Pedal_status        0x2               Core/Src/main.o
htim6               0x40              Core/Src/tim.o
htim1               0x40              Core/Src/tim.o
htim2               0x40              Core/Src/tim.o
heth                0x48              Core/Src/eth.o

Discarded input sections

[...]
Memory Configuration

Name             Origin             Length             Attributes
RAM              0x0000000020000000 0x0000000000050000 xrw
FLASH            0x0000000008000000 0x0000000000100000 xr
*default*        0x0000000000000000 0xffffffffffffffff

Linker script and memory map

LOAD c:/st/stm32cubeide_1.1.0/stm32cubeide/plugins/com.st.stm32cube.ide.mcu.externaltools.gnu-tools-for-stm32.7-2018-q2-update.win32_1.0.0.201904181610/tools/bin/../lib/gcc/arm-none-eabi/7.3.1/thumb/v7e-m/fpv4-sp/hard/crti.o
LOAD c:/st/stm32cubeide_1.1.0/stm32cubeide/plugins/com.st.stm32cube.ide.mcu.externaltools.gnu-tools-for-stm32.7-2018-q2-update.win32_1.0.0.201904181610/tools/bin/../lib/gcc/arm-none-eabi/7.3.1/thumb/v7e-m/fpv4-sp/hard/crtbegin.o
LOAD c:/st/stm32cubeide_1.1.0/stm32cubeide/plugins/com.st.stm32cube.ide.mcu.externaltools.gnu-tools-for-stm32.7-2018-q2-update.win32_1.0.0.201904181610/tools/bin/../lib/gcc/arm-none-eabi/7.3.1/../../../../arm-none-eabi/lib/thumb/v7e-m/fpv4-sp/hard/crt0.o
LOAD Core/Src/Automatic_Mode.o
LOAD Core/Src/Manual_Mode.o
LOAD Core/Src/eth.o
LOAD Core/Src/gpio.o
LOAD Core/Src/main.o
LOAD Core/Src/stm32f7xx_hal_msp.o
LOAD Core/Src/stm32f7xx_it.o
LOAD Core/Src/sys.o
LOAD Core/Src/syscalls.o
LOAD Core/Src/sysmem.o
LOAD Core/Src/system_stm32f7xx.o
LOAD Core/Src/tim.o
LOAD Core/Src/usart.o
LOAD Core/Src/usb_otg.o
LOAD Core/Startup/startup_stm32f746zgtx.o
LOAD Drivers/STM32F7xx_HAL_Driver/Src/stm32f7xx_hal.o
LOAD Drivers/STM32F7xx_HAL_Driver/Src/stm32f7xx_hal_cortex.o
LOAD Drivers/STM32F7xx_HAL_Driver/Src/stm32f7xx_hal_dma.o
LOAD Drivers/STM32F7xx_HAL_Driver/Src/stm32f7xx_hal_dma_ex.o
LOAD Drivers/STM32F7xx_HAL_Driver/Src/stm32f7xx_hal_eth.o
LOAD Drivers/STM32F7xx_HAL_Driver/Src/stm32f7xx_hal_exti.o
LOAD Drivers/STM32F7xx_HAL_Driver/Src/stm32f7xx_hal_flash.o
LOAD Drivers/STM32F7xx_HAL_Driver/Src/stm32f7xx_hal_flash_ex.o
LOAD Drivers/STM32F7xx_HAL_Driver/Src/stm32f7xx_hal_gpio.o
LOAD Drivers/STM32F7xx_HAL_Driver/Src/stm32f7xx_hal_i2c.o
LOAD Drivers/STM32F7xx_HAL_Driver/Src/stm32f7xx_hal_i2c_ex.o
LOAD Drivers/STM32F7xx_HAL_Driver/Src/stm32f7xx_hal_pcd.o
LOAD Drivers/STM32F7xx_HAL_Driver/Src/stm32f7xx_hal_pcd_ex.o
LOAD Drivers/STM32F7xx_HAL_Driver/Src/stm32f7xx_hal_pwr.o
LOAD Drivers/STM32F7xx_HAL_Driver/Src/stm32f7xx_hal_pwr_ex.o
LOAD Drivers/STM32F7xx_HAL_Driver/Src/stm32f7xx_hal_rcc.o
LOAD Drivers/STM32F7xx_HAL_Driver/Src/stm32f7xx_hal_rcc_ex.o
LOAD Drivers/STM32F7xx_HAL_Driver/Src/stm32f7xx_hal_tim.o
LOAD Drivers/STM32F7xx_HAL_Driver/Src/stm32f7xx_hal_tim_ex.o
LOAD Drivers/STM32F7xx_HAL_Driver/Src/stm32f7xx_hal_uart.o
LOAD Drivers/STM32F7xx_HAL_Driver/Src/stm32f7xx_hal_uart_ex.o
LOAD Drivers/STM32F7xx_HAL_Driver/Src/stm32f7xx_ll_usb.o
START GROUP
LOAD c:/st/stm32cubeide_1.1.0/stm32cubeide/plugins/com.st.stm32cube.ide.mcu.externaltools.gnu-tools-for-stm32.7-2018-q2-update.win32_1.0.0.201904181610/tools/bin/../lib/gcc/arm-none-eabi/7.3.1/../../../../arm-none-eabi/lib/thumb/v7e-m/fpv4-sp/hard\libc_nano.a
LOAD c:/st/stm32cubeide_1.1.0/stm32cubeide/plugins/com.st.stm32cube.ide.mcu.externaltools.gnu-tools-for-stm32.7-2018-q2-update.win32_1.0.0.201904181610/tools/bin/../lib/gcc/arm-none-eabi/7.3.1/../../../../arm-none-eabi/lib/thumb/v7e-m/fpv4-sp/hard\libm.a
END GROUP
START GROUP
LOAD c:/st/stm32cubeide_1.1.0/stm32cubeide/plugins/com.st.stm32cube.ide.mcu.externaltools.gnu-tools-for-stm32.7-2018-q2-update.win32_1.0.0.201904181610/tools/bin/../lib/gcc/arm-none-eabi/7.3.1/thumb/v7e-m/fpv4-sp/hard\libgcc.a
LOAD c:/st/stm32cubeide_1.1.0/stm32cubeide/plugins/com.st.stm32cube.ide.mcu.externaltools.gnu-tools-for-stm32.7-2018-q2-update.win32_1.0.0.201904181610/tools/bin/../lib/gcc/arm-none-eabi/7.3.1/../../../../arm-none-eabi/lib/thumb/v7e-m/fpv4-sp/hard\libc_nano.a
END GROUP
START GROUP
LOAD c:/st/stm32cubeide_1.1.0/stm32cubeide/plugins/com.st.stm32cube.ide.mcu.externaltools.gnu-tools-for-stm32.7-2018-q2-update.win32_1.0.0.201904181610/tools/bin/../lib/gcc/arm-none-eabi/7.3.1/thumb/v7e-m/fpv4-sp/hard\libgcc.a
LOAD c:/st/stm32cubeide_1.1.0/stm32cubeide/plugins/com.st.stm32cube.ide.mcu.externaltools.gnu-tools-for-stm32.7-2018-q2-update.win32_1.0.0.201904181610/tools/bin/../lib/gcc/arm-none-eabi/7.3.1/../../../../arm-none-eabi/lib/thumb/v7e-m/fpv4-sp/hard\libc_nano.a
LOAD c:/st/stm32cubeide_1.1.0/stm32cubeide/plugins/com.st.stm32cube.ide.mcu.externaltools.gnu-tools-for-stm32.7-2018-q2-update.win32_1.0.0.201904181610/tools/bin/../lib/gcc/arm-none-eabi/7.3.1/../../../../arm-none-eabi/lib/thumb/v7e-m/fpv4-sp/hard\libnosys.a
END GROUP
START GROUP
LOAD c:/st/stm32cubeide_1.1.0/stm32cubeide/plugins/com.st.stm32cube.ide.mcu.externaltools.gnu-tools-for-stm32.7-2018-q2-update.win32_1.0.0.201904181610/tools/bin/../lib/gcc/arm-none-eabi/7.3.1/thumb/v7e-m/fpv4-sp/hard\libgcc.a
LOAD c:/st/stm32cubeide_1.1.0/stm32cubeide/plugins/com.st.stm32cube.ide.mcu.externaltools.gnu-tools-for-stm32.7-2018-q2-update.win32_1.0.0.201904181610/tools/bin/../lib/gcc/arm-none-eabi/7.3.1/../../../../arm-none-eabi/lib/thumb/v7e-m/fpv4-sp/hard\libc_nano.a
LOAD c:/st/stm32cubeide_1.1.0/stm32cubeide/plugins/com.st.stm32cube.ide.mcu.externaltools.gnu-tools-for-stm32.7-2018-q2-update.win32_1.0.0.201904181610/tools/bin/../lib/gcc/arm-none-eabi/7.3.1/../../../../arm-none-eabi/lib/thumb/v7e-m/fpv4-sp/hard\libnosys.a
END GROUP
LOAD c:/st/stm32cubeide_1.1.0/stm32cubeide/plugins/com.st.stm32cube.ide.mcu.externaltools.gnu-tools-for-stm32.7-2018-q2-update.win32_1.0.0.201904181610/tools/bin/../lib/gcc/arm-none-eabi/7.3.1/thumb/v7e-m/fpv4-sp/hard/crtend.o
LOAD c:/st/stm32cubeide_1.1.0/stm32cubeide/plugins/com.st.stm32cube.ide.mcu.externaltools.gnu-tools-for-stm32.7-2018-q2-update.win32_1.0.0.201904181610/tools/bin/../lib/gcc/arm-none-eabi/7.3.1/thumb/v7e-m/fpv4-sp/hard/crtn.o
                0x0000000020050000                _estack = (ORIGIN (RAM) + LENGTH (RAM))
                0x0000000000000200                _Min_Heap_Size = 0x200
                0x0000000000000400                _Min_Stack_Size = 0x400

.isr_vector     0x0000000008000000      0x1c8
                0x0000000008000000                . = ALIGN (0x4)
 *(.isr_vector)
 .isr_vector    0x0000000008000000      0x1c8 Core/Startup/startup_stm32f746zgtx.o
                0x0000000008000000                g_pfnVectors
                0x00000000080001c8                . = ALIGN (0x4)

.text           0x00000000080001c8     0x4e64
                0x00000000080001c8                . = ALIGN (0x4)
 *(.text)
 .text          0x00000000080001c8       0x40 c:/st/stm32cubeide_1.1.0/stm32cubeide/plugins/com.st.stm32cube.ide.mcu.externaltools.gnu-tools-for-stm32.7-2018-q2-update.win32_1.0.0.201904181610/tools/bin/../lib/gcc/arm-none-eabi/7.3.1/thumb/v7e-m/fpv4-sp/hard/crtbegin.o
 .text          0x0000000008000208       0x30 c:/st/stm32cubeide_1.1.0/stm32cubeide/plugins/com.st.stm32cube.ide.mcu.externaltools.gnu-tools-for-stm32.7-2018-q2-update.win32_1.0.0.201904181610/tools/bin/../lib/gcc/arm-none-eabi/7.3.1/thumb/v7e-m/fpv4-sp/hard\libgcc.a(_aeabi_uldivmod.o)
                0x0000000008000208                __aeabi_uldivmod
 .text          0x0000000008000238      0x2cc c:/st/stm32cubeide_1.1.0/stm32cubeide/plugins/com.st.stm32cube.ide.mcu.externaltools.gnu-tools-for-stm32.7-2018-q2-update.win32_1.0.0.201904181610/tools/bin/../lib/gcc/arm-none-eabi/7.3.1/thumb/v7e-m/fpv4-sp/hard\libgcc.a(_udivmoddi4.o)
                0x0000000008000238                __udivmoddi4
 .text          0x0000000008000504        0x4 c:/st/stm32cubeide_1.1.0/stm32cubeide/plugins/com.st.stm32cube.ide.mcu.externaltools.gnu-tools-for-stm32.7-2018-q2-update.win32_1.0.0.201904181610/tools/bin/../lib/gcc/arm-none-eabi/7.3.1/thumb/v7e-m/fpv4-sp/hard\libgcc.a(_dvmd_tls.o)
                0x0000000008000504                __aeabi_idiv0
                0x0000000008000504                __aeabi_ldiv0
 *(.text*)
 .text.HAL_TIM_PeriodElapsedCallback
                0x0000000008000508      0x208 Core/Src/Automatic_Mode.o
                0x0000000008000508                HAL_TIM_PeriodElapsedCallback
 .text.MX_ETH_Init
                0x0000000008000710       0x80 Core/Src/eth.o
                0x0000000008000710                MX_ETH_Init
 .text.HAL_ETH_MspInit
                0x0000000008000790      0x170 Core/Src/eth.o
                0x0000000008000790                HAL_ETH_MspInit
 .text.MX_GPIO_Init
                0x0000000008000900      0x244 Core/Src/gpio.o
                0x0000000008000900                MX_GPIO_Init
 .text.main     0x0000000008000b44       0xc8 Core/Src/main.o
                0x0000000008000b44                main
 .text.SystemClock_Config
                0x0000000008000c0c      0x128 Core/Src/main.o
                0x0000000008000c0c                SystemClock_Config
 .text.Error_Handler
                0x0000000008000d34        0xe Core/Src/main.o
                0x0000000008000d34                Error_Handler
 *fill*         0x0000000008000d42        0x2 
 .text.HAL_MspInit
                0x0000000008000d44       0x48 Core/Src/stm32f7xx_hal_msp.o
                0x0000000008000d44                HAL_MspInit
 .text.NMI_Handler
                0x0000000008000d8c        0xe Core/Src/stm32f7xx_it.o
                0x0000000008000d8c                NMI_Handler
 .text.HardFault_Handler
                0x0000000008000d9a        0x6 Core/Src/stm32f7xx_it.o
                0x0000000008000d9a                HardFault_Handler
 .text.MemManage_Handler
                0x0000000008000da0        0x6 Core/Src/stm32f7xx_it.o
                0x0000000008000da0                MemManage_Handler
 .text.BusFault_Handler
                0x0000000008000da6        0x6 Core/Src/stm32f7xx_it.o
                0x0000000008000da6                BusFault_Handler
 .text.UsageFault_Handler
                0x0000000008000dac        0x6 Core/Src/stm32f7xx_it.o
                0x0000000008000dac                UsageFault_Handler
 .text.SVC_Handler
                0x0000000008000db2        0xe Core/Src/stm32f7xx_it.o
                0x0000000008000db2                SVC_Handler
 .text.DebugMon_Handler
                0x0000000008000dc0        0xe Core/Src/stm32f7xx_it.o
                0x0000000008000dc0                DebugMon_Handler
 .text.PendSV_Handler
                0x0000000008000dce        0xe Core/Src/stm32f7xx_it.o
                0x0000000008000dce                PendSV_Handler
 .text.SysTick_Handler
                0x0000000008000ddc        0xc Core/Src/stm32f7xx_it.o
                0x0000000008000ddc                SysTick_Handler
 .text.TIM1_BRK_TIM9_IRQHandler
                0x0000000008000de8       0x14 Core/Src/stm32f7xx_it.o
                0x0000000008000de8                TIM1_BRK_TIM9_IRQHandler
 .text.TIM1_UP_TIM10_IRQHandler
                0x0000000008000dfc       0x14 Core/Src/stm32f7xx_it.o
                0x0000000008000dfc                TIM1_UP_TIM10_IRQHandler
 .text.TIM1_TRG_COM_TIM11_IRQHandler
                0x0000000008000e10       0x14 Core/Src/stm32f7xx_it.o
                0x0000000008000e10                TIM1_TRG_COM_TIM11_IRQHandler
 .text.TIM1_CC_IRQHandler
                0x0000000008000e24       0x14 Core/Src/stm32f7xx_it.o
                0x0000000008000e24                TIM1_CC_IRQHandler
 .text.TIM2_IRQHandler
                0x0000000008000e38       0x14 Core/Src/stm32f7xx_it.o
                0x0000000008000e38                TIM2_IRQHandler
 .text.TIM3_IRQHandler
                0x0000000008000e4c       0x14 Core/Src/stm32f7xx_it.o
                0x0000000008000e4c                TIM3_IRQHandler
 .text.TIM4_IRQHandler
                0x0000000008000e60       0x14 Core/Src/stm32f7xx_it.o
                0x0000000008000e60                TIM4_IRQHandler
 .text.EXTI15_10_IRQHandler
                0x0000000008000e74       0x20 Core/Src/stm32f7xx_it.o
                0x0000000008000e74                EXTI15_10_IRQHandler
 .text.TIM5_IRQHandler
                0x0000000008000e94       0x14 Core/Src/stm32f7xx_it.o
                0x0000000008000e94                TIM5_IRQHandler
 .text.TIM6_DAC_IRQHandler
                0x0000000008000ea8       0x14 Core/Src/stm32f7xx_it.o
                0x0000000008000ea8                TIM6_DAC_IRQHandler
 .text.HAL_GPIO_EXTI_Callback
                0x0000000008000ebc       0x48 Core/Src/stm32f7xx_it.o
                0x0000000008000ebc                HAL_GPIO_EXTI_Callback
 .text.SystemInit
                0x0000000008000f04       0x6c Core/Src/system_stm32f7xx.o
                0x0000000008000f04                SystemInit
 .text.MX_TIM1_Init
                0x0000000008000f70       0xa4 Core/Src/tim.o
                0x0000000008000f70                MX_TIM1_Init
 .text.MX_TIM2_Init
                0x0000000008001014       0x98 Core/Src/tim.o
                0x0000000008001014                MX_TIM2_Init
 .text.MX_TIM3_Init
                0x00000000080010ac       0x9c Core/Src/tim.o
                0x00000000080010ac                MX_TIM3_Init
 .text.MX_TIM4_Init
                0x0000000008001148       0x9c Core/Src/tim.o
                0x0000000008001148                MX_TIM4_Init
 .text.MX_TIM5_Init
                0x00000000080011e4       0x9c Core/Src/tim.o
                0x00000000080011e4                MX_TIM5_Init
 .text.MX_TIM6_Init
                0x0000000008001280       0x6c Core/Src/tim.o
                0x0000000008001280                MX_TIM6_Init
 .text.HAL_TIM_Base_MspInit
                0x00000000080012ec      0x190 Core/Src/tim.o
                0x00000000080012ec                HAL_TIM_Base_MspInit
 .text.MX_USART3_UART_Init
                0x000000000800147c       0x60 Core/Src/usart.o
                0x000000000800147c                MX_USART3_UART_Init
 .text.HAL_UART_MspInit
                0x00000000080014dc       0x88 Core/Src/usart.o
                0x00000000080014dc                HAL_UART_MspInit
 .text.MX_USB_OTG_FS_PCD_Init
                0x0000000008001564       0x5c Core/Src/usb_otg.o
                0x0000000008001564                MX_USB_OTG_FS_PCD_Init
 .text.HAL_PCD_MspInit
                0x00000000080015c0       0xb8 Core/Src/usb_otg.o
                0x00000000080015c0                HAL_PCD_MspInit
 .text.Reset_Handler
                0x0000000008001678       0x50 Core/Startup/startup_stm32f746zgtx.o
                0x0000000008001678                Reset_Handler
 .text.Default_Handler
                0x00000000080016c8        0x2 Core/Startup/startup_stm32f746zgtx.o
                0x00000000080016c8                RTC_Alarm_IRQHandler
                0x00000000080016c8                EXTI2_IRQHandler
                0x00000000080016c8                TIM8_CC_IRQHandler
                0x00000000080016c8                UART8_IRQHandler
                0x00000000080016c8                SPI4_IRQHandler
                0x00000000080016c8                DMA2_Stream5_IRQHandler
                0x00000000080016c8                DMA1_Stream5_IRQHandler
                0x00000000080016c8                PVD_IRQHandler
                0x00000000080016c8                TAMP_STAMP_IRQHandler
                0x00000000080016c8                CAN2_RX1_IRQHandler
                0x00000000080016c8                EXTI3_IRQHandler
                0x00000000080016c8                TIM8_TRG_COM_TIM14_IRQHandler
                0x00000000080016c8                TIM8_UP_TIM13_IRQHandler
                0x00000000080016c8                I2C3_ER_IRQHandler
                0x00000000080016c8                EXTI0_IRQHandler
                0x00000000080016c8                I2C2_EV_IRQHandler
                0x00000000080016c8                DMA1_Stream2_IRQHandler
                0x00000000080016c8                CAN1_RX0_IRQHandler
                0x00000000080016c8                FPU_IRQHandler
                0x00000000080016c8                OTG_HS_WKUP_IRQHandler
                0x00000000080016c8                LTDC_ER_IRQHandler
                0x00000000080016c8                CAN2_SCE_IRQHandler
                0x00000000080016c8                DMA2_Stream2_IRQHandler
                0x00000000080016c8                SPI1_IRQHandler
                0x00000000080016c8                DCMI_IRQHandler
                0x00000000080016c8                CAN2_RX0_IRQHandler
                0x00000000080016c8                DMA2_Stream3_IRQHandler
                0x00000000080016c8                SAI2_IRQHandler
                0x00000000080016c8                USART6_IRQHandler
                0x00000000080016c8                USART3_IRQHandler
                0x00000000080016c8                CAN1_RX1_IRQHandler
                0x00000000080016c8                UART5_IRQHandler
                0x00000000080016c8                DMA2_Stream0_IRQHandler
                0x00000000080016c8                QUADSPI_IRQHandler
                0x00000000080016c8                I2C1_EV_IRQHandler
                0x00000000080016c8                DMA1_Stream6_IRQHandler
                0x00000000080016c8                DMA1_Stream1_IRQHandler
                0x00000000080016c8                UART4_IRQHandler
                0x00000000080016c8                RCC_IRQHandler
                0x00000000080016c8                TIM8_BRK_TIM12_IRQHandler
                0x00000000080016c8                Default_Handler
                0x00000000080016c8                CEC_IRQHandler
                0x00000000080016c8                ADC_IRQHandler
                0x00000000080016c8                DMA1_Stream7_IRQHandler
                0x00000000080016c8                SPI5_IRQHandler
                0x00000000080016c8                TIM7_IRQHandler
                0x00000000080016c8                SDMMC1_IRQHandler
                0x00000000080016c8                CAN2_TX_IRQHandler
                0x00000000080016c8                DMA2_Stream7_IRQHandler
                0x00000000080016c8                I2C3_EV_IRQHandler
                0x00000000080016c8                EXTI9_5_IRQHandler
                0x00000000080016c8                RTC_WKUP_IRQHandler
                0x00000000080016c8                LTDC_IRQHandler
                0x00000000080016c8                ETH_WKUP_IRQHandler
                0x00000000080016c8                SPDIF_RX_IRQHandler
                0x00000000080016c8                SPI2_IRQHandler
                0x00000000080016c8                OTG_HS_EP1_IN_IRQHandler
                0x00000000080016c8                DMA1_Stream0_IRQHandler
                0x00000000080016c8                CAN1_TX_IRQHandler
                0x00000000080016c8                EXTI4_IRQHandler
                0x00000000080016c8                RNG_IRQHandler
                0x00000000080016c8                ETH_IRQHandler
                0x00000000080016c8                OTG_HS_EP1_OUT_IRQHandler
                0x00000000080016c8                WWDG_IRQHandler
                0x00000000080016c8                SPI6_IRQHandler
                0x00000000080016c8                I2C4_EV_IRQHandler
                0x00000000080016c8                OTG_FS_WKUP_IRQHandler
                0x00000000080016c8                OTG_HS_IRQHandler
                0x00000000080016c8                DMA2D_IRQHandler
                0x00000000080016c8                EXTI1_IRQHandler
                0x00000000080016c8                UART7_IRQHandler
                0x00000000080016c8                USART2_IRQHandler
                0x00000000080016c8                I2C2_ER_IRQHandler
                0x00000000080016c8                DMA2_Stream1_IRQHandler
                0x00000000080016c8                CAN1_SCE_IRQHandler
                0x00000000080016c8                FLASH_IRQHandler
                0x00000000080016c8                DMA2_Stream4_IRQHandler
                0x00000000080016c8                USART1_IRQHandler
                0x00000000080016c8                OTG_FS_IRQHandler
                0x00000000080016c8                SPI3_IRQHandler
                0x00000000080016c8                DMA1_Stream4_IRQHandler
                0x00000000080016c8                I2C1_ER_IRQHandler
                0x00000000080016c8                FMC_IRQHandler
                0x00000000080016c8                LPTIM1_IRQHandler
                0x00000000080016c8                I2C4_ER_IRQHandler
                0x00000000080016c8                DMA2_Stream6_IRQHandler
                0x00000000080016c8                SAI1_IRQHandler
                0x00000000080016c8                DMA1_Stream3_IRQHandler
 .text.HAL_Init
                0x00000000080016ca       0x1a Drivers/STM32F7xx_HAL_Driver/Src/stm32f7xx_hal.o
                0x00000000080016ca                HAL_Init
 .text.HAL_InitTick
                0x00000000080016e4       0x60 Drivers/STM32F7xx_HAL_Driver/Src/stm32f7xx_hal.o
                0x00000000080016e4                HAL_InitTick
 .text.HAL_IncTick
                0x0000000008001744       0x28 Drivers/STM32F7xx_HAL_Driver/Src/stm32f7xx_hal.o
                0x0000000008001744                HAL_IncTick
 .text.HAL_GetTick
                0x000000000800176c       0x18 Drivers/STM32F7xx_HAL_Driver/Src/stm32f7xx_hal.o
                0x000000000800176c                HAL_GetTick
 .text.HAL_Delay
                0x0000000008001784       0x44 Drivers/STM32F7xx_HAL_Driver/Src/stm32f7xx_hal.o
                0x0000000008001784                HAL_Delay
 .text.__NVIC_SetPriorityGrouping
                0x00000000080017c8       0x48 Drivers/STM32F7xx_HAL_Driver/Src/stm32f7xx_hal_cortex.o
 .text.__NVIC_GetPriorityGrouping
                0x0000000008001810       0x1c Drivers/STM32F7xx_HAL_Driver/Src/stm32f7xx_hal_cortex.o
 .text.__NVIC_EnableIRQ
                0x000000000800182c       0x3c Drivers/STM32F7xx_HAL_Driver/Src/stm32f7xx_hal_cortex.o
 .text.__NVIC_SetPriority
                0x0000000008001868       0x54 Drivers/STM32F7xx_HAL_Driver/Src/stm32f7xx_hal_cortex.o
 .text.NVIC_EncodePriority
                0x00000000080018bc       0x66 Drivers/STM32F7xx_HAL_Driver/Src/stm32f7xx_hal_cortex.o
 *fill*         0x0000000008001922        0x2 
 .text.SysTick_Config
                0x0000000008001924       0x44 Drivers/STM32F7xx_HAL_Driver/Src/stm32f7xx_hal_cortex.o
 .text.HAL_NVIC_SetPriorityGrouping
                0x0000000008001968       0x16 Drivers/STM32F7xx_HAL_Driver/Src/stm32f7xx_hal_cortex.o
                0x0000000008001968                HAL_NVIC_SetPriorityGrouping
 .text.HAL_NVIC_SetPriority
                0x000000000800197e       0x38 Drivers/STM32F7xx_HAL_Driver/Src/stm32f7xx_hal_cortex.o
                0x000000000800197e                HAL_NVIC_SetPriority
 .text.HAL_NVIC_EnableIRQ
                0x00000000080019b6       0x1c Drivers/STM32F7xx_HAL_Driver/Src/stm32f7xx_hal_cortex.o
                0x00000000080019b6                HAL_NVIC_EnableIRQ
 .text.HAL_SYSTICK_Config
                0x00000000080019d2       0x18 Drivers/STM32F7xx_HAL_Driver/Src/stm32f7xx_hal_cortex.o
                0x00000000080019d2                HAL_SYSTICK_Config
 *fill*         0x00000000080019ea        0x2 
 .text.HAL_ETH_Init
                0x00000000080019ec      0x338 Drivers/STM32F7xx_HAL_Driver/Src/stm32f7xx_hal_eth.o
                0x00000000080019ec                HAL_ETH_Init
 .text.HAL_ETH_ReadPHYRegister
                0x0000000008001d24       0xd0 Drivers/STM32F7xx_HAL_Driver/Src/stm32f7xx_hal_eth.o
                0x0000000008001d24                HAL_ETH_ReadPHYRegister
 .text.HAL_ETH_WritePHYRegister
                0x0000000008001df4       0xcc Drivers/STM32F7xx_HAL_Driver/Src/stm32f7xx_hal_eth.o
                0x0000000008001df4                HAL_ETH_WritePHYRegister
 .text.ETH_MACDMAConfig
                0x0000000008001ec0      0x394 Drivers/STM32F7xx_HAL_Driver/Src/stm32f7xx_hal_eth.o
 .text.ETH_MACAddressConfig
                0x0000000008002254       0x70 Drivers/STM32F7xx_HAL_Driver/Src/stm32f7xx_hal_eth.o
 .text.HAL_GPIO_Init
                0x00000000080022c4      0x354 Drivers/STM32F7xx_HAL_Driver/Src/stm32f7xx_hal_gpio.o
                0x00000000080022c4                HAL_GPIO_Init
 .text.HAL_GPIO_ReadPin
                0x0000000008002618       0x30 Drivers/STM32F7xx_HAL_Driver/Src/stm32f7xx_hal_gpio.o
                0x0000000008002618                HAL_GPIO_ReadPin
 .text.HAL_GPIO_WritePin
                0x0000000008002648       0x32 Drivers/STM32F7xx_HAL_Driver/Src/stm32f7xx_hal_gpio.o
                0x0000000008002648                HAL_GPIO_WritePin
 *fill*         0x000000000800267a        0x2 
 .text.HAL_GPIO_EXTI_IRQHandler
                0x000000000800267c       0x30 Drivers/STM32F7xx_HAL_Driver/Src/stm32f7xx_hal_gpio.o
                0x000000000800267c                HAL_GPIO_EXTI_IRQHandler
 .text.HAL_PCD_Init
                0x00000000080026ac      0x230 Drivers/STM32F7xx_HAL_Driver/Src/stm32f7xx_hal_pcd.o
                0x00000000080026ac                HAL_PCD_Init
 .text.HAL_PCDEx_ActivateLPM
                0x00000000080028dc       0x48 Drivers/STM32F7xx_HAL_Driver/Src/stm32f7xx_hal_pcd_ex.o
                0x00000000080028dc                HAL_PCDEx_ActivateLPM
 .text.HAL_PWREx_EnableOverDrive
                0x0000000008002924       0xa0 Drivers/STM32F7xx_HAL_Driver/Src/stm32f7xx_hal_pwr_ex.o
                0x0000000008002924                HAL_PWREx_EnableOverDrive
 .text.HAL_RCC_OscConfig
                0x00000000080029c4      0x4e0 Drivers/STM32F7xx_HAL_Driver/Src/stm32f7xx_hal_rcc.o
                0x00000000080029c4                HAL_RCC_OscConfig
 .text.HAL_RCC_ClockConfig
                0x0000000008002ea4      0x1d0 Drivers/STM32F7xx_HAL_Driver/Src/stm32f7xx_hal_rcc.o
                0x0000000008002ea4                HAL_RCC_ClockConfig
 .text.HAL_RCC_GetSysClockFreq
                0x0000000008003074      0x1b0 Drivers/STM32F7xx_HAL_Driver/Src/stm32f7xx_hal_rcc.o
                0x0000000008003074                HAL_RCC_GetSysClockFreq
 .text.HAL_RCC_GetHCLKFreq
                0x0000000008003224       0x18 Drivers/STM32F7xx_HAL_Driver/Src/stm32f7xx_hal_rcc.o
                0x0000000008003224                HAL_RCC_GetHCLKFreq
 .text.HAL_RCC_GetPCLK1Freq
                0x000000000800323c       0x28 Drivers/STM32F7xx_HAL_Driver/Src/stm32f7xx_hal_rcc.o
                0x000000000800323c                HAL_RCC_GetPCLK1Freq
 .text.HAL_RCC_GetPCLK2Freq
                0x0000000008003264       0x28 Drivers/STM32F7xx_HAL_Driver/Src/stm32f7xx_hal_rcc.o
                0x0000000008003264                HAL_RCC_GetPCLK2Freq
 .text.HAL_RCCEx_PeriphCLKConfig
                0x000000000800328c      0x7dc Drivers/STM32F7xx_HAL_Driver/Src/stm32f7xx_hal_rcc_ex.o
                0x000000000800328c                HAL_RCCEx_PeriphCLKConfig
 .text.HAL_TIM_Base_Init
                0x0000000008003a68       0x56 Drivers/STM32F7xx_HAL_Driver/Src/stm32f7xx_hal_tim.o
                0x0000000008003a68                HAL_TIM_Base_Init
 .text.HAL_TIM_IRQHandler
                0x0000000008003abe      0x23e Drivers/STM32F7xx_HAL_Driver/Src/stm32f7xx_hal_tim.o
                0x0000000008003abe                HAL_TIM_IRQHandler
 .text.HAL_TIM_ConfigClockSource
                0x0000000008003cfc      0x174 Drivers/STM32F7xx_HAL_Driver/Src/stm32f7xx_hal_tim.o
                0x0000000008003cfc                HAL_TIM_ConfigClockSource
 .text.HAL_TIM_OC_DelayElapsedCallback
                0x0000000008003e70       0x14 Drivers/STM32F7xx_HAL_Driver/Src/stm32f7xx_hal_tim.o
                0x0000000008003e70                HAL_TIM_OC_DelayElapsedCallback
 .text.HAL_TIM_IC_CaptureCallback
                0x0000000008003e84       0x14 Drivers/STM32F7xx_HAL_Driver/Src/stm32f7xx_hal_tim.o
                0x0000000008003e84                HAL_TIM_IC_CaptureCallback
 .text.HAL_TIM_PWM_PulseFinishedCallback
                0x0000000008003e98       0x14 Drivers/STM32F7xx_HAL_Driver/Src/stm32f7xx_hal_tim.o
                0x0000000008003e98                HAL_TIM_PWM_PulseFinishedCallback
 .text.HAL_TIM_TriggerCallback
                0x0000000008003eac       0x14 Drivers/STM32F7xx_HAL_Driver/Src/stm32f7xx_hal_tim.o
                0x0000000008003eac                HAL_TIM_TriggerCallback
 .text.TIM_Base_SetConfig
                0x0000000008003ec0      0x140 Drivers/STM32F7xx_HAL_Driver/Src/stm32f7xx_hal_tim.o
                0x0000000008003ec0                TIM_Base_SetConfig
 .text.TIM_TI1_ConfigInputStage
                0x0000000008004000       0x5e Drivers/STM32F7xx_HAL_Driver/Src/stm32f7xx_hal_tim.o
 .text.TIM_TI2_ConfigInputStage
                0x000000000800405e       0x60 Drivers/STM32F7xx_HAL_Driver/Src/stm32f7xx_hal_tim.o
 .text.TIM_ITRx_SetConfig
                0x00000000080040be       0x36 Drivers/STM32F7xx_HAL_Driver/Src/stm32f7xx_hal_tim.o
 .text.TIM_ETR_SetConfig
                0x00000000080040f4       0x40 Drivers/STM32F7xx_HAL_Driver/Src/stm32f7xx_hal_tim.o
                0x00000000080040f4                TIM_ETR_SetConfig
 .text.HAL_TIMEx_MasterConfigSynchronization
                0x0000000008004134       0xb8 Drivers/STM32F7xx_HAL_Driver/Src/stm32f7xx_hal_tim_ex.o
                0x0000000008004134                HAL_TIMEx_MasterConfigSynchronization
 .text.HAL_TIMEx_CommutCallback
                0x00000000080041ec       0x14 Drivers/STM32F7xx_HAL_Driver/Src/stm32f7xx_hal_tim_ex.o
                0x00000000080041ec                HAL_TIMEx_CommutCallback
 .text.HAL_TIMEx_BreakCallback
                0x0000000008004200       0x14 Drivers/STM32F7xx_HAL_Driver/Src/stm32f7xx_hal_tim_ex.o
                0x0000000008004200                HAL_TIMEx_BreakCallback
 .text.HAL_TIMEx_Break2Callback
                0x0000000008004214       0x14 Drivers/STM32F7xx_HAL_Driver/Src/stm32f7xx_hal_tim_ex.o
                0x0000000008004214                HAL_TIMEx_Break2Callback
 .text.HAL_UART_Init
                0x0000000008004228       0x9c Drivers/STM32F7xx_HAL_Driver/Src/stm32f7xx_hal_uart.o
                0x0000000008004228                HAL_UART_Init
 .text.UART_SetConfig
                0x00000000080042c4      0x548 Drivers/STM32F7xx_HAL_Driver/Src/stm32f7xx_hal_uart.o
                0x00000000080042c4                UART_SetConfig
 .text.UART_AdvFeatureConfig
                0x000000000800480c      0x144 Drivers/STM32F7xx_HAL_Driver/Src/stm32f7xx_hal_uart.o
                0x000000000800480c                UART_AdvFeatureConfig
 .text.UART_CheckIdleState
                0x0000000008004950       0x5e Drivers/STM32F7xx_HAL_Driver/Src/stm32f7xx_hal_uart.o
                0x0000000008004950                UART_CheckIdleState
 .text.UART_WaitOnFlagUntilTimeout
                0x00000000080049ae       0x90 Drivers/STM32F7xx_HAL_Driver/Src/stm32f7xx_hal_uart.o
                0x00000000080049ae                UART_WaitOnFlagUntilTimeout
 *fill*         0x0000000008004a3e        0x2 
 .text.USB_CoreInit
                0x0000000008004a40       0xb0 Drivers/STM32F7xx_HAL_Driver/Src/stm32f7xx_ll_usb.o
                0x0000000008004a40                USB_CoreInit
 .text.USB_DisableGlobalInt
                0x0000000008004af0       0x22 Drivers/STM32F7xx_HAL_Driver/Src/stm32f7xx_ll_usb.o
                0x0000000008004af0                USB_DisableGlobalInt
 .text.USB_SetCurrentMode
                0x0000000008004b12       0x54 Drivers/STM32F7xx_HAL_Driver/Src/stm32f7xx_ll_usb.o
                0x0000000008004b12                USB_SetCurrentMode
 *fill*         0x0000000008004b66        0x2 
 .text.USB_DevInit
                0x0000000008004b68      0x2f8 Drivers/STM32F7xx_HAL_Driver/Src/stm32f7xx_ll_usb.o
                0x0000000008004b68                USB_DevInit
 .text.USB_FlushTxFifo
                0x0000000008004e60       0x4c Drivers/STM32F7xx_HAL_Driver/Src/stm32f7xx_ll_usb.o
                0x0000000008004e60                USB_FlushTxFifo
 .text.USB_FlushRxFifo
                0x0000000008004eac       0x44 Drivers/STM32F7xx_HAL_Driver/Src/stm32f7xx_ll_usb.o
                0x0000000008004eac                USB_FlushRxFifo
 .text.USB_SetDevSpeed
                0x0000000008004ef0       0x32 Drivers/STM32F7xx_HAL_Driver/Src/stm32f7xx_ll_usb.o
                0x0000000008004ef0                USB_SetDevSpeed
 .text.USB_DevDisconnect
                0x0000000008004f22       0x30 Drivers/STM32F7xx_HAL_Driver/Src/stm32f7xx_ll_usb.o
                0x0000000008004f22                USB_DevDisconnect
 *fill*         0x0000000008004f52        0x2 
 .text.USB_CoreReset
                0x0000000008004f54       0x68 Drivers/STM32F7xx_HAL_Driver/Src/stm32f7xx_ll_usb.o
 .text.__libc_init_array
                0x0000000008004fbc       0x48 c:/st/stm32cubeide_1.1.0/stm32cubeide/plugins/com.st.stm32cube.ide.mcu.externaltools.gnu-tools-for-stm32.7-2018-q2-update.win32_1.0.0.201904181610/tools/bin/../lib/gcc/arm-none-eabi/7.3.1/../../../../arm-none-eabi/lib/thumb/v7e-m/fpv4-sp/hard\libc_nano.a(lib_a-init.o)
                0x0000000008004fbc                __libc_init_array
 .text.memset   0x0000000008005004       0x10 c:/st/stm32cubeide_1.1.0/stm32cubeide/plugins/com.st.stm32cube.ide.mcu.externaltools.gnu-tools-for-stm32.7-2018-q2-update.win32_1.0.0.201904181610/tools/bin/../lib/gcc/arm-none-eabi/7.3.1/../../../../arm-none-eabi/lib/thumb/v7e-m/fpv4-sp/hard\libc_nano.a(lib_a-memset.o)
                0x0000000008005004                memset
 *(.glue_7)
 .glue_7        0x0000000008005014        0x0 linker stubs
 *(.glue_7t)
 .glue_7t       0x0000000008005014        0x0 linker stubs
 *(.eh_frame)
 .eh_frame      0x0000000008005014        0x0 c:/st/stm32cubeide_1.1.0/stm32cubeide/plugins/com.st.stm32cube.ide.mcu.externaltools.gnu-tools-for-stm32.7-2018-q2-update.win32_1.0.0.201904181610/tools/bin/../lib/gcc/arm-none-eabi/7.3.1/thumb/v7e-m/fpv4-sp/hard/crtbegin.o
 *(.init)
 .init          0x0000000008005014        0x4 c:/st/stm32cubeide_1.1.0/stm32cubeide/plugins/com.st.stm32cube.ide.mcu.externaltools.gnu-tools-for-stm32.7-2018-q2-update.win32_1.0.0.201904181610/tools/bin/../lib/gcc/arm-none-eabi/7.3.1/thumb/v7e-m/fpv4-sp/hard/crti.o
                0x0000000008005014                _init
 .init          0x0000000008005018        0x8 c:/st/stm32cubeide_1.1.0/stm32cubeide/plugins/com.st.stm32cube.ide.mcu.externaltools.gnu-tools-for-stm32.7-2018-q2-update.win32_1.0.0.201904181610/tools/bin/../lib/gcc/arm-none-eabi/7.3.1/thumb/v7e-m/fpv4-sp/hard/crtn.o
 *(.fini)
 .fini          0x0000000008005020        0x4 c:/st/stm32cubeide_1.1.0/stm32cubeide/plugins/com.st.stm32cube.ide.mcu.externaltools.gnu-tools-for-stm32.7-2018-q2-update.win32_1.0.0.201904181610/tools/bin/../lib/gcc/arm-none-eabi/7.3.1/thumb/v7e-m/fpv4-sp/hard/crti.o
                0x0000000008005020                _fini
 .fini          0x0000000008005024        0x8 c:/st/stm32cubeide_1.1.0/stm32cubeide/plugins/com.st.stm32cube.ide.mcu.externaltools.gnu-tools-for-stm32.7-2018-q2-update.win32_1.0.0.201904181610/tools/bin/../lib/gcc/arm-none-eabi/7.3.1/thumb/v7e-m/fpv4-sp/hard/crtn.o
                0x000000000800502c                . = ALIGN (0x4)
                0x000000000800502c                _etext = .

.vfp11_veneer   0x000000000800502c        0x0
 .vfp11_veneer  0x000000000800502c        0x0 linker stubs

.v4_bx          0x000000000800502c        0x0
 .v4_bx         0x000000000800502c        0x0 linker stubs

.iplt           0x000000000800502c        0x0
 .iplt          0x000000000800502c        0x0 c:/st/stm32cubeide_1.1.0/stm32cubeide/plugins/com.st.stm32cube.ide.mcu.externaltools.gnu-tools-for-stm32.7-2018-q2-update.win32_1.0.0.201904181610/tools/bin/../lib/gcc/arm-none-eabi/7.3.1/thumb/v7e-m/fpv4-sp/hard/crtbegin.o

.rodata         0x000000000800502c       0x18
                0x000000000800502c                . = ALIGN (0x4)
 *(.rodata)
 *(.rodata*)
 .rodata.AHBPrescTable
                0x000000000800502c       0x10 Core/Src/system_stm32f7xx.o
                0x000000000800502c                AHBPrescTable
 .rodata.APBPrescTable
                0x000000000800503c        0x8 Core/Src/system_stm32f7xx.o
                0x000000000800503c                APBPrescTable
                0x0000000008005044                . = ALIGN (0x4)

.ARM.extab      0x0000000008005044        0x0
                0x0000000008005044                . = ALIGN (0x4)
 *(.ARM.extab* .gnu.linkonce.armextab.*)
                0x0000000008005044                . = ALIGN (0x4)

.ARM            0x0000000008005044        0x8
                0x0000000008005044                . = ALIGN (0x4)
                0x0000000008005044                __exidx_start = .
 *(.ARM.exidx*)
 .ARM.exidx     0x0000000008005044        0x8 c:/st/stm32cubeide_1.1.0/stm32cubeide/plugins/com.st.stm32cube.ide.mcu.externaltools.gnu-tools-for-stm32.7-2018-q2-update.win32_1.0.0.201904181610/tools/bin/../lib/gcc/arm-none-eabi/7.3.1/thumb/v7e-m/fpv4-sp/hard\libgcc.a(_udivmoddi4.o)
                0x000000000800504c                __exidx_end = .
                0x000000000800504c                . = ALIGN (0x4)

.rel.dyn        0x000000000800504c        0x0
 .rel.iplt      0x000000000800504c        0x0 c:/st/stm32cubeide_1.1.0/stm32cubeide/plugins/com.st.stm32cube.ide.mcu.externaltools.gnu-tools-for-stm32.7-2018-q2-update.win32_1.0.0.201904181610/tools/bin/../lib/gcc/arm-none-eabi/7.3.1/thumb/v7e-m/fpv4-sp/hard/crtbegin.o

.preinit_array  0x000000000800504c        0x0
                0x000000000800504c                . = ALIGN (0x4)
                0x000000000800504c                PROVIDE (__preinit_array_start = .)
 *(.preinit_array*)
                0x000000000800504c                PROVIDE (__preinit_array_end = .)
                0x000000000800504c                . = ALIGN (0x4)

.init_array     0x000000000800504c        0x4
                0x000000000800504c                . = ALIGN (0x4)
                0x000000000800504c                PROVIDE (__init_array_start = .)
 *(SORT_BY_NAME(.init_array.*))
 *(.init_array*)
 .init_array    0x000000000800504c        0x4 c:/st/stm32cubeide_1.1.0/stm32cubeide/plugins/com.st.stm32cube.ide.mcu.externaltools.gnu-tools-for-stm32.7-2018-q2-update.win32_1.0.0.201904181610/tools/bin/../lib/gcc/arm-none-eabi/7.3.1/thumb/v7e-m/fpv4-sp/hard/crtbegin.o
                0x0000000008005050                PROVIDE (__init_array_end = .)
                0x0000000008005050                . = ALIGN (0x4)

.fini_array     0x0000000008005050        0x4
                0x0000000008005050                . = ALIGN (0x4)
                [!provide]                        PROVIDE (__fini_array_start = .)
 *(SORT_BY_NAME(.fini_array.*))
 *(.fini_array*)
 .fini_array    0x0000000008005050        0x4 c:/st/stm32cubeide_1.1.0/stm32cubeide/plugins/com.st.stm32cube.ide.mcu.externaltools.gnu-tools-for-stm32.7-2018-q2-update.win32_1.0.0.201904181610/tools/bin/../lib/gcc/arm-none-eabi/7.3.1/thumb/v7e-m/fpv4-sp/hard/crtbegin.o
                [!provide]                        PROVIDE (__fini_array_end = .)
                0x0000000008005054                . = ALIGN (0x4)
                0x0000000008005054                _sidata = LOADADDR (.data)

.data           0x0000000020000000       0x10 load address 0x0000000008005054
                0x0000000020000000                . = ALIGN (0x4)
                0x0000000020000000                _sdata = .
 *(.data)
 *(.data*)
 .data.Machine_Mode
                0x0000000020000000        0x1 Core/Src/main.o
                0x0000000020000000                Machine_Mode
 *fill*         0x0000000020000001        0x3 
 .data.SystemCoreClock
                0x0000000020000004        0x4 Core/Src/system_stm32f7xx.o
                0x0000000020000004                SystemCoreClock
 .data.uwTickPrio
                0x0000000020000008        0x4 Drivers/STM32F7xx_HAL_Driver/Src/stm32f7xx_hal.o
                0x0000000020000008                uwTickPrio
 .data.uwTickFreq
                0x000000002000000c        0x1 Drivers/STM32F7xx_HAL_Driver/Src/stm32f7xx_hal.o
                0x000000002000000c                uwTickFreq
                0x0000000020000010                . = ALIGN (0x4)
 *fill*         0x000000002000000d        0x3 
                0x0000000020000010                _edata = .

.igot.plt       0x0000000020000010        0x0 load address 0x0000000008005064
 .igot.plt      0x0000000020000010        0x0 c:/st/stm32cubeide_1.1.0/stm32cubeide/plugins/com.st.stm32cube.ide.mcu.externaltools.gnu-tools-for-stm32.7-2018-q2-update.win32_1.0.0.201904181610/tools/bin/../lib/gcc/arm-none-eabi/7.3.1/thumb/v7e-m/fpv4-sp/hard/crtbegin.o
                0x0000000020000010                . = ALIGN (0x4)

.bss            0x0000000020000010      0x690 load address 0x0000000008005064
                0x0000000020000010                _sbss = .
                0x0000000020000010                __bss_start__ = _sbss
 *(.bss)
 .bss           0x0000000020000010       0x1c c:/st/stm32cubeide_1.1.0/stm32cubeide/plugins/com.st.stm32cube.ide.mcu.externaltools.gnu-tools-for-stm32.7-2018-q2-update.win32_1.0.0.201904181610/tools/bin/../lib/gcc/arm-none-eabi/7.3.1/thumb/v7e-m/fpv4-sp/hard/crtbegin.o
 *(.bss*)
 .bss.Step_A1   0x000000002000002c        0x1 Core/Src/Automatic_Mode.o
                0x000000002000002c                Step_A1
 .bss.Step_B1   0x000000002000002d        0x1 Core/Src/Automatic_Mode.o
                0x000000002000002d                Step_B1
 .bss.Step_C1   0x000000002000002e        0x1 Core/Src/Automatic_Mode.o
                0x000000002000002e                Step_C1
 .bss.Step_D1   0x000000002000002f        0x1 Core/Src/Automatic_Mode.o
                0x000000002000002f                Step_D1
 .bss.Step_E1   0x0000000020000030        0x1 Core/Src/Automatic_Mode.o
                0x0000000020000030                Step_E1
 .bss.Step_F1   0x0000000020000031        0x1 Core/Src/Automatic_Mode.o
                0x0000000020000031                Step_F1
 .bss.Step_A2   0x0000000020000032        0x1 Core/Src/Automatic_Mode.o
                0x0000000020000032                Step_A2
 .bss.Step_B2   0x0000000020000033        0x1 Core/Src/Automatic_Mode.o
                0x0000000020000033                Step_B2
 .bss.Step_C2   0x0000000020000034        0x1 Core/Src/Automatic_Mode.o
                0x0000000020000034                Step_C2
 .bss.Step_D2   0x0000000020000035        0x1 Core/Src/Automatic_Mode.o
                0x0000000020000035                Step_D2
 .bss.Step_E2   0x0000000020000036        0x1 Core/Src/Automatic_Mode.o
                0x0000000020000036                Step_E2
 .bss.Step_F2   0x0000000020000037        0x1 Core/Src/Automatic_Mode.o
                0x0000000020000037                Step_F2
 .bss.Step_A3   0x0000000020000038        0x1 Core/Src/Automatic_Mode.o
                0x0000000020000038                Step_A3
 .bss.Step_B3   0x0000000020000039        0x1 Core/Src/Automatic_Mode.o
                0x0000000020000039                Step_B3
 .bss.Step_C3   0x000000002000003a        0x1 Core/Src/Automatic_Mode.o
                0x000000002000003a                Step_C3
 .bss.Step_D3   0x000000002000003b        0x1 Core/Src/Automatic_Mode.o
                0x000000002000003b                Step_D3
 .bss.Step_E3   0x000000002000003c        0x1 Core/Src/Automatic_Mode.o
                0x000000002000003c                Step_E3
 .bss.Step_F3   0x000000002000003d        0x1 Core/Src/Automatic_Mode.o
                0x000000002000003d                Step_F3
 .bss.Step_A4   0x000000002000003e        0x1 Core/Src/Automatic_Mode.o
                0x000000002000003e                Step_A4
 .bss.Step_B4   0x000000002000003f        0x1 Core/Src/Automatic_Mode.o
                0x000000002000003f                Step_B4
 .bss.Step_C4   0x0000000020000040        0x1 Core/Src/Automatic_Mode.o
                0x0000000020000040                Step_C4
 .bss.Step_D4   0x0000000020000041        0x1 Core/Src/Automatic_Mode.o
                0x0000000020000041                Step_D4
 .bss.Step_E4   0x0000000020000042        0x1 Core/Src/Automatic_Mode.o
                0x0000000020000042                Step_E4
 .bss.Step_F4   0x0000000020000043        0x1 Core/Src/Automatic_Mode.o
                0x0000000020000043                Step_F4
 .bss.Step_A5   0x0000000020000044        0x1 Core/Src/Automatic_Mode.o
                0x0000000020000044                Step_A5
 .bss.Step_B5   0x0000000020000045        0x1 Core/Src/Automatic_Mode.o
                0x0000000020000045                Step_B5
 .bss.Step_C5   0x0000000020000046        0x1 Core/Src/Automatic_Mode.o
                0x0000000020000046                Step_C5
 .bss.Step_D5   0x0000000020000047        0x1 Core/Src/Automatic_Mode.o
                0x0000000020000047                Step_D5
 .bss.Step_E5   0x0000000020000048        0x1 Core/Src/Automatic_Mode.o
                0x0000000020000048                Step_E5
 .bss.Step_F5   0x0000000020000049        0x1 Core/Src/Automatic_Mode.o
                0x0000000020000049                Step_F5
 .bss.Step_A6   0x000000002000004a        0x1 Core/Src/Automatic_Mode.o
                0x000000002000004a                Step_A6
 .bss.Step_B6   0x000000002000004b        0x1 Core/Src/Automatic_Mode.o
                0x000000002000004b                Step_B6
 .bss.Step_C6   0x000000002000004c        0x1 Core/Src/Automatic_Mode.o
                0x000000002000004c                Step_C6
 .bss.Step_D6   0x000000002000004d        0x1 Core/Src/Automatic_Mode.o
                0x000000002000004d                Step_D6
 .bss.Step_E6   0x000000002000004e        0x1 Core/Src/Automatic_Mode.o
                0x000000002000004e                Step_E6
 .bss.Step_F6   0x000000002000004f        0x1 Core/Src/Automatic_Mode.o
                0x000000002000004f                Step_F6
 *(COMMON)
 COMMON         0x0000000020000050       0x48 Core/Src/eth.o
                0x0000000020000050                heth
 COMMON         0x0000000020000098      0x180 Core/Src/tim.o
                0x0000000020000098                htim4
                0x00000000200000d8                htim5
                0x0000000020000118                htim3
                0x0000000020000158                htim6
                0x0000000020000198                htim1
                0x00000000200001d8                htim2
 COMMON         0x0000000020000218       0x80 Core/Src/usart.o
                0x0000000020000218                huart3
 COMMON         0x0000000020000298      0x404 Core/Src/usb_otg.o
                0x0000000020000298                hpcd_USB_OTG_FS
 COMMON         0x000000002000069c        0x4 Drivers/STM32F7xx_HAL_Driver/Src/stm32f7xx_hal.o
                0x000000002000069c                uwTick
                0x00000000200006a0                . = ALIGN (0x4)
                0x00000000200006a0                _ebss = .
                0x00000000200006a0                __bss_end__ = _ebss

._user_heap_stack
                0x00000000200006a0      0x600 load address 0x0000000008005064
                0x00000000200006a0                . = ALIGN (0x8)
                0x00000000200006a0                PROVIDE (end = .)
                [!provide]                        PROVIDE (_end = .)
                0x00000000200008a0                . = (. + _Min_Heap_Size)
 *fill*         0x00000000200006a0      0x200 
                0x0000000020000ca0                . = (. + _Min_Stack_Size)
 *fill*         0x00000000200008a0      0x400 
                0x0000000020000ca0                . = ALIGN (0x8)

/DISCARD/
 libc.a(*)
 libm.a(*)
 libgcc.a(*)

.ARM.attributes
                0x0000000000000000       0x30
 *(.ARM.attributes)
 .ARM.attributes
                0x0000000000000000       0x22 c:/st/stm32cubeide_1.1.0/stm32cubeide/plugins/com.st.stm32cube.ide.mcu.externaltools.gnu-tools-for-stm32.7-2018-q2-update.win32_1.0.0.201904181610/tools/bin/../lib/gcc/arm-none-eabi/7.3.1/thumb/v7e-m/fpv4-sp/hard/crti.o
 .ARM.attributes
                0x0000000000000022       0x34 c:/st/stm32cubeide_1.1.0/stm32cubeide/plugins/com.st.stm32cube.ide.mcu.externaltools.gnu-tools-for-stm32.7-2018-q2-update.win32_1.0.0.201904181610/tools/bin/../lib/gcc/arm-none-eabi/7.3.1/thumb/v7e-m/fpv4-sp/hard/crtbegin.o
 .ARM.attributes
                0x0000000000000056       0x39 Core/Src/Automatic_Mode.o
 .ARM.attributes
                0x000000000000008f       0x39 Core/Src/eth.o
 .ARM.attributes
                0x00000000000000c8       0x39 Core/Src/gpio.o
 .ARM.attributes
                0x0000000000000101       0x39 Core/Src/main.o
 .ARM.attributes
                0x000000000000013a       0x39 Core/Src/stm32f7xx_hal_msp.o
 .ARM.attributes
                0x0000000000000173       0x39 Core/Src/stm32f7xx_it.o
 .ARM.attributes
                0x00000000000001ac       0x39 Core/Src/system_stm32f7xx.o
 .ARM.attributes
                0x00000000000001e5       0x39 Core/Src/tim.o
 .ARM.attributes
                0x000000000000021e       0x39 Core/Src/usart.o
 .ARM.attributes
                0x0000000000000257       0x39 Core/Src/usb_otg.o
 .ARM.attributes
                0x0000000000000290       0x21 Core/Startup/startup_stm32f746zgtx.o
 .ARM.attributes
                0x00000000000002b1       0x39 Drivers/STM32F7xx_HAL_Driver/Src/stm32f7xx_hal.o
 .ARM.attributes
                0x00000000000002ea       0x39 Drivers/STM32F7xx_HAL_Driver/Src/stm32f7xx_hal_cortex.o
 .ARM.attributes
                0x0000000000000323       0x39 Drivers/STM32F7xx_HAL_Driver/Src/stm32f7xx_hal_eth.o
 .ARM.attributes
                0x000000000000035c       0x39 Drivers/STM32F7xx_HAL_Driver/Src/stm32f7xx_hal_gpio.o
 .ARM.attributes
                0x0000000000000395       0x39 Drivers/STM32F7xx_HAL_Driver/Src/stm32f7xx_hal_pcd.o
 .ARM.attributes
                0x00000000000003ce       0x39 Drivers/STM32F7xx_HAL_Driver/Src/stm32f7xx_hal_pcd_ex.o
 .ARM.attributes
                0x0000000000000407       0x39 Drivers/STM32F7xx_HAL_Driver/Src/stm32f7xx_hal_pwr_ex.o
 .ARM.attributes
                0x0000000000000440       0x39 Drivers/STM32F7xx_HAL_Driver/Src/stm32f7xx_hal_rcc.o
 .ARM.attributes
                0x0000000000000479       0x39 Drivers/STM32F7xx_HAL_Driver/Src/stm32f7xx_hal_rcc_ex.o
 .ARM.attributes
                0x00000000000004b2       0x39 Drivers/STM32F7xx_HAL_Driver/Src/stm32f7xx_hal_tim.o
 .ARM.attributes
                0x00000000000004eb       0x39 Drivers/STM32F7xx_HAL_Driver/Src/stm32f7xx_hal_tim_ex.o
 .ARM.attributes
                0x0000000000000524       0x39 Drivers/STM32F7xx_HAL_Driver/Src/stm32f7xx_hal_uart.o
 .ARM.attributes
                0x000000000000055d       0x39 Drivers/STM32F7xx_HAL_Driver/Src/stm32f7xx_ll_usb.o
 .ARM.attributes
                0x0000000000000596       0x34 c:/st/stm32cubeide_1.1.0/stm32cubeide/plugins/com.st.stm32cube.ide.mcu.externaltools.gnu-tools-for-stm32.7-2018-q2-update.win32_1.0.0.201904181610/tools/bin/../lib/gcc/arm-none-eabi/7.3.1/../../../../arm-none-eabi/lib/thumb/v7e-m/fpv4-sp/hard\libc_nano.a(lib_a-init.o)
 .ARM.attributes
                0x00000000000005ca       0x34 c:/st/stm32cubeide_1.1.0/stm32cubeide/plugins/com.st.stm32cube.ide.mcu.externaltools.gnu-tools-for-stm32.7-2018-q2-update.win32_1.0.0.201904181610/tools/bin/../lib/gcc/arm-none-eabi/7.3.1/../../../../arm-none-eabi/lib/thumb/v7e-m/fpv4-sp/hard\libc_nano.a(lib_a-memset.o)
 .ARM.attributes
                0x00000000000005fe       0x22 c:/st/stm32cubeide_1.1.0/stm32cubeide/plugins/com.st.stm32cube.ide.mcu.externaltools.gnu-tools-for-stm32.7-2018-q2-update.win32_1.0.0.201904181610/tools/bin/../lib/gcc/arm-none-eabi/7.3.1/thumb/v7e-m/fpv4-sp/hard\libgcc.a(_aeabi_uldivmod.o)
 .ARM.attributes
                0x0000000000000620       0x34 c:/st/stm32cubeide_1.1.0/stm32cubeide/plugins/com.st.stm32cube.ide.mcu.externaltools.gnu-tools-for-stm32.7-2018-q2-update.win32_1.0.0.201904181610/tools/bin/../lib/gcc/arm-none-eabi/7.3.1/thumb/v7e-m/fpv4-sp/hard\libgcc.a(_udivmoddi4.o)
 .ARM.attributes
                0x0000000000000654       0x22 c:/st/stm32cubeide_1.1.0/stm32cubeide/plugins/com.st.stm32cube.ide.mcu.externaltools.gnu-tools-for-stm32.7-2018-q2-update.win32_1.0.0.201904181610/tools/bin/../lib/gcc/arm-none-eabi/7.3.1/thumb/v7e-m/fpv4-sp/hard\libgcc.a(_dvmd_tls.o)
 .ARM.attributes
                0x0000000000000676       0x22 c:/st/stm32cubeide_1.1.0/stm32cubeide/plugins/com.st.stm32cube.ide.mcu.externaltools.gnu-tools-for-stm32.7-2018-q2-update.win32_1.0.0.201904181610/tools/bin/../lib/gcc/arm-none-eabi/7.3.1/thumb/v7e-m/fpv4-sp/hard/crtn.o
OUTPUT(Automation.elf elf32-littlearm)

.debug_info     0x0000000000000000    0x14124
 .debug_info    0x0000000000000000      0xb1c Core/Src/Automatic_Mode.o
 .debug_info    0x0000000000000b1c      0xc3a Core/Src/eth.o
 .debug_info    0x0000000000001756      0x7ea Core/Src/gpio.o
 .debug_info    0x0000000000001f40     0x1b4e Core/Src/main.o
 .debug_info    0x0000000000003a8e      0x390 Core/Src/stm32f7xx_hal_msp.o
 .debug_info    0x0000000000003e1e      0x862 Core/Src/stm32f7xx_it.o
 .debug_info    0x0000000000004680      0x73d Core/Src/system_stm32f7xx.o
 .debug_info    0x0000000000004dbd      0xe09 Core/Src/tim.o
 .debug_info    0x0000000000005bc6      0xa4f Core/Src/usart.o
 .debug_info    0x0000000000006615      0x9db Core/Src/usb_otg.o
 .debug_info    0x0000000000006ff0       0x22 Core/Startup/startup_stm32f746zgtx.o
 .debug_info    0x0000000000007012      0x9c4 Drivers/STM32F7xx_HAL_Driver/Src/stm32f7xx_hal.o
 .debug_info    0x00000000000079d6     0x104a Drivers/STM32F7xx_HAL_Driver/Src/stm32f7xx_hal_cortex.o
 .debug_info    0x0000000000008a20     0x149c Drivers/STM32F7xx_HAL_Driver/Src/stm32f7xx_hal_eth.o
 .debug_info    0x0000000000009ebc      0x7dc Drivers/STM32F7xx_HAL_Driver/Src/stm32f7xx_hal_gpio.o
 .debug_info    0x000000000000a698     0x1139 Drivers/STM32F7xx_HAL_Driver/Src/stm32f7xx_hal_pcd.o
 .debug_info    0x000000000000b7d1      0x810 Drivers/STM32F7xx_HAL_Driver/Src/stm32f7xx_hal_pcd_ex.o
 .debug_info    0x000000000000bfe1      0x96b Drivers/STM32F7xx_HAL_Driver/Src/stm32f7xx_hal_pwr_ex.o
 .debug_info    0x000000000000c94c      0x926 Drivers/STM32F7xx_HAL_Driver/Src/stm32f7xx_hal_rcc.o
 .debug_info    0x000000000000d272      0x7ad Drivers/STM32F7xx_HAL_Driver/Src/stm32f7xx_hal_rcc_ex.o
 .debug_info    0x000000000000da1f     0x25a0 Drivers/STM32F7xx_HAL_Driver/Src/stm32f7xx_hal_tim.o
 .debug_info    0x000000000000ffbf     0x121c Drivers/STM32F7xx_HAL_Driver/Src/stm32f7xx_hal_tim_ex.o
 .debug_info    0x00000000000111db     0x1639 Drivers/STM32F7xx_HAL_Driver/Src/stm32f7xx_hal_uart.o
 .debug_info    0x0000000000012814     0x1910 Drivers/STM32F7xx_HAL_Driver/Src/stm32f7xx_ll_usb.o

.debug_abbrev   0x0000000000000000     0x2a88
 .debug_abbrev  0x0000000000000000      0x194 Core/Src/Automatic_Mode.o
 .debug_abbrev  0x0000000000000194      0x1a9 Core/Src/eth.o
 .debug_abbrev  0x000000000000033d      0x13d Core/Src/gpio.o
 .debug_abbrev  0x000000000000047a      0x1fa Core/Src/main.o
 .debug_abbrev  0x0000000000000674      0x109 Core/Src/stm32f7xx_hal_msp.o
 .debug_abbrev  0x000000000000077d      0x19b Core/Src/stm32f7xx_it.o
 .debug_abbrev  0x0000000000000918      0x147 Core/Src/system_stm32f7xx.o
 .debug_abbrev  0x0000000000000a5f      0x1dc Core/Src/tim.o
 .debug_abbrev  0x0000000000000c3b      0x199 Core/Src/usart.o
 .debug_abbrev  0x0000000000000dd4      0x1b2 Core/Src/usb_otg.o
 .debug_abbrev  0x0000000000000f86       0x12 Core/Startup/startup_stm32f746zgtx.o
 .debug_abbrev  0x0000000000000f98      0x1c7 Drivers/STM32F7xx_HAL_Driver/Src/stm32f7xx_hal.o
 .debug_abbrev  0x000000000000115f      0x2fa Drivers/STM32F7xx_HAL_Driver/Src/stm32f7xx_hal_cortex.o
 .debug_abbrev  0x0000000000001459      0x23e Drivers/STM32F7xx_HAL_Driver/Src/stm32f7xx_hal_eth.o
 .debug_abbrev  0x0000000000001697      0x1c9 Drivers/STM32F7xx_HAL_Driver/Src/stm32f7xx_hal_gpio.o
 .debug_abbrev  0x0000000000001860      0x257 Drivers/STM32F7xx_HAL_Driver/Src/stm32f7xx_hal_pcd.o
 .debug_abbrev  0x0000000000001ab7      0x1c0 Drivers/STM32F7xx_HAL_Driver/Src/stm32f7xx_hal_pcd_ex.o
 .debug_abbrev  0x0000000000001c77      0x1b8 Drivers/STM32F7xx_HAL_Driver/Src/stm32f7xx_hal_pwr_ex.o
 .debug_abbrev  0x0000000000001e2f      0x21a Drivers/STM32F7xx_HAL_Driver/Src/stm32f7xx_hal_rcc.o
 .debug_abbrev  0x0000000000002049      0x1ad Drivers/STM32F7xx_HAL_Driver/Src/stm32f7xx_hal_rcc_ex.o
 .debug_abbrev  0x00000000000021f6      0x230 Drivers/STM32F7xx_HAL_Driver/Src/stm32f7xx_hal_tim.o
 .debug_abbrev  0x0000000000002426      0x21e Drivers/STM32F7xx_HAL_Driver/Src/stm32f7xx_hal_tim_ex.o
 .debug_abbrev  0x0000000000002644      0x205 Drivers/STM32F7xx_HAL_Driver/Src/stm32f7xx_hal_uart.o
 .debug_abbrev  0x0000000000002849      0x23f Drivers/STM32F7xx_HAL_Driver/Src/stm32f7xx_ll_usb.o

.debug_aranges  0x0000000000000000     0x1188
 .debug_aranges
                0x0000000000000000       0x30 Core/Src/Automatic_Mode.o
 .debug_aranges
                0x0000000000000030       0x30 Core/Src/eth.o
 .debug_aranges
                0x0000000000000060       0x20 Core/Src/gpio.o
 .debug_aranges
                0x0000000000000080       0x30 Core/Src/main.o
 .debug_aranges
                0x00000000000000b0       0x20 Core/Src/stm32f7xx_hal_msp.o
 .debug_aranges
                0x00000000000000d0       0xb8 Core/Src/stm32f7xx_it.o
 .debug_aranges
                0x0000000000000188       0x28 Core/Src/system_stm32f7xx.o
 .debug_aranges
                0x00000000000001b0       0x58 Core/Src/tim.o
 .debug_aranges
                0x0000000000000208       0x30 Core/Src/usart.o
 .debug_aranges
                0x0000000000000238       0x30 Core/Src/usb_otg.o
 .debug_aranges
                0x0000000000000268       0x28 Core/Startup/startup_stm32f746zgtx.o
 .debug_aranges
                0x0000000000000290      0x100 Drivers/STM32F7xx_HAL_Driver/Src/stm32f7xx_hal.o
 .debug_aranges
                0x0000000000000390      0x118 Drivers/STM32F7xx_HAL_Driver/Src/stm32f7xx_hal_cortex.o
 .debug_aranges
                0x00000000000004a8      0x110 Drivers/STM32F7xx_HAL_Driver/Src/stm32f7xx_hal_eth.o
 .debug_aranges
                0x00000000000005b8       0x58 Drivers/STM32F7xx_HAL_Driver/Src/stm32f7xx_hal_gpio.o
 .debug_aranges
                0x0000000000000610      0x130 Drivers/STM32F7xx_HAL_Driver/Src/stm32f7xx_hal_pcd.o
 .debug_aranges
                0x0000000000000740       0x48 Drivers/STM32F7xx_HAL_Driver/Src/stm32f7xx_hal_pcd_ex.o
 .debug_aranges
                0x0000000000000788       0x80 Drivers/STM32F7xx_HAL_Driver/Src/stm32f7xx_hal_pwr_ex.o
 .debug_aranges
                0x0000000000000808       0x88 Drivers/STM32F7xx_HAL_Driver/Src/stm32f7xx_hal_rcc.o
 .debug_aranges
                0x0000000000000890       0x50 Drivers/STM32F7xx_HAL_Driver/Src/stm32f7xx_hal_rcc_ex.o
 .debug_aranges
                0x00000000000008e0      0x3b8 Drivers/STM32F7xx_HAL_Driver/Src/stm32f7xx_hal_tim.o
 .debug_aranges
                0x0000000000000c98      0x160 Drivers/STM32F7xx_HAL_Driver/Src/stm32f7xx_hal_tim_ex.o
 .debug_aranges
                0x0000000000000df8      0x1f8 Drivers/STM32F7xx_HAL_Driver/Src/stm32f7xx_hal_uart.o
 .debug_aranges
                0x0000000000000ff0      0x198 Drivers/STM32F7xx_HAL_Driver/Src/stm32f7xx_ll_usb.o

.debug_ranges   0x0000000000000000     0x1010
 .debug_ranges  0x0000000000000000       0x20 Core/Src/Automatic_Mode.o
 .debug_ranges  0x0000000000000020       0x20 Core/Src/eth.o
 .debug_ranges  0x0000000000000040       0x10 Core/Src/gpio.o
 .debug_ranges  0x0000000000000050       0x20 Core/Src/main.o
 .debug_ranges  0x0000000000000070       0x10 Core/Src/stm32f7xx_hal_msp.o
 .debug_ranges  0x0000000000000080       0xa8 Core/Src/stm32f7xx_it.o
 .debug_ranges  0x0000000000000128       0x18 Core/Src/system_stm32f7xx.o
 .debug_ranges  0x0000000000000140       0x48 Core/Src/tim.o
 .debug_ranges  0x0000000000000188       0x20 Core/Src/usart.o
 .debug_ranges  0x00000000000001a8       0x20 Core/Src/usb_otg.o
 .debug_ranges  0x00000000000001c8       0x20 Core/Startup/startup_stm32f746zgtx.o
 .debug_ranges  0x00000000000001e8       0xf0 Drivers/STM32F7xx_HAL_Driver/Src/stm32f7xx_hal.o
 .debug_ranges  0x00000000000002d8      0x108 Drivers/STM32F7xx_HAL_Driver/Src/stm32f7xx_hal_cortex.o
 .debug_ranges  0x00000000000003e0      0x100 Drivers/STM32F7xx_HAL_Driver/Src/stm32f7xx_hal_eth.o
 .debug_ranges  0x00000000000004e0       0x48 Drivers/STM32F7xx_HAL_Driver/Src/stm32f7xx_hal_gpio.o
 .debug_ranges  0x0000000000000528      0x120 Drivers/STM32F7xx_HAL_Driver/Src/stm32f7xx_hal_pcd.o
 .debug_ranges  0x0000000000000648       0x38 Drivers/STM32F7xx_HAL_Driver/Src/stm32f7xx_hal_pcd_ex.o
 .debug_ranges  0x0000000000000680       0x70 Drivers/STM32F7xx_HAL_Driver/Src/stm32f7xx_hal_pwr_ex.o
 .debug_ranges  0x00000000000006f0       0x78 Drivers/STM32F7xx_HAL_Driver/Src/stm32f7xx_hal_rcc.o
 .debug_ranges  0x0000000000000768       0x40 Drivers/STM32F7xx_HAL_Driver/Src/stm32f7xx_hal_rcc_ex.o
 .debug_ranges  0x00000000000007a8      0x3a8 Drivers/STM32F7xx_HAL_Driver/Src/stm32f7xx_hal_tim.o
 .debug_ranges  0x0000000000000b50      0x150 Drivers/STM32F7xx_HAL_Driver/Src/stm32f7xx_hal_tim_ex.o
 .debug_ranges  0x0000000000000ca0      0x1e8 Drivers/STM32F7xx_HAL_Driver/Src/stm32f7xx_hal_uart.o
 .debug_ranges  0x0000000000000e88      0x188 Drivers/STM32F7xx_HAL_Driver/Src/stm32f7xx_ll_usb.o

.debug_macro    0x0000000000000000    0x26e00
 .debug_macro   0x0000000000000000      0x25f Core/Src/Automatic_Mode.o
 .debug_macro   0x000000000000025f      0xa5a Core/Src/Automatic_Mode.o
 .debug_macro   0x0000000000000cb9      0x1a3 Core/Src/Automatic_Mode.o
 .debug_macro   0x0000000000000e5c       0x2e Core/Src/Automatic_Mode.o
 .debug_macro   0x0000000000000e8a       0x3b Core/Src/Automatic_Mode.o
 .debug_macro   0x0000000000000ec5       0x22 Core/Src/Automatic_Mode.o
 .debug_macro   0x0000000000000ee7       0x8e Core/Src/Automatic_Mode.o
 .debug_macro   0x0000000000000f75       0x51 Core/Src/Automatic_Mode.o
 .debug_macro   0x0000000000000fc6       0xef Core/Src/Automatic_Mode.o
 .debug_macro   0x00000000000010b5       0x6a Core/Src/Automatic_Mode.o
 .debug_macro   0x000000000000111f      0x1df Core/Src/Automatic_Mode.o
 .debug_macro   0x00000000000012fe       0x1c Core/Src/Automatic_Mode.o
 .debug_macro   0x000000000000131a       0x22 Core/Src/Automatic_Mode.o
 .debug_macro   0x000000000000133c       0xdf Core/Src/Automatic_Mode.o
 .debug_macro   0x000000000000141b     0x12cd Core/Src/Automatic_Mode.o
 .debug_macro   0x00000000000026e8      0x11f Core/Src/Automatic_Mode.o
 .debug_macro   0x0000000000002807       0x19 Core/Src/Automatic_Mode.o
 .debug_macro   0x0000000000002820    0x1882d Core/Src/Automatic_Mode.o
 .debug_macro   0x000000000001b04d       0x43 Core/Src/Automatic_Mode.o
 .debug_macro   0x000000000001b090     0x363d Core/Src/Automatic_Mode.o
 .debug_macro   0x000000000001e6cd      0x174 Core/Src/Automatic_Mode.o
 .debug_macro   0x000000000001e841       0x61 Core/Src/Automatic_Mode.o
 .debug_macro   0x000000000001e8a2     0x18ad Core/Src/Automatic_Mode.o
 .debug_macro   0x000000000002014f      0x6c4 Core/Src/Automatic_Mode.o
 .debug_macro   0x0000000000020813      0x103 Core/Src/Automatic_Mode.o
 .debug_macro   0x0000000000020916      0x117 Core/Src/Automatic_Mode.o
 .debug_macro   0x0000000000020a2d      0x1fe Core/Src/Automatic_Mode.o
 .debug_macro   0x0000000000020c2b       0x27 Core/Src/Automatic_Mode.o
 .debug_macro   0x0000000000020c52      0x24f Core/Src/Automatic_Mode.o
 .debug_macro   0x0000000000020ea1       0x41 Core/Src/Automatic_Mode.o
 .debug_macro   0x0000000000020ee2       0x58 Core/Src/Automatic_Mode.o
 .debug_macro   0x0000000000020f3a      0x236 Core/Src/Automatic_Mode.o
 .debug_macro   0x0000000000021170      0xccf Core/Src/Automatic_Mode.o
 .debug_macro   0x0000000000021e3f      0x14f Core/Src/Automatic_Mode.o
 .debug_macro   0x0000000000021f8e      0x25b Core/Src/Automatic_Mode.o
 .debug_macro   0x00000000000221e9       0x12 Core/Src/Automatic_Mode.o
 .debug_macro   0x00000000000221fb      0x22c Core/Src/Automatic_Mode.o
 .debug_macro   0x0000000000022427       0x5a Core/Src/Automatic_Mode.o
 .debug_macro   0x0000000000022481       0xa5 Core/Src/Automatic_Mode.o
 .debug_macro   0x0000000000022526      0x12f Core/Src/Automatic_Mode.o
 .debug_macro   0x0000000000022655      0x108 Core/Src/Automatic_Mode.o
 .debug_macro   0x000000000002275d       0x35 Core/Src/Automatic_Mode.o
 .debug_macro   0x0000000000022792      0x9e2 Core/Src/Automatic_Mode.o
 .debug_macro   0x0000000000023174       0x59 Core/Src/Automatic_Mode.o
 .debug_macro   0x00000000000231cd      0x519 Core/Src/Automatic_Mode.o
 .debug_macro   0x00000000000236e6       0x44 Core/Src/Automatic_Mode.o
 .debug_macro   0x000000000002372a      0x217 Core/Src/Automatic_Mode.o
 .debug_macro   0x0000000000023941       0xe4 Core/Src/Automatic_Mode.o
 .debug_macro   0x0000000000023a25      0x14e Core/Src/Automatic_Mode.o
 .debug_macro   0x0000000000023b73       0x22 Core/Src/Automatic_Mode.o
 .debug_macro   0x0000000000023b95      0x2e7 Core/Src/Automatic_Mode.o
 .debug_macro   0x0000000000023e7c      0x233 Core/Src/eth.o
 .debug_macro   0x00000000000240af      0x233 Core/Src/gpio.o
 .debug_macro   0x00000000000242e2      0x25f Core/Src/main.o
 .debug_macro   0x0000000000024541      0x229 Core/Src/stm32f7xx_hal_msp.o
 .debug_macro   0x000000000002476a      0x233 Core/Src/stm32f7xx_it.o
 .debug_macro   0x000000000002499d      0x217 Core/Src/system_stm32f7xx.o
 .debug_macro   0x0000000000024bb4      0x233 Core/Src/tim.o
 .debug_macro   0x0000000000024de7      0x233 Core/Src/usart.o
 .debug_macro   0x000000000002501a      0x233 Core/Src/usb_otg.o
 .debug_macro   0x000000000002524d      0x235 Drivers/STM32F7xx_HAL_Driver/Src/stm32f7xx_hal.o
 .debug_macro   0x0000000000025482      0x211 Drivers/STM32F7xx_HAL_Driver/Src/stm32f7xx_hal_cortex.o
 .debug_macro   0x0000000000025693      0x227 Drivers/STM32F7xx_HAL_Driver/Src/stm32f7xx_hal_eth.o
 .debug_macro   0x00000000000258ba      0x247 Drivers/STM32F7xx_HAL_Driver/Src/stm32f7xx_hal_gpio.o
 .debug_macro   0x0000000000025b01      0x21d Drivers/STM32F7xx_HAL_Driver/Src/stm32f7xx_hal_pcd.o
 .debug_macro   0x0000000000025d1e      0x211 Drivers/STM32F7xx_HAL_Driver/Src/stm32f7xx_hal_pcd_ex.o
 .debug_macro   0x0000000000025f2f      0x229 Drivers/STM32F7xx_HAL_Driver/Src/stm32f7xx_hal_pwr_ex.o
 .debug_macro   0x0000000000026158      0x235 Drivers/STM32F7xx_HAL_Driver/Src/stm32f7xx_hal_rcc.o
 .debug_macro   0x000000000002638d      0x211 Drivers/STM32F7xx_HAL_Driver/Src/stm32f7xx_hal_rcc_ex.o
 .debug_macro   0x000000000002659e      0x212 Drivers/STM32F7xx_HAL_Driver/Src/stm32f7xx_hal_tim.o
 .debug_macro   0x00000000000267b0      0x211 Drivers/STM32F7xx_HAL_Driver/Src/stm32f7xx_hal_tim_ex.o
 .debug_macro   0x00000000000269c1      0x22e Drivers/STM32F7xx_HAL_Driver/Src/stm32f7xx_hal_uart.o
 .debug_macro   0x0000000000026bef      0x211 Drivers/STM32F7xx_HAL_Driver/Src/stm32f7xx_ll_usb.o

.debug_line     0x0000000000000000     0xf4c6
 .debug_line    0x0000000000000000      0x935 Core/Src/Automatic_Mode.o
 .debug_line    0x0000000000000935      0x7a9 Core/Src/eth.o
 .debug_line    0x00000000000010de      0x78a Core/Src/gpio.o
 .debug_line    0x0000000000001868      0x7d9 Core/Src/main.o
 .debug_line    0x0000000000002041      0x757 Core/Src/stm32f7xx_hal_msp.o
 .debug_line    0x0000000000002798      0x8ce Core/Src/stm32f7xx_it.o
 .debug_line    0x0000000000003066      0x769 Core/Src/system_stm32f7xx.o
 .debug_line    0x00000000000037cf      0x892 Core/Src/tim.o
 .debug_line    0x0000000000004061      0x78d Core/Src/usart.o
 .debug_line    0x00000000000047ee      0x798 Core/Src/usb_otg.o
 .debug_line    0x0000000000004f86       0x86 Core/Startup/startup_stm32f746zgtx.o
 .debug_line    0x000000000000500c      0x96f Drivers/STM32F7xx_HAL_Driver/Src/stm32f7xx_hal.o
 .debug_line    0x000000000000597b      0xa73 Drivers/STM32F7xx_HAL_Driver/Src/stm32f7xx_hal_cortex.o
 .debug_line    0x00000000000063ee      0xe20 Drivers/STM32F7xx_HAL_Driver/Src/stm32f7xx_hal_eth.o
 .debug_line    0x000000000000720e      0x957 Drivers/STM32F7xx_HAL_Driver/Src/stm32f7xx_hal_gpio.o
 .debug_line    0x0000000000007b65      0xcc3 Drivers/STM32F7xx_HAL_Driver/Src/stm32f7xx_hal_pcd.o
 .debug_line    0x0000000000008828      0x7d5 Drivers/STM32F7xx_HAL_Driver/Src/stm32f7xx_hal_pcd_ex.o
 .debug_line    0x0000000000008ffd      0x893 Drivers/STM32F7xx_HAL_Driver/Src/stm32f7xx_hal_pwr_ex.o
 .debug_line    0x0000000000009890      0x9d3 Drivers/STM32F7xx_HAL_Driver/Src/stm32f7xx_hal_rcc.o
 .debug_line    0x000000000000a263      0x95a Drivers/STM32F7xx_HAL_Driver/Src/stm32f7xx_hal_rcc_ex.o
 .debug_line    0x000000000000abbd     0x1a77 Drivers/STM32F7xx_HAL_Driver/Src/stm32f7xx_hal_tim.o
 .debug_line    0x000000000000c634      0xdd4 Drivers/STM32F7xx_HAL_Driver/Src/stm32f7xx_hal_tim_ex.o
 .debug_line    0x000000000000d408     0x1255 Drivers/STM32F7xx_HAL_Driver/Src/stm32f7xx_hal_uart.o
 .debug_line    0x000000000000e65d      0xe69 Drivers/STM32F7xx_HAL_Driver/Src/stm32f7xx_ll_usb.o

.debug_str      0x0000000000000000    0xf212a
 .debug_str     0x0000000000000000    0xeca76 Core/Src/Automatic_Mode.o
                                      0xed1d2 (size before relaxing)
 .debug_str     0x00000000000eca76      0x5f0 Core/Src/eth.o
                                      0xed107 (size before relaxing)
 .debug_str     0x00000000000ed066      0x59f Core/Src/gpio.o
                                      0xed1e8 (size before relaxing)
 .debug_str     0x00000000000ed605      0x90d Core/Src/main.o
                                      0xede8c (size before relaxing)
 .debug_str     0x00000000000edf12       0x2c Core/Src/stm32f7xx_hal_msp.o
                                      0xecbaa (size before relaxing)
 .debug_str     0x00000000000edf3e      0x1a9 Core/Src/stm32f7xx_it.o
                                      0xed0cd (size before relaxing)
 .debug_str     0x00000000000ee0e7      0x179 Core/Src/system_stm32f7xx.o
                                      0xec159 (size before relaxing)
 .debug_str     0x00000000000ee260      0x14d Core/Src/tim.o
                                      0xed72e (size before relaxing)
 .debug_str     0x00000000000ee3ad       0x57 Core/Src/usart.o
                                      0xed0b1 (size before relaxing)
 .debug_str     0x00000000000ee404       0x59 Core/Src/usb_otg.o
                                      0xed049 (size before relaxing)
 .debug_str     0x00000000000ee45d       0x36 Core/Startup/startup_stm32f746zgtx.o
                                         0x76 (size before relaxing)
 .debug_str     0x00000000000ee493      0x37f Drivers/STM32F7xx_HAL_Driver/Src/stm32f7xx_hal.o
                                      0xec9fe (size before relaxing)
 .debug_str     0x00000000000ee812      0x38a Drivers/STM32F7xx_HAL_Driver/Src/stm32f7xx_hal_cortex.o
                                      0xecab2 (size before relaxing)
 .debug_str     0x00000000000eeb9c      0x74e Drivers/STM32F7xx_HAL_Driver/Src/stm32f7xx_hal_eth.o
                                      0xecc65 (size before relaxing)
 .debug_str     0x00000000000ef2ea      0x224 Drivers/STM32F7xx_HAL_Driver/Src/stm32f7xx_hal_gpio.o
                                      0xec32f (size before relaxing)
 .debug_str     0x00000000000ef50e      0x535 Drivers/STM32F7xx_HAL_Driver/Src/stm32f7xx_hal_pcd.o
                                      0xec83e (size before relaxing)
 .debug_str     0x00000000000efa43      0x16d Drivers/STM32F7xx_HAL_Driver/Src/stm32f7xx_hal_pcd_ex.o
                                      0xec466 (size before relaxing)
 .debug_str     0x00000000000efbb0      0x1c9 Drivers/STM32F7xx_HAL_Driver/Src/stm32f7xx_hal_pwr_ex.o
                                      0xec3d3 (size before relaxing)
 .debug_str     0x00000000000efd79      0x26d Drivers/STM32F7xx_HAL_Driver/Src/stm32f7xx_hal_rcc.o
                                      0xec469 (size before relaxing)
 .debug_str     0x00000000000effe6      0x161 Drivers/STM32F7xx_HAL_Driver/Src/stm32f7xx_hal_rcc_ex.o
                                      0xec3fe (size before relaxing)
 .debug_str     0x00000000000f0147      0xcfa Drivers/STM32F7xx_HAL_Driver/Src/stm32f7xx_hal_tim.o
                                      0xed1e5 (size before relaxing)
 .debug_str     0x00000000000f0e41      0x504 Drivers/STM32F7xx_HAL_Driver/Src/stm32f7xx_hal_tim_ex.o
                                      0xeca38 (size before relaxing)
 .debug_str     0x00000000000f1345      0x788 Drivers/STM32F7xx_HAL_Driver/Src/stm32f7xx_hal_uart.o
                                      0xecc47 (size before relaxing)
 .debug_str     0x00000000000f1acd      0x65d Drivers/STM32F7xx_HAL_Driver/Src/stm32f7xx_ll_usb.o
                                      0xec96d (size before relaxing)

.comment        0x0000000000000000       0x7b
 .comment       0x0000000000000000       0x7b Core/Src/Automatic_Mode.o
                                         0x7c (size before relaxing)
 .comment       0x000000000000007b       0x7c Core/Src/eth.o
 .comment       0x000000000000007b       0x7c Core/Src/gpio.o
 .comment       0x000000000000007b       0x7c Core/Src/main.o
 .comment       0x000000000000007b       0x7c Core/Src/stm32f7xx_hal_msp.o
 .comment       0x000000000000007b       0x7c Core/Src/stm32f7xx_it.o
 .comment       0x000000000000007b       0x7c Core/Src/system_stm32f7xx.o
 .comment       0x000000000000007b       0x7c Core/Src/tim.o
 .comment       0x000000000000007b       0x7c Core/Src/usart.o
 .comment       0x000000000000007b       0x7c Core/Src/usb_otg.o
 .comment       0x000000000000007b       0x7c Drivers/STM32F7xx_HAL_Driver/Src/stm32f7xx_hal.o
 .comment       0x000000000000007b       0x7c Drivers/STM32F7xx_HAL_Driver/Src/stm32f7xx_hal_cortex.o
 .comment       0x000000000000007b       0x7c Drivers/STM32F7xx_HAL_Driver/Src/stm32f7xx_hal_eth.o
 .comment       0x000000000000007b       0x7c Drivers/STM32F7xx_HAL_Driver/Src/stm32f7xx_hal_gpio.o
 .comment       0x000000000000007b       0x7c Drivers/STM32F7xx_HAL_Driver/Src/stm32f7xx_hal_pcd.o
 .comment       0x000000000000007b       0x7c Drivers/STM32F7xx_HAL_Driver/Src/stm32f7xx_hal_pcd_ex.o
 .comment       0x000000000000007b       0x7c Drivers/STM32F7xx_HAL_Driver/Src/stm32f7xx_hal_pwr_ex.o
 .comment       0x000000000000007b       0x7c Drivers/STM32F7xx_HAL_Driver/Src/stm32f7xx_hal_rcc.o
 .comment       0x000000000000007b       0x7c Drivers/STM32F7xx_HAL_Driver/Src/stm32f7xx_hal_rcc_ex.o
 .comment       0x000000000000007b       0x7c Drivers/STM32F7xx_HAL_Driver/Src/stm32f7xx_hal_tim.o
 .comment       0x000000000000007b       0x7c Drivers/STM32F7xx_HAL_Driver/Src/stm32f7xx_hal_tim_ex.o
 .comment       0x000000000000007b       0x7c Drivers/STM32F7xx_HAL_Driver/Src/stm32f7xx_hal_uart.o
 .comment       0x000000000000007b       0x7c Drivers/STM32F7xx_HAL_Driver/Src/stm32f7xx_ll_usb.o

.debug_frame    0x0000000000000000     0x4870
 .debug_frame   0x0000000000000000       0x70 Core/Src/Automatic_Mode.o
 .debug_frame   0x0000000000000070       0x74 Core/Src/eth.o
 .debug_frame   0x00000000000000e4       0x38 Core/Src/gpio.o
 .debug_frame   0x000000000000011c       0x74 Core/Src/main.o
 .debug_frame   0x0000000000000190       0x38 Core/Src/stm32f7xx_hal_msp.o
 .debug_frame   0x00000000000001c8      0x24c Core/Src/stm32f7xx_it.o
 .debug_frame   0x0000000000000414       0x58 Core/Src/system_stm32f7xx.o
 .debug_frame   0x000000000000046c      0x130 Core/Src/tim.o
 .debug_frame   0x000000000000059c       0x74 Core/Src/usart.o
 .debug_frame   0x0000000000000610       0x74 Core/Src/usb_otg.o
 .debug_frame   0x0000000000000684      0x3b4 Drivers/STM32F7xx_HAL_Driver/Src/stm32f7xx_hal.o
 .debug_frame   0x0000000000000a38      0x498 Drivers/STM32F7xx_HAL_Driver/Src/stm32f7xx_hal_cortex.o
 .debug_frame   0x0000000000000ed0      0x4b4 Drivers/STM32F7xx_HAL_Driver/Src/stm32f7xx_hal_eth.o
 .debug_frame   0x0000000000001384      0x14c Drivers/STM32F7xx_HAL_Driver/Src/stm32f7xx_hal_gpio.o
 .debug_frame   0x00000000000014d0      0x548 Drivers/STM32F7xx_HAL_Driver/Src/stm32f7xx_hal_pcd.o
 .debug_frame   0x0000000000001a18      0x100 Drivers/STM32F7xx_HAL_Driver/Src/stm32f7xx_hal_pcd_ex.o
 .debug_frame   0x0000000000001b18      0x1c8 Drivers/STM32F7xx_HAL_Driver/Src/stm32f7xx_hal_pwr_ex.o
 .debug_frame   0x0000000000001ce0      0x1f4 Drivers/STM32F7xx_HAL_Driver/Src/stm32f7xx_hal_rcc.o
 .debug_frame   0x0000000000001ed4      0x118 Drivers/STM32F7xx_HAL_Driver/Src/stm32f7xx_hal_rcc_ex.o
 .debug_frame   0x0000000000001fec     0x1144 Drivers/STM32F7xx_HAL_Driver/Src/stm32f7xx_hal_tim.o
 .debug_frame   0x0000000000003130      0x610 Drivers/STM32F7xx_HAL_Driver/Src/stm32f7xx_hal_tim_ex.o
 .debug_frame   0x0000000000003740      0x8f4 Drivers/STM32F7xx_HAL_Driver/Src/stm32f7xx_hal_uart.o
 .debug_frame   0x0000000000004034      0x790 Drivers/STM32F7xx_HAL_Driver/Src/stm32f7xx_ll_usb.o
 .debug_frame   0x00000000000047c4       0x2c c:/st/stm32cubeide_1.1.0/stm32cubeide/plugins/com.st.stm32cube.ide.mcu.externaltools.gnu-tools-for-stm32.7-2018-q2-update.win32_1.0.0.201904181610/tools/bin/../lib/gcc/arm-none-eabi/7.3.1/../../../../arm-none-eabi/lib/thumb/v7e-m/fpv4-sp/hard\libc_nano.a(lib_a-init.o)
 .debug_frame   0x00000000000047f0       0x20 c:/st/stm32cubeide_1.1.0/stm32cubeide/plugins/com.st.stm32cube.ide.mcu.externaltools.gnu-tools-for-stm32.7-2018-q2-update.win32_1.0.0.201904181610/tools/bin/../lib/gcc/arm-none-eabi/7.3.1/../../../../arm-none-eabi/lib/thumb/v7e-m/fpv4-sp/hard\libc_nano.a(lib_a-memset.o)
 .debug_frame   0x0000000000004810       0x2c c:/st/stm32cubeide_1.1.0/stm32cubeide/plugins/com.st.stm32cube.ide.mcu.externaltools.gnu-tools-for-stm32.7-2018-q2-update.win32_1.0.0.201904181610/tools/bin/../lib/gcc/arm-none-eabi/7.3.1/thumb/v7e-m/fpv4-sp/hard\libgcc.a(_aeabi_uldivmod.o)
 .debug_frame   0x000000000000483c       0x34 c:/st/stm32cubeide_1.1.0/stm32cubeide/plugins/com.st.stm32cube.ide.mcu.externaltools.gnu-tools-for-stm32.7-2018-q2-update.win32_1.0.0.201904181610/tools/bin/../lib/gcc/arm-none-eabi/7.3.1/thumb/v7e-m/fpv4-sp/hard\libgcc.a(_udivmoddi4.o)
