Archive member included to satisfy reference by file (symbol)

c:/st/stm32cubeide_1.1.0/stm32cubeide/plugins/com.st.stm32cube.ide.mcu.externaltools.gnu-tools-for-stm32.7-2018-q2-update.win32_1.0.0.201904181610/tools/bin/../lib/gcc/arm-none-eabi/7.3.1/../../../../arm-none-eabi/lib/thumb/v7e-m/fpv4-sp/hard\libc_nano.a(lib_a-errno.o)
                              Core/Src/syscalls.o (__errno)
c:/st/stm32cubeide_1.1.0/stm32cubeide/plugins/com.st.stm32cube.ide.mcu.externaltools.gnu-tools-for-stm32.7-2018-q2-update.win32_1.0.0.201904181610/tools/bin/../lib/gcc/arm-none-eabi/7.3.1/../../../../arm-none-eabi/lib/thumb/v7e-m/fpv4-sp/hard\libc_nano.a(lib_a-exit.o)
                              c:/st/stm32cubeide_1.1.0/stm32cubeide/plugins/com.st.stm32cube.ide.mcu.externaltools.gnu-tools-for-stm32.7-2018-q2-update.win32_1.0.0.201904181610/tools/bin/../lib/gcc/arm-none-eabi/7.3.1/../../../../arm-none-eabi/lib/thumb/v7e-m/fpv4-sp/hard/crt0.o (exit)
c:/st/stm32cubeide_1.1.0/stm32cubeide/plugins/com.st.stm32cube.ide.mcu.externaltools.gnu-tools-for-stm32.7-2018-q2-update.win32_1.0.0.201904181610/tools/bin/../lib/gcc/arm-none-eabi/7.3.1/../../../../arm-none-eabi/lib/thumb/v7e-m/fpv4-sp/hard\libc_nano.a(lib_a-impure.o)
                              c:/st/stm32cubeide_1.1.0/stm32cubeide/plugins/com.st.stm32cube.ide.mcu.externaltools.gnu-tools-for-stm32.7-2018-q2-update.win32_1.0.0.201904181610/tools/bin/../lib/gcc/arm-none-eabi/7.3.1/../../../../arm-none-eabi/lib/thumb/v7e-m/fpv4-sp/hard\libc_nano.a(lib_a-exit.o) (_global_impure_ptr)
c:/st/stm32cubeide_1.1.0/stm32cubeide/plugins/com.st.stm32cube.ide.mcu.externaltools.gnu-tools-for-stm32.7-2018-q2-update.win32_1.0.0.201904181610/tools/bin/../lib/gcc/arm-none-eabi/7.3.1/../../../../arm-none-eabi/lib/thumb/v7e-m/fpv4-sp/hard\libc_nano.a(lib_a-init.o)
                              c:/st/stm32cubeide_1.1.0/stm32cubeide/plugins/com.st.stm32cube.ide.mcu.externaltools.gnu-tools-for-stm32.7-2018-q2-update.win32_1.0.0.201904181610/tools/bin/../lib/gcc/arm-none-eabi/7.3.1/../../../../arm-none-eabi/lib/thumb/v7e-m/fpv4-sp/hard/crt0.o (__libc_init_array)
c:/st/stm32cubeide_1.1.0/stm32cubeide/plugins/com.st.stm32cube.ide.mcu.externaltools.gnu-tools-for-stm32.7-2018-q2-update.win32_1.0.0.201904181610/tools/bin/../lib/gcc/arm-none-eabi/7.3.1/../../../../arm-none-eabi/lib/thumb/v7e-m/fpv4-sp/hard\libc_nano.a(lib_a-memset.o)
                              c:/st/stm32cubeide_1.1.0/stm32cubeide/plugins/com.st.stm32cube.ide.mcu.externaltools.gnu-tools-for-stm32.7-2018-q2-update.win32_1.0.0.201904181610/tools/bin/../lib/gcc/arm-none-eabi/7.3.1/../../../../arm-none-eabi/lib/thumb/v7e-m/fpv4-sp/hard/crt0.o (memset)
c:/st/stm32cubeide_1.1.0/stm32cubeide/plugins/com.st.stm32cube.ide.mcu.externaltools.gnu-tools-for-stm32.7-2018-q2-update.win32_1.0.0.201904181610/tools/bin/../lib/gcc/arm-none-eabi/7.3.1/thumb/v7e-m/fpv4-sp/hard\libgcc.a(_aeabi_uldivmod.o)
                              Drivers/STM32F7xx_HAL_Driver/Src/stm32f7xx_hal_rcc.o (__aeabi_uldivmod)
c:/st/stm32cubeide_1.1.0/stm32cubeide/plugins/com.st.stm32cube.ide.mcu.externaltools.gnu-tools-for-stm32.7-2018-q2-update.win32_1.0.0.201904181610/tools/bin/../lib/gcc/arm-none-eabi/7.3.1/thumb/v7e-m/fpv4-sp/hard\libgcc.a(_udivmoddi4.o)
                              c:/st/stm32cubeide_1.1.0/stm32cubeide/plugins/com.st.stm32cube.ide.mcu.externaltools.gnu-tools-for-stm32.7-2018-q2-update.win32_1.0.0.201904181610/tools/bin/../lib/gcc/arm-none-eabi/7.3.1/thumb/v7e-m/fpv4-sp/hard\libgcc.a(_aeabi_uldivmod.o) (__udivmoddi4)
c:/st/stm32cubeide_1.1.0/stm32cubeide/plugins/com.st.stm32cube.ide.mcu.externaltools.gnu-tools-for-stm32.7-2018-q2-update.win32_1.0.0.201904181610/tools/bin/../lib/gcc/arm-none-eabi/7.3.1/thumb/v7e-m/fpv4-sp/hard\libgcc.a(_dvmd_tls.o)
                              c:/st/stm32cubeide_1.1.0/stm32cubeide/plugins/com.st.stm32cube.ide.mcu.externaltools.gnu-tools-for-stm32.7-2018-q2-update.win32_1.0.0.201904181610/tools/bin/../lib/gcc/arm-none-eabi/7.3.1/thumb/v7e-m/fpv4-sp/hard\libgcc.a(_aeabi_uldivmod.o) (__aeabi_ldiv0)

Allocating common symbols
Common symbol       size              file

htim4               0x40              Core/Src/tim.o
huart3              0x80              Core/Src/usart.o
hpcd_USB_OTG_FS     0x404             Core/Src/usb_otg.o
uwTick              0x4               Drivers/STM32F7xx_HAL_Driver/Src/stm32f7xx_hal.o
pFlash              0x1c              Drivers/STM32F7xx_HAL_Driver/Src/stm32f7xx_hal_flash.o
htim5               0x40              Core/Src/tim.o
htim3               0x40              Core/Src/tim.o
htim6               0x40              Core/Src/tim.o
htim1               0x40              Core/Src/tim.o
htim2               0x40              Core/Src/tim.o
heth                0x48              Core/Src/eth.o

Discarded input sections

[...]
Memory Configuration

Name             Origin             Length             Attributes
RAM              0x0000000020000000 0x0000000000050000 xrw
FLASH            0x0000000008000000 0x0000000000100000 xr
*default*        0x0000000000000000 0xffffffffffffffff

Linker script and memory map

LOAD c:/st/stm32cubeide_1.1.0/stm32cubeide/plugins/com.st.stm32cube.ide.mcu.externaltools.gnu-tools-for-stm32.7-2018-q2-update.win32_1.0.0.201904181610/tools/bin/../lib/gcc/arm-none-eabi/7.3.1/thumb/v7e-m/fpv4-sp/hard/crti.o
LOAD c:/st/stm32cubeide_1.1.0/stm32cubeide/plugins/com.st.stm32cube.ide.mcu.externaltools.gnu-tools-for-stm32.7-2018-q2-update.win32_1.0.0.201904181610/tools/bin/../lib/gcc/arm-none-eabi/7.3.1/thumb/v7e-m/fpv4-sp/hard/crtbegin.o
LOAD c:/st/stm32cubeide_1.1.0/stm32cubeide/plugins/com.st.stm32cube.ide.mcu.externaltools.gnu-tools-for-stm32.7-2018-q2-update.win32_1.0.0.201904181610/tools/bin/../lib/gcc/arm-none-eabi/7.3.1/../../../../arm-none-eabi/lib/thumb/v7e-m/fpv4-sp/hard/crt0.o
LOAD Core/Src/Automatic_Mode.o
LOAD Core/Src/Eeprom.o
LOAD Core/Src/Manual_Mode.o
LOAD Core/Src/eth.o
LOAD Core/Src/gpio.o
LOAD Core/Src/main.o
LOAD Core/Src/stm32f7xx_hal_msp.o
LOAD Core/Src/stm32f7xx_it.o
LOAD Core/Src/sys.o
LOAD Core/Src/syscalls.o
LOAD Core/Src/sysmem.o
LOAD Core/Src/system_stm32f7xx.o
LOAD Core/Src/tim.o
LOAD Core/Src/usart.o
LOAD Core/Src/usb_otg.o
LOAD Core/Startup/startup_stm32f746zgtx.o
LOAD Drivers/STM32F7xx_HAL_Driver/Src/stm32f7xx_hal.o
LOAD Drivers/STM32F7xx_HAL_Driver/Src/stm32f7xx_hal_cortex.o
LOAD Drivers/STM32F7xx_HAL_Driver/Src/stm32f7xx_hal_dma.o
LOAD Drivers/STM32F7xx_HAL_Driver/Src/stm32f7xx_hal_dma_ex.o
LOAD Drivers/STM32F7xx_HAL_Driver/Src/stm32f7xx_hal_eth.o
LOAD Drivers/STM32F7xx_HAL_Driver/Src/stm32f7xx_hal_exti.o
LOAD Drivers/STM32F7xx_HAL_Driver/Src/stm32f7xx_hal_flash.o
LOAD Drivers/STM32F7xx_HAL_Driver/Src/stm32f7xx_hal_flash_ex.o
LOAD Drivers/STM32F7xx_HAL_Driver/Src/stm32f7xx_hal_gpio.o
LOAD Drivers/STM32F7xx_HAL_Driver/Src/stm32f7xx_hal_i2c.o
LOAD Drivers/STM32F7xx_HAL_Driver/Src/stm32f7xx_hal_i2c_ex.o
LOAD Drivers/STM32F7xx_HAL_Driver/Src/stm32f7xx_hal_pcd.o
LOAD Drivers/STM32F7xx_HAL_Driver/Src/stm32f7xx_hal_pcd_ex.o
LOAD Drivers/STM32F7xx_HAL_Driver/Src/stm32f7xx_hal_pwr.o
LOAD Drivers/STM32F7xx_HAL_Driver/Src/stm32f7xx_hal_pwr_ex.o
LOAD Drivers/STM32F7xx_HAL_Driver/Src/stm32f7xx_hal_rcc.o
LOAD Drivers/STM32F7xx_HAL_Driver/Src/stm32f7xx_hal_rcc_ex.o
LOAD Drivers/STM32F7xx_HAL_Driver/Src/stm32f7xx_hal_tim.o
LOAD Drivers/STM32F7xx_HAL_Driver/Src/stm32f7xx_hal_tim_ex.o
LOAD Drivers/STM32F7xx_HAL_Driver/Src/stm32f7xx_hal_uart.o
LOAD Drivers/STM32F7xx_HAL_Driver/Src/stm32f7xx_hal_uart_ex.o
LOAD Drivers/STM32F7xx_HAL_Driver/Src/stm32f7xx_ll_usb.o
START GROUP
LOAD c:/st/stm32cubeide_1.1.0/stm32cubeide/plugins/com.st.stm32cube.ide.mcu.externaltools.gnu-tools-for-stm32.7-2018-q2-update.win32_1.0.0.201904181610/tools/bin/../lib/gcc/arm-none-eabi/7.3.1/../../../../arm-none-eabi/lib/thumb/v7e-m/fpv4-sp/hard\libc_nano.a
LOAD c:/st/stm32cubeide_1.1.0/stm32cubeide/plugins/com.st.stm32cube.ide.mcu.externaltools.gnu-tools-for-stm32.7-2018-q2-update.win32_1.0.0.201904181610/tools/bin/../lib/gcc/arm-none-eabi/7.3.1/../../../../arm-none-eabi/lib/thumb/v7e-m/fpv4-sp/hard\libm.a
END GROUP
START GROUP
LOAD c:/st/stm32cubeide_1.1.0/stm32cubeide/plugins/com.st.stm32cube.ide.mcu.externaltools.gnu-tools-for-stm32.7-2018-q2-update.win32_1.0.0.201904181610/tools/bin/../lib/gcc/arm-none-eabi/7.3.1/thumb/v7e-m/fpv4-sp/hard\libgcc.a
LOAD c:/st/stm32cubeide_1.1.0/stm32cubeide/plugins/com.st.stm32cube.ide.mcu.externaltools.gnu-tools-for-stm32.7-2018-q2-update.win32_1.0.0.201904181610/tools/bin/../lib/gcc/arm-none-eabi/7.3.1/../../../../arm-none-eabi/lib/thumb/v7e-m/fpv4-sp/hard\libc_nano.a
END GROUP
START GROUP
LOAD c:/st/stm32cubeide_1.1.0/stm32cubeide/plugins/com.st.stm32cube.ide.mcu.externaltools.gnu-tools-for-stm32.7-2018-q2-update.win32_1.0.0.201904181610/tools/bin/../lib/gcc/arm-none-eabi/7.3.1/thumb/v7e-m/fpv4-sp/hard\libgcc.a
LOAD c:/st/stm32cubeide_1.1.0/stm32cubeide/plugins/com.st.stm32cube.ide.mcu.externaltools.gnu-tools-for-stm32.7-2018-q2-update.win32_1.0.0.201904181610/tools/bin/../lib/gcc/arm-none-eabi/7.3.1/../../../../arm-none-eabi/lib/thumb/v7e-m/fpv4-sp/hard\libc_nano.a
LOAD c:/st/stm32cubeide_1.1.0/stm32cubeide/plugins/com.st.stm32cube.ide.mcu.externaltools.gnu-tools-for-stm32.7-2018-q2-update.win32_1.0.0.201904181610/tools/bin/../lib/gcc/arm-none-eabi/7.3.1/../../../../arm-none-eabi/lib/thumb/v7e-m/fpv4-sp/hard\libnosys.a
END GROUP
START GROUP
LOAD c:/st/stm32cubeide_1.1.0/stm32cubeide/plugins/com.st.stm32cube.ide.mcu.externaltools.gnu-tools-for-stm32.7-2018-q2-update.win32_1.0.0.201904181610/tools/bin/../lib/gcc/arm-none-eabi/7.3.1/thumb/v7e-m/fpv4-sp/hard\libgcc.a
LOAD c:/st/stm32cubeide_1.1.0/stm32cubeide/plugins/com.st.stm32cube.ide.mcu.externaltools.gnu-tools-for-stm32.7-2018-q2-update.win32_1.0.0.201904181610/tools/bin/../lib/gcc/arm-none-eabi/7.3.1/../../../../arm-none-eabi/lib/thumb/v7e-m/fpv4-sp/hard\libc_nano.a
LOAD c:/st/stm32cubeide_1.1.0/stm32cubeide/plugins/com.st.stm32cube.ide.mcu.externaltools.gnu-tools-for-stm32.7-2018-q2-update.win32_1.0.0.201904181610/tools/bin/../lib/gcc/arm-none-eabi/7.3.1/../../../../arm-none-eabi/lib/thumb/v7e-m/fpv4-sp/hard\libnosys.a
END GROUP
LOAD c:/st/stm32cubeide_1.1.0/stm32cubeide/plugins/com.st.stm32cube.ide.mcu.externaltools.gnu-tools-for-stm32.7-2018-q2-update.win32_1.0.0.201904181610/tools/bin/../lib/gcc/arm-none-eabi/7.3.1/thumb/v7e-m/fpv4-sp/hard/crtend.o
LOAD c:/st/stm32cubeide_1.1.0/stm32cubeide/plugins/com.st.stm32cube.ide.mcu.externaltools.gnu-tools-for-stm32.7-2018-q2-update.win32_1.0.0.201904181610/tools/bin/../lib/gcc/arm-none-eabi/7.3.1/thumb/v7e-m/fpv4-sp/hard/crtn.o
                0x0000000020050000                _estack = (ORIGIN (RAM) + LENGTH (RAM))
                0x0000000000000200                _Min_Heap_Size = 0x200
                0x0000000000000400                _Min_Stack_Size = 0x400

.isr_vector     0x0000000008000000      0x1c8
                0x0000000008000000                . = ALIGN (0x4)
 *(.isr_vector)
 .isr_vector    0x0000000008000000      0x1c8 Core/Startup/startup_stm32f746zgtx.o
                0x0000000008000000                g_pfnVectors
                0x00000000080001c8                . = ALIGN (0x4)

.text           0x00000000080001c8     0x5fb4
                0x00000000080001c8                . = ALIGN (0x4)
 *(.text)
 .text          0x00000000080001c8       0x40 c:/st/stm32cubeide_1.1.0/stm32cubeide/plugins/com.st.stm32cube.ide.mcu.externaltools.gnu-tools-for-stm32.7-2018-q2-update.win32_1.0.0.201904181610/tools/bin/../lib/gcc/arm-none-eabi/7.3.1/thumb/v7e-m/fpv4-sp/hard/crtbegin.o
 .text          0x0000000008000208       0x30 c:/st/stm32cubeide_1.1.0/stm32cubeide/plugins/com.st.stm32cube.ide.mcu.externaltools.gnu-tools-for-stm32.7-2018-q2-update.win32_1.0.0.201904181610/tools/bin/../lib/gcc/arm-none-eabi/7.3.1/thumb/v7e-m/fpv4-sp/hard\libgcc.a(_aeabi_uldivmod.o)
                0x0000000008000208                __aeabi_uldivmod
 .text          0x0000000008000238      0x2cc c:/st/stm32cubeide_1.1.0/stm32cubeide/plugins/com.st.stm32cube.ide.mcu.externaltools.gnu-tools-for-stm32.7-2018-q2-update.win32_1.0.0.201904181610/tools/bin/../lib/gcc/arm-none-eabi/7.3.1/thumb/v7e-m/fpv4-sp/hard\libgcc.a(_udivmoddi4.o)
                0x0000000008000238                __udivmoddi4
 .text          0x0000000008000504        0x4 c:/st/stm32cubeide_1.1.0/stm32cubeide/plugins/com.st.stm32cube.ide.mcu.externaltools.gnu-tools-for-stm32.7-2018-q2-update.win32_1.0.0.201904181610/tools/bin/../lib/gcc/arm-none-eabi/7.3.1/thumb/v7e-m/fpv4-sp/hard\libgcc.a(_dvmd_tls.o)
                0x0000000008000504                __aeabi_idiv0
                0x0000000008000504                __aeabi_ldiv0
 *(.text*)
 .text.Run_AutomaticMode
                0x0000000008000508       0x38 Core/Src/Automatic_Mode.o
                0x0000000008000508                Run_AutomaticMode
 .text.Start_Machine
                0x0000000008000540      0x248 Core/Src/Automatic_Mode.o
                0x0000000008000540                Start_Machine
 .text.HAL_TIM_PeriodElapsedCallback
                0x0000000008000788      0x20c Core/Src/Automatic_Mode.o
                0x0000000008000788                HAL_TIM_PeriodElapsedCallback
 .text.Stop_Machine
                0x0000000008000994       0x30 Core/Src/Automatic_Mode.o
                0x0000000008000994                Stop_Machine
 .text.Get_Cylinder_Position
                0x00000000080009c4       0x28 Core/Src/Automatic_Mode.o
                0x00000000080009c4                Get_Cylinder_Position
 .text.Set_Cylinder_Position
                0x00000000080009ec       0x28 Core/Src/Automatic_Mode.o
                0x00000000080009ec                Set_Cylinder_Position
 .text.Start_APBx_Timer_Interrupt
                0x0000000008000a14      0x104 Core/Src/Automatic_Mode.o
                0x0000000008000a14                Start_APBx_Timer_Interrupt
 .text.Stop_APBx_Timer_Interrupt
                0x0000000008000b18       0xa0 Core/Src/Automatic_Mode.o
                0x0000000008000b18                Stop_APBx_Timer_Interrupt
 .text.Run_ManualMode
                0x0000000008000bb8       0x2a Core/Src/Manual_Mode.o
                0x0000000008000bb8                Run_ManualMode
 .text.Start_Manual_Operation
                0x0000000008000be2       0x54 Core/Src/Manual_Mode.o
                0x0000000008000be2                Start_Manual_Operation
 *fill*         0x0000000008000c36        0x2 
 .text.MX_ETH_Init
                0x0000000008000c38       0x80 Core/Src/eth.o
                0x0000000008000c38                MX_ETH_Init
 .text.HAL_ETH_MspInit
                0x0000000008000cb8      0x170 Core/Src/eth.o
                0x0000000008000cb8                HAL_ETH_MspInit
 .text.MX_GPIO_Init
                0x0000000008000e28      0x26c Core/Src/gpio.o
                0x0000000008000e28                MX_GPIO_Init
 .text.Set_Cylinder_Direction
                0x0000000008001094       0x7c Core/Src/gpio.o
                0x0000000008001094                Set_Cylinder_Direction
 .text.Cylinder1_Action
                0x0000000008001110      0x148 Core/Src/gpio.o
                0x0000000008001110                Cylinder1_Action
 .text.Cylinder2_Action
                0x0000000008001258      0x140 Core/Src/gpio.o
                0x0000000008001258                Cylinder2_Action
 .text.Cylinder3_Action
                0x0000000008001398      0x14c Core/Src/gpio.o
                0x0000000008001398                Cylinder3_Action
 .text.Cylinder4_Action
                0x00000000080014e4      0x154 Core/Src/gpio.o
                0x00000000080014e4                Cylinder4_Action
 .text.Cylinder5_Action
                0x0000000008001638      0x15c Core/Src/gpio.o
                0x0000000008001638                Cylinder5_Action
 .text.Cylinder6_Action
                0x0000000008001794      0x160 Core/Src/gpio.o
                0x0000000008001794                Cylinder6_Action
 .text.Get_Pedal_State
                0x00000000080018f4      0x184 Core/Src/gpio.o
                0x00000000080018f4                Get_Pedal_State
 .text.main     0x0000000008001a78       0x6c Core/Src/main.o
                0x0000000008001a78                main
 .text.SystemClock_Config
                0x0000000008001ae4      0x12c Core/Src/main.o
                0x0000000008001ae4                SystemClock_Config
 .text.Device_init
                0x0000000008001c10      0x1b8 Core/Src/main.o
                0x0000000008001c10                Device_init
 .text.Error_Handler
                0x0000000008001dc8        0xe Core/Src/main.o
                0x0000000008001dc8                Error_Handler
 *fill*         0x0000000008001dd6        0x2 
 .text.HAL_MspInit
                0x0000000008001dd8       0x48 Core/Src/stm32f7xx_hal_msp.o
                0x0000000008001dd8                HAL_MspInit
 .text.NMI_Handler
                0x0000000008001e20        0xe Core/Src/stm32f7xx_it.o
                0x0000000008001e20                NMI_Handler
 .text.HardFault_Handler
                0x0000000008001e2e        0x6 Core/Src/stm32f7xx_it.o
                0x0000000008001e2e                HardFault_Handler
 .text.MemManage_Handler
                0x0000000008001e34        0x6 Core/Src/stm32f7xx_it.o
                0x0000000008001e34                MemManage_Handler
 .text.BusFault_Handler
                0x0000000008001e3a        0x6 Core/Src/stm32f7xx_it.o
                0x0000000008001e3a                BusFault_Handler
 .text.UsageFault_Handler
                0x0000000008001e40        0x6 Core/Src/stm32f7xx_it.o
                0x0000000008001e40                UsageFault_Handler
 .text.SVC_Handler
                0x0000000008001e46        0xe Core/Src/stm32f7xx_it.o
                0x0000000008001e46                SVC_Handler
 .text.DebugMon_Handler
                0x0000000008001e54        0xe Core/Src/stm32f7xx_it.o
                0x0000000008001e54                DebugMon_Handler
 .text.PendSV_Handler
                0x0000000008001e62        0xe Core/Src/stm32f7xx_it.o
                0x0000000008001e62                PendSV_Handler
 .text.SysTick_Handler
                0x0000000008001e70        0xc Core/Src/stm32f7xx_it.o
                0x0000000008001e70                SysTick_Handler
 .text.TIM1_BRK_TIM9_IRQHandler
                0x0000000008001e7c       0x14 Core/Src/stm32f7xx_it.o
                0x0000000008001e7c                TIM1_BRK_TIM9_IRQHandler
 .text.TIM1_UP_TIM10_IRQHandler
                0x0000000008001e90       0x14 Core/Src/stm32f7xx_it.o
                0x0000000008001e90                TIM1_UP_TIM10_IRQHandler
 .text.TIM1_TRG_COM_TIM11_IRQHandler
                0x0000000008001ea4       0x14 Core/Src/stm32f7xx_it.o
                0x0000000008001ea4                TIM1_TRG_COM_TIM11_IRQHandler
 .text.TIM1_CC_IRQHandler
                0x0000000008001eb8       0x14 Core/Src/stm32f7xx_it.o
                0x0000000008001eb8                TIM1_CC_IRQHandler
 .text.TIM2_IRQHandler
                0x0000000008001ecc       0x14 Core/Src/stm32f7xx_it.o
                0x0000000008001ecc                TIM2_IRQHandler
 .text.TIM3_IRQHandler
                0x0000000008001ee0       0x14 Core/Src/stm32f7xx_it.o
                0x0000000008001ee0                TIM3_IRQHandler
 .text.TIM4_IRQHandler
                0x0000000008001ef4       0x14 Core/Src/stm32f7xx_it.o
                0x0000000008001ef4                TIM4_IRQHandler
 .text.EXTI15_10_IRQHandler
                0x0000000008001f08       0x18 Core/Src/stm32f7xx_it.o
                0x0000000008001f08                EXTI15_10_IRQHandler
 .text.TIM5_IRQHandler
                0x0000000008001f20       0x14 Core/Src/stm32f7xx_it.o
                0x0000000008001f20                TIM5_IRQHandler
 .text.TIM6_DAC_IRQHandler
                0x0000000008001f34       0x14 Core/Src/stm32f7xx_it.o
                0x0000000008001f34                TIM6_DAC_IRQHandler
 .text.HAL_GPIO_EXTI_Callback
                0x0000000008001f48       0x40 Core/Src/stm32f7xx_it.o
                0x0000000008001f48                HAL_GPIO_EXTI_Callback
 .text.SystemInit
                0x0000000008001f88       0x6c Core/Src/system_stm32f7xx.o
                0x0000000008001f88                SystemInit
 .text.MX_TIM1_Init
                0x0000000008001ff4       0xa4 Core/Src/tim.o
                0x0000000008001ff4                MX_TIM1_Init
 .text.MX_TIM2_Init
                0x0000000008002098       0x98 Core/Src/tim.o
                0x0000000008002098                MX_TIM2_Init
 .text.MX_TIM3_Init
                0x0000000008002130       0x9c Core/Src/tim.o
                0x0000000008002130                MX_TIM3_Init
 .text.MX_TIM4_Init
                0x00000000080021cc       0x9c Core/Src/tim.o
                0x00000000080021cc                MX_TIM4_Init
 .text.MX_TIM5_Init
                0x0000000008002268       0x9c Core/Src/tim.o
                0x0000000008002268                MX_TIM5_Init
 .text.MX_TIM6_Init
                0x0000000008002304       0x6c Core/Src/tim.o
                0x0000000008002304                MX_TIM6_Init
 .text.HAL_TIM_Base_MspInit
                0x0000000008002370      0x190 Core/Src/tim.o
                0x0000000008002370                HAL_TIM_Base_MspInit
 .text.MX_USART3_UART_Init
                0x0000000008002500       0x60 Core/Src/usart.o
                0x0000000008002500                MX_USART3_UART_Init
 .text.HAL_UART_MspInit
                0x0000000008002560       0x88 Core/Src/usart.o
                0x0000000008002560                HAL_UART_MspInit
 .text.MX_USB_OTG_FS_PCD_Init
                0x00000000080025e8       0x5c Core/Src/usb_otg.o
                0x00000000080025e8                MX_USB_OTG_FS_PCD_Init
 .text.HAL_PCD_MspInit
                0x0000000008002644       0xb8 Core/Src/usb_otg.o
                0x0000000008002644                HAL_PCD_MspInit
 .text.Reset_Handler
                0x00000000080026fc       0x50 Core/Startup/startup_stm32f746zgtx.o
                0x00000000080026fc                Reset_Handler
 .text.Default_Handler
                0x000000000800274c        0x2 Core/Startup/startup_stm32f746zgtx.o
                0x000000000800274c                RTC_Alarm_IRQHandler
                0x000000000800274c                EXTI2_IRQHandler
                0x000000000800274c                TIM8_CC_IRQHandler
                0x000000000800274c                UART8_IRQHandler
                0x000000000800274c                SPI4_IRQHandler
                0x000000000800274c                DMA2_Stream5_IRQHandler
                0x000000000800274c                DMA1_Stream5_IRQHandler
                0x000000000800274c                PVD_IRQHandler
                0x000000000800274c                TAMP_STAMP_IRQHandler
                0x000000000800274c                CAN2_RX1_IRQHandler
                0x000000000800274c                EXTI3_IRQHandler
                0x000000000800274c                TIM8_TRG_COM_TIM14_IRQHandler
                0x000000000800274c                TIM8_UP_TIM13_IRQHandler
                0x000000000800274c                I2C3_ER_IRQHandler
                0x000000000800274c                EXTI0_IRQHandler
                0x000000000800274c                I2C2_EV_IRQHandler
                0x000000000800274c                DMA1_Stream2_IRQHandler
                0x000000000800274c                CAN1_RX0_IRQHandler
                0x000000000800274c                FPU_IRQHandler
                0x000000000800274c                OTG_HS_WKUP_IRQHandler
                0x000000000800274c                LTDC_ER_IRQHandler
                0x000000000800274c                CAN2_SCE_IRQHandler
                0x000000000800274c                DMA2_Stream2_IRQHandler
                0x000000000800274c                SPI1_IRQHandler
                0x000000000800274c                DCMI_IRQHandler
                0x000000000800274c                CAN2_RX0_IRQHandler
                0x000000000800274c                DMA2_Stream3_IRQHandler
                0x000000000800274c                SAI2_IRQHandler
                0x000000000800274c                USART6_IRQHandler
                0x000000000800274c                USART3_IRQHandler
                0x000000000800274c                CAN1_RX1_IRQHandler
                0x000000000800274c                UART5_IRQHandler
                0x000000000800274c                DMA2_Stream0_IRQHandler
                0x000000000800274c                QUADSPI_IRQHandler
                0x000000000800274c                I2C1_EV_IRQHandler
                0x000000000800274c                DMA1_Stream6_IRQHandler
                0x000000000800274c                DMA1_Stream1_IRQHandler
                0x000000000800274c                UART4_IRQHandler
                0x000000000800274c                RCC_IRQHandler
                0x000000000800274c                TIM8_BRK_TIM12_IRQHandler
                0x000000000800274c                Default_Handler
                0x000000000800274c                CEC_IRQHandler
                0x000000000800274c                ADC_IRQHandler
                0x000000000800274c                DMA1_Stream7_IRQHandler
                0x000000000800274c                SPI5_IRQHandler
                0x000000000800274c                TIM7_IRQHandler
                0x000000000800274c                SDMMC1_IRQHandler
                0x000000000800274c                CAN2_TX_IRQHandler
                0x000000000800274c                DMA2_Stream7_IRQHandler
                0x000000000800274c                I2C3_EV_IRQHandler
                0x000000000800274c                EXTI9_5_IRQHandler
                0x000000000800274c                RTC_WKUP_IRQHandler
                0x000000000800274c                LTDC_IRQHandler
                0x000000000800274c                ETH_WKUP_IRQHandler
                0x000000000800274c                SPDIF_RX_IRQHandler
                0x000000000800274c                SPI2_IRQHandler
                0x000000000800274c                OTG_HS_EP1_IN_IRQHandler
                0x000000000800274c                DMA1_Stream0_IRQHandler
                0x000000000800274c                CAN1_TX_IRQHandler
                0x000000000800274c                EXTI4_IRQHandler
                0x000000000800274c                RNG_IRQHandler
                0x000000000800274c                ETH_IRQHandler
                0x000000000800274c                OTG_HS_EP1_OUT_IRQHandler
                0x000000000800274c                WWDG_IRQHandler
                0x000000000800274c                SPI6_IRQHandler
                0x000000000800274c                I2C4_EV_IRQHandler
                0x000000000800274c                OTG_FS_WKUP_IRQHandler
                0x000000000800274c                OTG_HS_IRQHandler
                0x000000000800274c                DMA2D_IRQHandler
                0x000000000800274c                EXTI1_IRQHandler
                0x000000000800274c                UART7_IRQHandler
                0x000000000800274c                USART2_IRQHandler
                0x000000000800274c                I2C2_ER_IRQHandler
                0x000000000800274c                DMA2_Stream1_IRQHandler
                0x000000000800274c                CAN1_SCE_IRQHandler
                0x000000000800274c                FLASH_IRQHandler
                0x000000000800274c                DMA2_Stream4_IRQHandler
                0x000000000800274c                USART1_IRQHandler
                0x000000000800274c                OTG_FS_IRQHandler
                0x000000000800274c                SPI3_IRQHandler
                0x000000000800274c                DMA1_Stream4_IRQHandler
                0x000000000800274c                I2C1_ER_IRQHandler
                0x000000000800274c                FMC_IRQHandler
                0x000000000800274c                LPTIM1_IRQHandler
                0x000000000800274c                I2C4_ER_IRQHandler
                0x000000000800274c                DMA2_Stream6_IRQHandler
                0x000000000800274c                SAI1_IRQHandler
                0x000000000800274c                DMA1_Stream3_IRQHandler
 .text.HAL_Init
                0x000000000800274e       0x1a Drivers/STM32F7xx_HAL_Driver/Src/stm32f7xx_hal.o
                0x000000000800274e                HAL_Init
 .text.HAL_InitTick
                0x0000000008002768       0x60 Drivers/STM32F7xx_HAL_Driver/Src/stm32f7xx_hal.o
                0x0000000008002768                HAL_InitTick
 .text.HAL_IncTick
                0x00000000080027c8       0x28 Drivers/STM32F7xx_HAL_Driver/Src/stm32f7xx_hal.o
                0x00000000080027c8                HAL_IncTick
 .text.HAL_GetTick
                0x00000000080027f0       0x18 Drivers/STM32F7xx_HAL_Driver/Src/stm32f7xx_hal.o
                0x00000000080027f0                HAL_GetTick
 .text.HAL_Delay
                0x0000000008002808       0x44 Drivers/STM32F7xx_HAL_Driver/Src/stm32f7xx_hal.o
                0x0000000008002808                HAL_Delay
 .text.__NVIC_SetPriorityGrouping
                0x000000000800284c       0x48 Drivers/STM32F7xx_HAL_Driver/Src/stm32f7xx_hal_cortex.o
 .text.__NVIC_GetPriorityGrouping
                0x0000000008002894       0x1c Drivers/STM32F7xx_HAL_Driver/Src/stm32f7xx_hal_cortex.o
 .text.__NVIC_EnableIRQ
                0x00000000080028b0       0x3c Drivers/STM32F7xx_HAL_Driver/Src/stm32f7xx_hal_cortex.o
 .text.__NVIC_SetPriority
                0x00000000080028ec       0x54 Drivers/STM32F7xx_HAL_Driver/Src/stm32f7xx_hal_cortex.o
 .text.NVIC_EncodePriority
                0x0000000008002940       0x66 Drivers/STM32F7xx_HAL_Driver/Src/stm32f7xx_hal_cortex.o
 *fill*         0x00000000080029a6        0x2 
 .text.SysTick_Config
                0x00000000080029a8       0x44 Drivers/STM32F7xx_HAL_Driver/Src/stm32f7xx_hal_cortex.o
 .text.HAL_NVIC_SetPriorityGrouping
                0x00000000080029ec       0x16 Drivers/STM32F7xx_HAL_Driver/Src/stm32f7xx_hal_cortex.o
                0x00000000080029ec                HAL_NVIC_SetPriorityGrouping
 .text.HAL_NVIC_SetPriority
                0x0000000008002a02       0x38 Drivers/STM32F7xx_HAL_Driver/Src/stm32f7xx_hal_cortex.o
                0x0000000008002a02                HAL_NVIC_SetPriority
 .text.HAL_NVIC_EnableIRQ
                0x0000000008002a3a       0x1c Drivers/STM32F7xx_HAL_Driver/Src/stm32f7xx_hal_cortex.o
                0x0000000008002a3a                HAL_NVIC_EnableIRQ
 .text.HAL_SYSTICK_Config
                0x0000000008002a56       0x18 Drivers/STM32F7xx_HAL_Driver/Src/stm32f7xx_hal_cortex.o
                0x0000000008002a56                HAL_SYSTICK_Config
 *fill*         0x0000000008002a6e        0x2 
 .text.HAL_ETH_Init
                0x0000000008002a70      0x338 Drivers/STM32F7xx_HAL_Driver/Src/stm32f7xx_hal_eth.o
                0x0000000008002a70                HAL_ETH_Init
 .text.HAL_ETH_ReadPHYRegister
                0x0000000008002da8       0xd0 Drivers/STM32F7xx_HAL_Driver/Src/stm32f7xx_hal_eth.o
                0x0000000008002da8                HAL_ETH_ReadPHYRegister
 .text.HAL_ETH_WritePHYRegister
                0x0000000008002e78       0xcc Drivers/STM32F7xx_HAL_Driver/Src/stm32f7xx_hal_eth.o
                0x0000000008002e78                HAL_ETH_WritePHYRegister
 .text.ETH_MACDMAConfig
                0x0000000008002f44      0x394 Drivers/STM32F7xx_HAL_Driver/Src/stm32f7xx_hal_eth.o
 .text.ETH_MACAddressConfig
                0x00000000080032d8       0x70 Drivers/STM32F7xx_HAL_Driver/Src/stm32f7xx_hal_eth.o
 .text.HAL_GPIO_Init
                0x0000000008003348      0x354 Drivers/STM32F7xx_HAL_Driver/Src/stm32f7xx_hal_gpio.o
                0x0000000008003348                HAL_GPIO_Init
 .text.HAL_GPIO_ReadPin
                0x000000000800369c       0x30 Drivers/STM32F7xx_HAL_Driver/Src/stm32f7xx_hal_gpio.o
                0x000000000800369c                HAL_GPIO_ReadPin
 .text.HAL_GPIO_WritePin
                0x00000000080036cc       0x32 Drivers/STM32F7xx_HAL_Driver/Src/stm32f7xx_hal_gpio.o
                0x00000000080036cc                HAL_GPIO_WritePin
 *fill*         0x00000000080036fe        0x2 
 .text.HAL_GPIO_EXTI_IRQHandler
                0x0000000008003700       0x30 Drivers/STM32F7xx_HAL_Driver/Src/stm32f7xx_hal_gpio.o
                0x0000000008003700                HAL_GPIO_EXTI_IRQHandler
 .text.HAL_PCD_Init
                0x0000000008003730      0x230 Drivers/STM32F7xx_HAL_Driver/Src/stm32f7xx_hal_pcd.o
                0x0000000008003730                HAL_PCD_Init
 .text.HAL_PCDEx_ActivateLPM
                0x0000000008003960       0x48 Drivers/STM32F7xx_HAL_Driver/Src/stm32f7xx_hal_pcd_ex.o
                0x0000000008003960                HAL_PCDEx_ActivateLPM
 .text.HAL_PWR_EnableBkUpAccess
                0x00000000080039a8       0x20 Drivers/STM32F7xx_HAL_Driver/Src/stm32f7xx_hal_pwr.o
                0x00000000080039a8                HAL_PWR_EnableBkUpAccess
 .text.HAL_PWREx_EnableOverDrive
                0x00000000080039c8       0xa0 Drivers/STM32F7xx_HAL_Driver/Src/stm32f7xx_hal_pwr_ex.o
                0x00000000080039c8                HAL_PWREx_EnableOverDrive
 .text.HAL_RCC_OscConfig
                0x0000000008003a68      0x4e0 Drivers/STM32F7xx_HAL_Driver/Src/stm32f7xx_hal_rcc.o
                0x0000000008003a68                HAL_RCC_OscConfig
 .text.HAL_RCC_ClockConfig
                0x0000000008003f48      0x1d0 Drivers/STM32F7xx_HAL_Driver/Src/stm32f7xx_hal_rcc.o
                0x0000000008003f48                HAL_RCC_ClockConfig
 .text.HAL_RCC_GetSysClockFreq
                0x0000000008004118      0x1b0 Drivers/STM32F7xx_HAL_Driver/Src/stm32f7xx_hal_rcc.o
                0x0000000008004118                HAL_RCC_GetSysClockFreq
 .text.HAL_RCC_GetHCLKFreq
                0x00000000080042c8       0x18 Drivers/STM32F7xx_HAL_Driver/Src/stm32f7xx_hal_rcc.o
                0x00000000080042c8                HAL_RCC_GetHCLKFreq
 .text.HAL_RCC_GetPCLK1Freq
                0x00000000080042e0       0x28 Drivers/STM32F7xx_HAL_Driver/Src/stm32f7xx_hal_rcc.o
                0x00000000080042e0                HAL_RCC_GetPCLK1Freq
 .text.HAL_RCC_GetPCLK2Freq
                0x0000000008004308       0x28 Drivers/STM32F7xx_HAL_Driver/Src/stm32f7xx_hal_rcc.o
                0x0000000008004308                HAL_RCC_GetPCLK2Freq
 .text.HAL_RCCEx_PeriphCLKConfig
                0x0000000008004330      0x7dc Drivers/STM32F7xx_HAL_Driver/Src/stm32f7xx_hal_rcc_ex.o
                0x0000000008004330                HAL_RCCEx_PeriphCLKConfig
 .text.HAL_TIM_Base_Init
                0x0000000008004b0c       0x56 Drivers/STM32F7xx_HAL_Driver/Src/stm32f7xx_hal_tim.o
                0x0000000008004b0c                HAL_TIM_Base_Init
 *fill*         0x0000000008004b62        0x2 
 .text.HAL_TIM_Base_Start_IT
                0x0000000008004b64       0x54 Drivers/STM32F7xx_HAL_Driver/Src/stm32f7xx_hal_tim.o
                0x0000000008004b64                HAL_TIM_Base_Start_IT
 .text.HAL_TIM_Base_Stop_IT
                0x0000000008004bb8       0x56 Drivers/STM32F7xx_HAL_Driver/Src/stm32f7xx_hal_tim.o
                0x0000000008004bb8                HAL_TIM_Base_Stop_IT
 .text.HAL_TIM_IRQHandler
                0x0000000008004c0e      0x23e Drivers/STM32F7xx_HAL_Driver/Src/stm32f7xx_hal_tim.o
                0x0000000008004c0e                HAL_TIM_IRQHandler
 .text.HAL_TIM_ConfigClockSource
                0x0000000008004e4c      0x174 Drivers/STM32F7xx_HAL_Driver/Src/stm32f7xx_hal_tim.o
                0x0000000008004e4c                HAL_TIM_ConfigClockSource
 .text.HAL_TIM_OC_DelayElapsedCallback
                0x0000000008004fc0       0x14 Drivers/STM32F7xx_HAL_Driver/Src/stm32f7xx_hal_tim.o
                0x0000000008004fc0                HAL_TIM_OC_DelayElapsedCallback
 .text.HAL_TIM_IC_CaptureCallback
                0x0000000008004fd4       0x14 Drivers/STM32F7xx_HAL_Driver/Src/stm32f7xx_hal_tim.o
                0x0000000008004fd4                HAL_TIM_IC_CaptureCallback
 .text.HAL_TIM_PWM_PulseFinishedCallback
                0x0000000008004fe8       0x14 Drivers/STM32F7xx_HAL_Driver/Src/stm32f7xx_hal_tim.o
                0x0000000008004fe8                HAL_TIM_PWM_PulseFinishedCallback
 .text.HAL_TIM_TriggerCallback
                0x0000000008004ffc       0x14 Drivers/STM32F7xx_HAL_Driver/Src/stm32f7xx_hal_tim.o
                0x0000000008004ffc                HAL_TIM_TriggerCallback
 .text.TIM_Base_SetConfig
                0x0000000008005010      0x140 Drivers/STM32F7xx_HAL_Driver/Src/stm32f7xx_hal_tim.o
                0x0000000008005010                TIM_Base_SetConfig
 .text.TIM_TI1_ConfigInputStage
                0x0000000008005150       0x5e Drivers/STM32F7xx_HAL_Driver/Src/stm32f7xx_hal_tim.o
 .text.TIM_TI2_ConfigInputStage
                0x00000000080051ae       0x60 Drivers/STM32F7xx_HAL_Driver/Src/stm32f7xx_hal_tim.o
 .text.TIM_ITRx_SetConfig
                0x000000000800520e       0x36 Drivers/STM32F7xx_HAL_Driver/Src/stm32f7xx_hal_tim.o
 .text.TIM_ETR_SetConfig
                0x0000000008005244       0x40 Drivers/STM32F7xx_HAL_Driver/Src/stm32f7xx_hal_tim.o
                0x0000000008005244                TIM_ETR_SetConfig
 .text.HAL_TIMEx_MasterConfigSynchronization
                0x0000000008005284       0xb8 Drivers/STM32F7xx_HAL_Driver/Src/stm32f7xx_hal_tim_ex.o
                0x0000000008005284                HAL_TIMEx_MasterConfigSynchronization
 .text.HAL_TIMEx_CommutCallback
                0x000000000800533c       0x14 Drivers/STM32F7xx_HAL_Driver/Src/stm32f7xx_hal_tim_ex.o
                0x000000000800533c                HAL_TIMEx_CommutCallback
 .text.HAL_TIMEx_BreakCallback
                0x0000000008005350       0x14 Drivers/STM32F7xx_HAL_Driver/Src/stm32f7xx_hal_tim_ex.o
                0x0000000008005350                HAL_TIMEx_BreakCallback
 .text.HAL_TIMEx_Break2Callback
                0x0000000008005364       0x14 Drivers/STM32F7xx_HAL_Driver/Src/stm32f7xx_hal_tim_ex.o
                0x0000000008005364                HAL_TIMEx_Break2Callback
 .text.HAL_UART_Init
                0x0000000008005378       0x9c Drivers/STM32F7xx_HAL_Driver/Src/stm32f7xx_hal_uart.o
                0x0000000008005378                HAL_UART_Init
 .text.UART_SetConfig
                0x0000000008005414      0x548 Drivers/STM32F7xx_HAL_Driver/Src/stm32f7xx_hal_uart.o
                0x0000000008005414                UART_SetConfig
 .text.UART_AdvFeatureConfig
                0x000000000800595c      0x144 Drivers/STM32F7xx_HAL_Driver/Src/stm32f7xx_hal_uart.o
                0x000000000800595c                UART_AdvFeatureConfig
 .text.UART_CheckIdleState
                0x0000000008005aa0       0x5e Drivers/STM32F7xx_HAL_Driver/Src/stm32f7xx_hal_uart.o
                0x0000000008005aa0                UART_CheckIdleState
 .text.UART_WaitOnFlagUntilTimeout
                0x0000000008005afe       0x90 Drivers/STM32F7xx_HAL_Driver/Src/stm32f7xx_hal_uart.o
                0x0000000008005afe                UART_WaitOnFlagUntilTimeout
 *fill*         0x0000000008005b8e        0x2 
 .text.USB_CoreInit
                0x0000000008005b90       0xb0 Drivers/STM32F7xx_HAL_Driver/Src/stm32f7xx_ll_usb.o
                0x0000000008005b90                USB_CoreInit
 .text.USB_DisableGlobalInt
                0x0000000008005c40       0x22 Drivers/STM32F7xx_HAL_Driver/Src/stm32f7xx_ll_usb.o
                0x0000000008005c40                USB_DisableGlobalInt
 .text.USB_SetCurrentMode
                0x0000000008005c62       0x54 Drivers/STM32F7xx_HAL_Driver/Src/stm32f7xx_ll_usb.o
                0x0000000008005c62                USB_SetCurrentMode
 *fill*         0x0000000008005cb6        0x2 
 .text.USB_DevInit
                0x0000000008005cb8      0x2f8 Drivers/STM32F7xx_HAL_Driver/Src/stm32f7xx_ll_usb.o
                0x0000000008005cb8                USB_DevInit
 .text.USB_FlushTxFifo
                0x0000000008005fb0       0x4c Drivers/STM32F7xx_HAL_Driver/Src/stm32f7xx_ll_usb.o
                0x0000000008005fb0                USB_FlushTxFifo
 .text.USB_FlushRxFifo
                0x0000000008005ffc       0x44 Drivers/STM32F7xx_HAL_Driver/Src/stm32f7xx_ll_usb.o
                0x0000000008005ffc                USB_FlushRxFifo
 .text.USB_SetDevSpeed
                0x0000000008006040       0x32 Drivers/STM32F7xx_HAL_Driver/Src/stm32f7xx_ll_usb.o
                0x0000000008006040                USB_SetDevSpeed
 .text.USB_DevDisconnect
                0x0000000008006072       0x30 Drivers/STM32F7xx_HAL_Driver/Src/stm32f7xx_ll_usb.o
                0x0000000008006072                USB_DevDisconnect
 *fill*         0x00000000080060a2        0x2 
 .text.USB_CoreReset
                0x00000000080060a4       0x68 Drivers/STM32F7xx_HAL_Driver/Src/stm32f7xx_ll_usb.o
 .text.__libc_init_array
                0x000000000800610c       0x48 c:/st/stm32cubeide_1.1.0/stm32cubeide/plugins/com.st.stm32cube.ide.mcu.externaltools.gnu-tools-for-stm32.7-2018-q2-update.win32_1.0.0.201904181610/tools/bin/../lib/gcc/arm-none-eabi/7.3.1/../../../../arm-none-eabi/lib/thumb/v7e-m/fpv4-sp/hard\libc_nano.a(lib_a-init.o)
                0x000000000800610c                __libc_init_array
 .text.memset   0x0000000008006154       0x10 c:/st/stm32cubeide_1.1.0/stm32cubeide/plugins/com.st.stm32cube.ide.mcu.externaltools.gnu-tools-for-stm32.7-2018-q2-update.win32_1.0.0.201904181610/tools/bin/../lib/gcc/arm-none-eabi/7.3.1/../../../../arm-none-eabi/lib/thumb/v7e-m/fpv4-sp/hard\libc_nano.a(lib_a-memset.o)
                0x0000000008006154                memset
 *(.glue_7)
 .glue_7        0x0000000008006164        0x0 linker stubs
 *(.glue_7t)
 .glue_7t       0x0000000008006164        0x0 linker stubs
 *(.eh_frame)
 .eh_frame      0x0000000008006164        0x0 c:/st/stm32cubeide_1.1.0/stm32cubeide/plugins/com.st.stm32cube.ide.mcu.externaltools.gnu-tools-for-stm32.7-2018-q2-update.win32_1.0.0.201904181610/tools/bin/../lib/gcc/arm-none-eabi/7.3.1/thumb/v7e-m/fpv4-sp/hard/crtbegin.o
 *(.init)
 .init          0x0000000008006164        0x4 c:/st/stm32cubeide_1.1.0/stm32cubeide/plugins/com.st.stm32cube.ide.mcu.externaltools.gnu-tools-for-stm32.7-2018-q2-update.win32_1.0.0.201904181610/tools/bin/../lib/gcc/arm-none-eabi/7.3.1/thumb/v7e-m/fpv4-sp/hard/crti.o
                0x0000000008006164                _init
 .init          0x0000000008006168        0x8 c:/st/stm32cubeide_1.1.0/stm32cubeide/plugins/com.st.stm32cube.ide.mcu.externaltools.gnu-tools-for-stm32.7-2018-q2-update.win32_1.0.0.201904181610/tools/bin/../lib/gcc/arm-none-eabi/7.3.1/thumb/v7e-m/fpv4-sp/hard/crtn.o
 *(.fini)
 .fini          0x0000000008006170        0x4 c:/st/stm32cubeide_1.1.0/stm32cubeide/plugins/com.st.stm32cube.ide.mcu.externaltools.gnu-tools-for-stm32.7-2018-q2-update.win32_1.0.0.201904181610/tools/bin/../lib/gcc/arm-none-eabi/7.3.1/thumb/v7e-m/fpv4-sp/hard/crti.o
                0x0000000008006170                _fini
 .fini          0x0000000008006174        0x8 c:/st/stm32cubeide_1.1.0/stm32cubeide/plugins/com.st.stm32cube.ide.mcu.externaltools.gnu-tools-for-stm32.7-2018-q2-update.win32_1.0.0.201904181610/tools/bin/../lib/gcc/arm-none-eabi/7.3.1/thumb/v7e-m/fpv4-sp/hard/crtn.o
                0x000000000800617c                . = ALIGN (0x4)
                0x000000000800617c                _etext = .

.vfp11_veneer   0x000000000800617c        0x0
 .vfp11_veneer  0x000000000800617c        0x0 linker stubs

.v4_bx          0x000000000800617c        0x0
 .v4_bx         0x000000000800617c        0x0 linker stubs

.iplt           0x000000000800617c        0x0
 .iplt          0x000000000800617c        0x0 c:/st/stm32cubeide_1.1.0/stm32cubeide/plugins/com.st.stm32cube.ide.mcu.externaltools.gnu-tools-for-stm32.7-2018-q2-update.win32_1.0.0.201904181610/tools/bin/../lib/gcc/arm-none-eabi/7.3.1/thumb/v7e-m/fpv4-sp/hard/crtbegin.o

.rodata         0x000000000800617c       0x18
                0x000000000800617c                . = ALIGN (0x4)
 *(.rodata)
 *(.rodata*)
 .rodata.AHBPrescTable
                0x000000000800617c       0x10 Core/Src/system_stm32f7xx.o
                0x000000000800617c                AHBPrescTable
 .rodata.APBPrescTable
                0x000000000800618c        0x8 Core/Src/system_stm32f7xx.o
                0x000000000800618c                APBPrescTable
                0x0000000008006194                . = ALIGN (0x4)

.ARM.extab      0x0000000008006194        0x0
                0x0000000008006194                . = ALIGN (0x4)
 *(.ARM.extab* .gnu.linkonce.armextab.*)
                0x0000000008006194                . = ALIGN (0x4)

.ARM            0x0000000008006194        0x8
                0x0000000008006194                . = ALIGN (0x4)
                0x0000000008006194                __exidx_start = .
 *(.ARM.exidx*)
 .ARM.exidx     0x0000000008006194        0x8 c:/st/stm32cubeide_1.1.0/stm32cubeide/plugins/com.st.stm32cube.ide.mcu.externaltools.gnu-tools-for-stm32.7-2018-q2-update.win32_1.0.0.201904181610/tools/bin/../lib/gcc/arm-none-eabi/7.3.1/thumb/v7e-m/fpv4-sp/hard\libgcc.a(_udivmoddi4.o)
                0x000000000800619c                __exidx_end = .
                0x000000000800619c                . = ALIGN (0x4)

.rel.dyn        0x000000000800619c        0x0
 .rel.iplt      0x000000000800619c        0x0 c:/st/stm32cubeide_1.1.0/stm32cubeide/plugins/com.st.stm32cube.ide.mcu.externaltools.gnu-tools-for-stm32.7-2018-q2-update.win32_1.0.0.201904181610/tools/bin/../lib/gcc/arm-none-eabi/7.3.1/thumb/v7e-m/fpv4-sp/hard/crtbegin.o

.preinit_array  0x000000000800619c        0x0
                0x000000000800619c                . = ALIGN (0x4)
                0x000000000800619c                PROVIDE (__preinit_array_start = .)
 *(.preinit_array*)
                0x000000000800619c                PROVIDE (__preinit_array_end = .)
                0x000000000800619c                . = ALIGN (0x4)

.init_array     0x000000000800619c        0x4
                0x000000000800619c                . = ALIGN (0x4)
                0x000000000800619c                PROVIDE (__init_array_start = .)
 *(SORT_BY_NAME(.init_array.*))
 *(.init_array*)
 .init_array    0x000000000800619c        0x4 c:/st/stm32cubeide_1.1.0/stm32cubeide/plugins/com.st.stm32cube.ide.mcu.externaltools.gnu-tools-for-stm32.7-2018-q2-update.win32_1.0.0.201904181610/tools/bin/../lib/gcc/arm-none-eabi/7.3.1/thumb/v7e-m/fpv4-sp/hard/crtbegin.o
                0x00000000080061a0                PROVIDE (__init_array_end = .)
                0x00000000080061a0                . = ALIGN (0x4)

.fini_array     0x00000000080061a0        0x4
                0x00000000080061a0                . = ALIGN (0x4)
                [!provide]                        PROVIDE (__fini_array_start = .)
 *(SORT_BY_NAME(.fini_array.*))
 *(.fini_array*)
 .fini_array    0x00000000080061a0        0x4 c:/st/stm32cubeide_1.1.0/stm32cubeide/plugins/com.st.stm32cube.ide.mcu.externaltools.gnu-tools-for-stm32.7-2018-q2-update.win32_1.0.0.201904181610/tools/bin/../lib/gcc/arm-none-eabi/7.3.1/thumb/v7e-m/fpv4-sp/hard/crtbegin.o
                [!provide]                        PROVIDE (__fini_array_end = .)
                0x00000000080061a4                . = ALIGN (0x4)
                0x00000000080061a4                _sidata = LOADADDR (.data)

.data           0x0000000020000000        0xc load address 0x00000000080061a4
                0x0000000020000000                . = ALIGN (0x4)
                0x0000000020000000                _sdata = .
 *(.data)
 *(.data*)
 .data.SystemCoreClock
                0x0000000020000000        0x4 Core/Src/system_stm32f7xx.o
                0x0000000020000000                SystemCoreClock
 .data.uwTickPrio
                0x0000000020000004        0x4 Drivers/STM32F7xx_HAL_Driver/Src/stm32f7xx_hal.o
                0x0000000020000004                uwTickPrio
 .data.uwTickFreq
                0x0000000020000008        0x1 Drivers/STM32F7xx_HAL_Driver/Src/stm32f7xx_hal.o
                0x0000000020000008                uwTickFreq
                0x000000002000000c                . = ALIGN (0x4)
 *fill*         0x0000000020000009        0x3 
                0x000000002000000c                _edata = .

.igot.plt       0x000000002000000c        0x0 load address 0x00000000080061b0
 .igot.plt      0x000000002000000c        0x0 c:/st/stm32cubeide_1.1.0/stm32cubeide/plugins/com.st.stm32cube.ide.mcu.externaltools.gnu-tools-for-stm32.7-2018-q2-update.win32_1.0.0.201904181610/tools/bin/../lib/gcc/arm-none-eabi/7.3.1/thumb/v7e-m/fpv4-sp/hard/crtbegin.o
                0x000000002000000c                . = ALIGN (0x4)

.bss            0x000000002000000c      0x734 load address 0x00000000080061b0
                0x000000002000000c                _sbss = .
                0x000000002000000c                __bss_start__ = _sbss
 *(.bss)
 .bss           0x000000002000000c       0x1c c:/st/stm32cubeide_1.1.0/stm32cubeide/plugins/com.st.stm32cube.ide.mcu.externaltools.gnu-tools-for-stm32.7-2018-q2-update.win32_1.0.0.201904181610/tools/bin/../lib/gcc/arm-none-eabi/7.3.1/thumb/v7e-m/fpv4-sp/hard/crtbegin.o
 *(.bss*)
 .bss.Machine_information
                0x0000000020000028       0x7c Core/Src/Automatic_Mode.o
                0x0000000020000028                Machine_information
 .bss.Cylinder_position
                0x00000000200000a4       0x18 Core/Src/Automatic_Mode.o
                0x00000000200000a4                Cylinder_position
 .bss.Timer_counter
                0x00000000200000bc       0x18 Core/Src/Automatic_Mode.o
                0x00000000200000bc                Timer_counter
 .bss.Timer_timeout
                0x00000000200000d4       0x18 Core/Src/Automatic_Mode.o
                0x00000000200000d4                Timer_timeout
 .bss.Machine_Mode
                0x00000000200000ec        0x1 Core/Src/main.o
                0x00000000200000ec                Machine_Mode
 *(COMMON)
 *fill*         0x00000000200000ed        0x3 
 COMMON         0x00000000200000f0       0x48 Core/Src/eth.o
                0x00000000200000f0                heth
 COMMON         0x0000000020000138      0x180 Core/Src/tim.o
                0x0000000020000138                htim4
                0x0000000020000178                htim5
                0x00000000200001b8                htim3
                0x00000000200001f8                htim6
                0x0000000020000238                htim1
                0x0000000020000278                htim2
 COMMON         0x00000000200002b8       0x80 Core/Src/usart.o
                0x00000000200002b8                huart3
 COMMON         0x0000000020000338      0x404 Core/Src/usb_otg.o
                0x0000000020000338                hpcd_USB_OTG_FS
 COMMON         0x000000002000073c        0x4 Drivers/STM32F7xx_HAL_Driver/Src/stm32f7xx_hal.o
                0x000000002000073c                uwTick
                0x0000000020000740                . = ALIGN (0x4)
                0x0000000020000740                _ebss = .
                0x0000000020000740                __bss_end__ = _ebss

._user_heap_stack
                0x0000000020000740      0x600 load address 0x00000000080061b0
                0x0000000020000740                . = ALIGN (0x8)
                0x0000000020000740                PROVIDE (end = .)
                [!provide]                        PROVIDE (_end = .)
                0x0000000020000940                . = (. + _Min_Heap_Size)
 *fill*         0x0000000020000740      0x200 
                0x0000000020000d40                . = (. + _Min_Stack_Size)
 *fill*         0x0000000020000940      0x400 
                0x0000000020000d40                . = ALIGN (0x8)

/DISCARD/
 libc.a(*)
 libm.a(*)
 libgcc.a(*)

.ARM.attributes
                0x0000000000000000       0x30
 *(.ARM.attributes)
 .ARM.attributes
                0x0000000000000000       0x22 c:/st/stm32cubeide_1.1.0/stm32cubeide/plugins/com.st.stm32cube.ide.mcu.externaltools.gnu-tools-for-stm32.7-2018-q2-update.win32_1.0.0.201904181610/tools/bin/../lib/gcc/arm-none-eabi/7.3.1/thumb/v7e-m/fpv4-sp/hard/crti.o
 .ARM.attributes
                0x0000000000000022       0x34 c:/st/stm32cubeide_1.1.0/stm32cubeide/plugins/com.st.stm32cube.ide.mcu.externaltools.gnu-tools-for-stm32.7-2018-q2-update.win32_1.0.0.201904181610/tools/bin/../lib/gcc/arm-none-eabi/7.3.1/thumb/v7e-m/fpv4-sp/hard/crtbegin.o
 .ARM.attributes
                0x0000000000000056       0x39 Core/Src/Automatic_Mode.o
 .ARM.attributes
                0x000000000000008f       0x39 Core/Src/Manual_Mode.o
 .ARM.attributes
                0x00000000000000c8       0x39 Core/Src/eth.o
 .ARM.attributes
                0x0000000000000101       0x39 Core/Src/gpio.o
 .ARM.attributes
                0x000000000000013a       0x39 Core/Src/main.o
 .ARM.attributes
                0x0000000000000173       0x39 Core/Src/stm32f7xx_hal_msp.o
 .ARM.attributes
                0x00000000000001ac       0x39 Core/Src/stm32f7xx_it.o
 .ARM.attributes
                0x00000000000001e5       0x39 Core/Src/system_stm32f7xx.o
 .ARM.attributes
                0x000000000000021e       0x39 Core/Src/tim.o
 .ARM.attributes
                0x0000000000000257       0x39 Core/Src/usart.o
 .ARM.attributes
                0x0000000000000290       0x39 Core/Src/usb_otg.o
 .ARM.attributes
                0x00000000000002c9       0x21 Core/Startup/startup_stm32f746zgtx.o
 .ARM.attributes
                0x00000000000002ea       0x39 Drivers/STM32F7xx_HAL_Driver/Src/stm32f7xx_hal.o
 .ARM.attributes
                0x0000000000000323       0x39 Drivers/STM32F7xx_HAL_Driver/Src/stm32f7xx_hal_cortex.o
 .ARM.attributes
                0x000000000000035c       0x39 Drivers/STM32F7xx_HAL_Driver/Src/stm32f7xx_hal_eth.o
 .ARM.attributes
                0x0000000000000395       0x39 Drivers/STM32F7xx_HAL_Driver/Src/stm32f7xx_hal_gpio.o
 .ARM.attributes
                0x00000000000003ce       0x39 Drivers/STM32F7xx_HAL_Driver/Src/stm32f7xx_hal_pcd.o
 .ARM.attributes
                0x0000000000000407       0x39 Drivers/STM32F7xx_HAL_Driver/Src/stm32f7xx_hal_pcd_ex.o
 .ARM.attributes
                0x0000000000000440       0x39 Drivers/STM32F7xx_HAL_Driver/Src/stm32f7xx_hal_pwr.o
 .ARM.attributes
                0x0000000000000479       0x39 Drivers/STM32F7xx_HAL_Driver/Src/stm32f7xx_hal_pwr_ex.o
 .ARM.attributes
                0x00000000000004b2       0x39 Drivers/STM32F7xx_HAL_Driver/Src/stm32f7xx_hal_rcc.o
 .ARM.attributes
                0x00000000000004eb       0x39 Drivers/STM32F7xx_HAL_Driver/Src/stm32f7xx_hal_rcc_ex.o
 .ARM.attributes
                0x0000000000000524       0x39 Drivers/STM32F7xx_HAL_Driver/Src/stm32f7xx_hal_tim.o
 .ARM.attributes
                0x000000000000055d       0x39 Drivers/STM32F7xx_HAL_Driver/Src/stm32f7xx_hal_tim_ex.o
 .ARM.attributes
                0x0000000000000596       0x39 Drivers/STM32F7xx_HAL_Driver/Src/stm32f7xx_hal_uart.o
 .ARM.attributes
                0x00000000000005cf       0x39 Drivers/STM32F7xx_HAL_Driver/Src/stm32f7xx_ll_usb.o
 .ARM.attributes
                0x0000000000000608       0x34 c:/st/stm32cubeide_1.1.0/stm32cubeide/plugins/com.st.stm32cube.ide.mcu.externaltools.gnu-tools-for-stm32.7-2018-q2-update.win32_1.0.0.201904181610/tools/bin/../lib/gcc/arm-none-eabi/7.3.1/../../../../arm-none-eabi/lib/thumb/v7e-m/fpv4-sp/hard\libc_nano.a(lib_a-init.o)
 .ARM.attributes
                0x000000000000063c       0x34 c:/st/stm32cubeide_1.1.0/stm32cubeide/plugins/com.st.stm32cube.ide.mcu.externaltools.gnu-tools-for-stm32.7-2018-q2-update.win32_1.0.0.201904181610/tools/bin/../lib/gcc/arm-none-eabi/7.3.1/../../../../arm-none-eabi/lib/thumb/v7e-m/fpv4-sp/hard\libc_nano.a(lib_a-memset.o)
 .ARM.attributes
                0x0000000000000670       0x22 c:/st/stm32cubeide_1.1.0/stm32cubeide/plugins/com.st.stm32cube.ide.mcu.externaltools.gnu-tools-for-stm32.7-2018-q2-update.win32_1.0.0.201904181610/tools/bin/../lib/gcc/arm-none-eabi/7.3.1/thumb/v7e-m/fpv4-sp/hard\libgcc.a(_aeabi_uldivmod.o)
 .ARM.attributes
                0x0000000000000692       0x34 c:/st/stm32cubeide_1.1.0/stm32cubeide/plugins/com.st.stm32cube.ide.mcu.externaltools.gnu-tools-for-stm32.7-2018-q2-update.win32_1.0.0.201904181610/tools/bin/../lib/gcc/arm-none-eabi/7.3.1/thumb/v7e-m/fpv4-sp/hard\libgcc.a(_udivmoddi4.o)
 .ARM.attributes
                0x00000000000006c6       0x22 c:/st/stm32cubeide_1.1.0/stm32cubeide/plugins/com.st.stm32cube.ide.mcu.externaltools.gnu-tools-for-stm32.7-2018-q2-update.win32_1.0.0.201904181610/tools/bin/../lib/gcc/arm-none-eabi/7.3.1/thumb/v7e-m/fpv4-sp/hard\libgcc.a(_dvmd_tls.o)
 .ARM.attributes
                0x00000000000006e8       0x22 c:/st/stm32cubeide_1.1.0/stm32cubeide/plugins/com.st.stm32cube.ide.mcu.externaltools.gnu-tools-for-stm32.7-2018-q2-update.win32_1.0.0.201904181610/tools/bin/../lib/gcc/arm-none-eabi/7.3.1/thumb/v7e-m/fpv4-sp/hard/crtn.o
OUTPUT(Automation.elf elf32-littlearm)

.debug_info     0x0000000000000000    0x151cf
 .debug_info    0x0000000000000000      0xa9c Core/Src/Automatic_Mode.o
 .debug_info    0x0000000000000a9c      0x245 Core/Src/Manual_Mode.o
 .debug_info    0x0000000000000ce1      0xc6b Core/Src/eth.o
 .debug_info    0x000000000000194c      0xac9 Core/Src/gpio.o
 .debug_info    0x0000000000002415     0x1c4b Core/Src/main.o
 .debug_info    0x0000000000004060      0x389 Core/Src/stm32f7xx_hal_msp.o
 .debug_info    0x00000000000043e9      0x8fb Core/Src/stm32f7xx_it.o
 .debug_info    0x0000000000004ce4      0x73d Core/Src/system_stm32f7xx.o
 .debug_info    0x0000000000005421      0xe3a Core/Src/tim.o
 .debug_info    0x000000000000625b      0xa80 Core/Src/usart.o
 .debug_info    0x0000000000006cdb      0xa0c Core/Src/usb_otg.o
 .debug_info    0x00000000000076e7       0x22 Core/Startup/startup_stm32f746zgtx.o
 .debug_info    0x0000000000007709      0x9c4 Drivers/STM32F7xx_HAL_Driver/Src/stm32f7xx_hal.o
 .debug_info    0x00000000000080cd     0x104a Drivers/STM32F7xx_HAL_Driver/Src/stm32f7xx_hal_cortex.o
 .debug_info    0x0000000000009117     0x149c Drivers/STM32F7xx_HAL_Driver/Src/stm32f7xx_hal_eth.o
 .debug_info    0x000000000000a5b3      0x7dc Drivers/STM32F7xx_HAL_Driver/Src/stm32f7xx_hal_gpio.o
 .debug_info    0x000000000000ad8f     0x1139 Drivers/STM32F7xx_HAL_Driver/Src/stm32f7xx_hal_pcd.o
 .debug_info    0x000000000000bec8      0x810 Drivers/STM32F7xx_HAL_Driver/Src/stm32f7xx_hal_pcd_ex.o
 .debug_info    0x000000000000c6d8      0x9b4 Drivers/STM32F7xx_HAL_Driver/Src/stm32f7xx_hal_pwr.o
 .debug_info    0x000000000000d08c      0x96b Drivers/STM32F7xx_HAL_Driver/Src/stm32f7xx_hal_pwr_ex.o
 .debug_info    0x000000000000d9f7      0x926 Drivers/STM32F7xx_HAL_Driver/Src/stm32f7xx_hal_rcc.o
 .debug_info    0x000000000000e31d      0x7ad Drivers/STM32F7xx_HAL_Driver/Src/stm32f7xx_hal_rcc_ex.o
 .debug_info    0x000000000000eaca     0x25a0 Drivers/STM32F7xx_HAL_Driver/Src/stm32f7xx_hal_tim.o
 .debug_info    0x000000000001106a     0x121c Drivers/STM32F7xx_HAL_Driver/Src/stm32f7xx_hal_tim_ex.o
 .debug_info    0x0000000000012286     0x1639 Drivers/STM32F7xx_HAL_Driver/Src/stm32f7xx_hal_uart.o
 .debug_info    0x00000000000138bf     0x1910 Drivers/STM32F7xx_HAL_Driver/Src/stm32f7xx_ll_usb.o

.debug_abbrev   0x0000000000000000     0x2ebe
 .debug_abbrev  0x0000000000000000      0x252 Core/Src/Automatic_Mode.o
 .debug_abbrev  0x0000000000000252       0xef Core/Src/Manual_Mode.o
 .debug_abbrev  0x0000000000000341      0x1a9 Core/Src/eth.o
 .debug_abbrev  0x00000000000004ea      0x1f8 Core/Src/gpio.o
 .debug_abbrev  0x00000000000006e2      0x212 Core/Src/main.o
 .debug_abbrev  0x00000000000008f4      0x109 Core/Src/stm32f7xx_hal_msp.o
 .debug_abbrev  0x00000000000009fd      0x19b Core/Src/stm32f7xx_it.o
 .debug_abbrev  0x0000000000000b98      0x147 Core/Src/system_stm32f7xx.o
 .debug_abbrev  0x0000000000000cdf      0x1dc Core/Src/tim.o
 .debug_abbrev  0x0000000000000ebb      0x199 Core/Src/usart.o
 .debug_abbrev  0x0000000000001054      0x1b2 Core/Src/usb_otg.o
 .debug_abbrev  0x0000000000001206       0x12 Core/Startup/startup_stm32f746zgtx.o
 .debug_abbrev  0x0000000000001218      0x1c7 Drivers/STM32F7xx_HAL_Driver/Src/stm32f7xx_hal.o
 .debug_abbrev  0x00000000000013df      0x2fa Drivers/STM32F7xx_HAL_Driver/Src/stm32f7xx_hal_cortex.o
 .debug_abbrev  0x00000000000016d9      0x23e Drivers/STM32F7xx_HAL_Driver/Src/stm32f7xx_hal_eth.o
 .debug_abbrev  0x0000000000001917      0x1c9 Drivers/STM32F7xx_HAL_Driver/Src/stm32f7xx_hal_gpio.o
 .debug_abbrev  0x0000000000001ae0      0x257 Drivers/STM32F7xx_HAL_Driver/Src/stm32f7xx_hal_pcd.o
 .debug_abbrev  0x0000000000001d37      0x1c0 Drivers/STM32F7xx_HAL_Driver/Src/stm32f7xx_hal_pcd_ex.o
 .debug_abbrev  0x0000000000001ef7      0x1b6 Drivers/STM32F7xx_HAL_Driver/Src/stm32f7xx_hal_pwr.o
 .debug_abbrev  0x00000000000020ad      0x1b8 Drivers/STM32F7xx_HAL_Driver/Src/stm32f7xx_hal_pwr_ex.o
 .debug_abbrev  0x0000000000002265      0x21a Drivers/STM32F7xx_HAL_Driver/Src/stm32f7xx_hal_rcc.o
 .debug_abbrev  0x000000000000247f      0x1ad Drivers/STM32F7xx_HAL_Driver/Src/stm32f7xx_hal_rcc_ex.o
 .debug_abbrev  0x000000000000262c      0x230 Drivers/STM32F7xx_HAL_Driver/Src/stm32f7xx_hal_tim.o
 .debug_abbrev  0x000000000000285c      0x21e Drivers/STM32F7xx_HAL_Driver/Src/stm32f7xx_hal_tim_ex.o
 .debug_abbrev  0x0000000000002a7a      0x205 Drivers/STM32F7xx_HAL_Driver/Src/stm32f7xx_hal_uart.o
 .debug_abbrev  0x0000000000002c7f      0x23f Drivers/STM32F7xx_HAL_Driver/Src/stm32f7xx_ll_usb.o

.debug_aranges  0x0000000000000000     0x12c8
 .debug_aranges
                0x0000000000000000       0x60 Core/Src/Automatic_Mode.o
 .debug_aranges
                0x0000000000000060       0x28 Core/Src/Manual_Mode.o
 .debug_aranges
                0x0000000000000088       0x30 Core/Src/eth.o
 .debug_aranges
                0x00000000000000b8       0x60 Core/Src/gpio.o
 .debug_aranges
                0x0000000000000118       0x38 Core/Src/main.o
 .debug_aranges
                0x0000000000000150       0x20 Core/Src/stm32f7xx_hal_msp.o
 .debug_aranges
                0x0000000000000170       0xb8 Core/Src/stm32f7xx_it.o
 .debug_aranges
                0x0000000000000228       0x28 Core/Src/system_stm32f7xx.o
 .debug_aranges
                0x0000000000000250       0x58 Core/Src/tim.o
 .debug_aranges
                0x00000000000002a8       0x30 Core/Src/usart.o
 .debug_aranges
                0x00000000000002d8       0x30 Core/Src/usb_otg.o
 .debug_aranges
                0x0000000000000308       0x28 Core/Startup/startup_stm32f746zgtx.o
 .debug_aranges
                0x0000000000000330      0x100 Drivers/STM32F7xx_HAL_Driver/Src/stm32f7xx_hal.o
 .debug_aranges
                0x0000000000000430      0x118 Drivers/STM32F7xx_HAL_Driver/Src/stm32f7xx_hal_cortex.o
 .debug_aranges
                0x0000000000000548      0x110 Drivers/STM32F7xx_HAL_Driver/Src/stm32f7xx_hal_eth.o
 .debug_aranges
                0x0000000000000658       0x58 Drivers/STM32F7xx_HAL_Driver/Src/stm32f7xx_hal_gpio.o
 .debug_aranges
                0x00000000000006b0      0x130 Drivers/STM32F7xx_HAL_Driver/Src/stm32f7xx_hal_pcd.o
 .debug_aranges
                0x00000000000007e0       0x48 Drivers/STM32F7xx_HAL_Driver/Src/stm32f7xx_hal_pcd_ex.o
 .debug_aranges
                0x0000000000000828       0xa0 Drivers/STM32F7xx_HAL_Driver/Src/stm32f7xx_hal_pwr.o
 .debug_aranges
                0x00000000000008c8       0x80 Drivers/STM32F7xx_HAL_Driver/Src/stm32f7xx_hal_pwr_ex.o
 .debug_aranges
                0x0000000000000948       0x88 Drivers/STM32F7xx_HAL_Driver/Src/stm32f7xx_hal_rcc.o
 .debug_aranges
                0x00000000000009d0       0x50 Drivers/STM32F7xx_HAL_Driver/Src/stm32f7xx_hal_rcc_ex.o
 .debug_aranges
                0x0000000000000a20      0x3b8 Drivers/STM32F7xx_HAL_Driver/Src/stm32f7xx_hal_tim.o
 .debug_aranges
                0x0000000000000dd8      0x160 Drivers/STM32F7xx_HAL_Driver/Src/stm32f7xx_hal_tim_ex.o
 .debug_aranges
                0x0000000000000f38      0x1f8 Drivers/STM32F7xx_HAL_Driver/Src/stm32f7xx_hal_uart.o
 .debug_aranges
                0x0000000000001130      0x198 Drivers/STM32F7xx_HAL_Driver/Src/stm32f7xx_ll_usb.o

.debug_ranges   0x0000000000000000     0x1130
 .debug_ranges  0x0000000000000000       0x50 Core/Src/Automatic_Mode.o
 .debug_ranges  0x0000000000000050       0x18 Core/Src/Manual_Mode.o
 .debug_ranges  0x0000000000000068       0x20 Core/Src/eth.o
 .debug_ranges  0x0000000000000088       0x50 Core/Src/gpio.o
 .debug_ranges  0x00000000000000d8       0x28 Core/Src/main.o
 .debug_ranges  0x0000000000000100       0x10 Core/Src/stm32f7xx_hal_msp.o
 .debug_ranges  0x0000000000000110       0xa8 Core/Src/stm32f7xx_it.o
 .debug_ranges  0x00000000000001b8       0x18 Core/Src/system_stm32f7xx.o
 .debug_ranges  0x00000000000001d0       0x48 Core/Src/tim.o
 .debug_ranges  0x0000000000000218       0x20 Core/Src/usart.o
 .debug_ranges  0x0000000000000238       0x20 Core/Src/usb_otg.o
 .debug_ranges  0x0000000000000258       0x20 Core/Startup/startup_stm32f746zgtx.o
 .debug_ranges  0x0000000000000278       0xf0 Drivers/STM32F7xx_HAL_Driver/Src/stm32f7xx_hal.o
 .debug_ranges  0x0000000000000368      0x108 Drivers/STM32F7xx_HAL_Driver/Src/stm32f7xx_hal_cortex.o
 .debug_ranges  0x0000000000000470      0x100 Drivers/STM32F7xx_HAL_Driver/Src/stm32f7xx_hal_eth.o
 .debug_ranges  0x0000000000000570       0x48 Drivers/STM32F7xx_HAL_Driver/Src/stm32f7xx_hal_gpio.o
 .debug_ranges  0x00000000000005b8      0x120 Drivers/STM32F7xx_HAL_Driver/Src/stm32f7xx_hal_pcd.o
 .debug_ranges  0x00000000000006d8       0x38 Drivers/STM32F7xx_HAL_Driver/Src/stm32f7xx_hal_pcd_ex.o
 .debug_ranges  0x0000000000000710       0x90 Drivers/STM32F7xx_HAL_Driver/Src/stm32f7xx_hal_pwr.o
 .debug_ranges  0x00000000000007a0       0x70 Drivers/STM32F7xx_HAL_Driver/Src/stm32f7xx_hal_pwr_ex.o
 .debug_ranges  0x0000000000000810       0x78 Drivers/STM32F7xx_HAL_Driver/Src/stm32f7xx_hal_rcc.o
 .debug_ranges  0x0000000000000888       0x40 Drivers/STM32F7xx_HAL_Driver/Src/stm32f7xx_hal_rcc_ex.o
 .debug_ranges  0x00000000000008c8      0x3a8 Drivers/STM32F7xx_HAL_Driver/Src/stm32f7xx_hal_tim.o
 .debug_ranges  0x0000000000000c70      0x150 Drivers/STM32F7xx_HAL_Driver/Src/stm32f7xx_hal_tim_ex.o
 .debug_ranges  0x0000000000000dc0      0x1e8 Drivers/STM32F7xx_HAL_Driver/Src/stm32f7xx_hal_uart.o
 .debug_ranges  0x0000000000000fa8      0x188 Drivers/STM32F7xx_HAL_Driver/Src/stm32f7xx_ll_usb.o

.debug_macro    0x0000000000000000    0x2739d
 .debug_macro   0x0000000000000000      0x26e Core/Src/Automatic_Mode.o
 .debug_macro   0x000000000000026e      0xa5a Core/Src/Automatic_Mode.o
 .debug_macro   0x0000000000000cc8      0x1a3 Core/Src/Automatic_Mode.o
 .debug_macro   0x0000000000000e6b       0x2e Core/Src/Automatic_Mode.o
 .debug_macro   0x0000000000000e99       0x3b Core/Src/Automatic_Mode.o
 .debug_macro   0x0000000000000ed4       0x22 Core/Src/Automatic_Mode.o
 .debug_macro   0x0000000000000ef6       0x8e Core/Src/Automatic_Mode.o
 .debug_macro   0x0000000000000f84       0x51 Core/Src/Automatic_Mode.o
 .debug_macro   0x0000000000000fd5       0xef Core/Src/Automatic_Mode.o
 .debug_macro   0x00000000000010c4       0x6a Core/Src/Automatic_Mode.o
 .debug_macro   0x000000000000112e      0x1df Core/Src/Automatic_Mode.o
 .debug_macro   0x000000000000130d       0x1c Core/Src/Automatic_Mode.o
 .debug_macro   0x0000000000001329       0x22 Core/Src/Automatic_Mode.o
 .debug_macro   0x000000000000134b       0xdf Core/Src/Automatic_Mode.o
 .debug_macro   0x000000000000142a     0x12cd Core/Src/Automatic_Mode.o
 .debug_macro   0x00000000000026f7      0x11f Core/Src/Automatic_Mode.o
 .debug_macro   0x0000000000002816       0x19 Core/Src/Automatic_Mode.o
 .debug_macro   0x000000000000282f    0x1882d Core/Src/Automatic_Mode.o
 .debug_macro   0x000000000001b05c       0x43 Core/Src/Automatic_Mode.o
 .debug_macro   0x000000000001b09f     0x363d Core/Src/Automatic_Mode.o
 .debug_macro   0x000000000001e6dc      0x174 Core/Src/Automatic_Mode.o
 .debug_macro   0x000000000001e850       0x61 Core/Src/Automatic_Mode.o
 .debug_macro   0x000000000001e8b1     0x18ad Core/Src/Automatic_Mode.o
 .debug_macro   0x000000000002015e      0x6c4 Core/Src/Automatic_Mode.o
 .debug_macro   0x0000000000020822      0x103 Core/Src/Automatic_Mode.o
 .debug_macro   0x0000000000020925      0x117 Core/Src/Automatic_Mode.o
 .debug_macro   0x0000000000020a3c      0x1fe Core/Src/Automatic_Mode.o
 .debug_macro   0x0000000000020c3a       0x27 Core/Src/Automatic_Mode.o
 .debug_macro   0x0000000000020c61      0x24f Core/Src/Automatic_Mode.o
 .debug_macro   0x0000000000020eb0       0x41 Core/Src/Automatic_Mode.o
 .debug_macro   0x0000000000020ef1       0x58 Core/Src/Automatic_Mode.o
 .debug_macro   0x0000000000020f49      0x236 Core/Src/Automatic_Mode.o
 .debug_macro   0x000000000002117f      0xccf Core/Src/Automatic_Mode.o
 .debug_macro   0x0000000000021e4e      0x14f Core/Src/Automatic_Mode.o
 .debug_macro   0x0000000000021f9d      0x25b Core/Src/Automatic_Mode.o
 .debug_macro   0x00000000000221f8       0x12 Core/Src/Automatic_Mode.o
 .debug_macro   0x000000000002220a      0x22c Core/Src/Automatic_Mode.o
 .debug_macro   0x0000000000022436       0x5a Core/Src/Automatic_Mode.o
 .debug_macro   0x0000000000022490       0xa5 Core/Src/Automatic_Mode.o
 .debug_macro   0x0000000000022535      0x12f Core/Src/Automatic_Mode.o
 .debug_macro   0x0000000000022664      0x108 Core/Src/Automatic_Mode.o
 .debug_macro   0x000000000002276c       0x35 Core/Src/Automatic_Mode.o
 .debug_macro   0x00000000000227a1      0x9e2 Core/Src/Automatic_Mode.o
 .debug_macro   0x0000000000023183       0x59 Core/Src/Automatic_Mode.o
 .debug_macro   0x00000000000231dc      0x519 Core/Src/Automatic_Mode.o
 .debug_macro   0x00000000000236f5       0x44 Core/Src/Automatic_Mode.o
 .debug_macro   0x0000000000023739      0x217 Core/Src/Automatic_Mode.o
 .debug_macro   0x0000000000023950       0xe4 Core/Src/Automatic_Mode.o
 .debug_macro   0x0000000000023a34      0x14e Core/Src/Automatic_Mode.o
 .debug_macro   0x0000000000023b82       0x22 Core/Src/Automatic_Mode.o
 .debug_macro   0x0000000000023ba4       0x22 Core/Src/Automatic_Mode.o
 .debug_macro   0x0000000000023bc6      0x2c8 Core/Src/Automatic_Mode.o
 .debug_macro   0x0000000000023e8e      0x258 Core/Src/Manual_Mode.o
 .debug_macro   0x00000000000240e6      0x254 Core/Src/eth.o
 .debug_macro   0x000000000002433a      0x254 Core/Src/gpio.o
 .debug_macro   0x000000000002458e      0x27c Core/Src/main.o
 .debug_macro   0x000000000002480a      0x24a Core/Src/stm32f7xx_hal_msp.o
 .debug_macro   0x0000000000024a54      0x254 Core/Src/stm32f7xx_it.o
 .debug_macro   0x0000000000024ca8      0x217 Core/Src/system_stm32f7xx.o
 .debug_macro   0x0000000000024ebf      0x254 Core/Src/tim.o
 .debug_macro   0x0000000000025113      0x254 Core/Src/usart.o
 .debug_macro   0x0000000000025367      0x254 Core/Src/usb_otg.o
 .debug_macro   0x00000000000255bb      0x235 Drivers/STM32F7xx_HAL_Driver/Src/stm32f7xx_hal.o
 .debug_macro   0x00000000000257f0      0x211 Drivers/STM32F7xx_HAL_Driver/Src/stm32f7xx_hal_cortex.o
 .debug_macro   0x0000000000025a01      0x227 Drivers/STM32F7xx_HAL_Driver/Src/stm32f7xx_hal_eth.o
 .debug_macro   0x0000000000025c28      0x247 Drivers/STM32F7xx_HAL_Driver/Src/stm32f7xx_hal_gpio.o
 .debug_macro   0x0000000000025e6f      0x21d Drivers/STM32F7xx_HAL_Driver/Src/stm32f7xx_hal_pcd.o
 .debug_macro   0x000000000002608c      0x211 Drivers/STM32F7xx_HAL_Driver/Src/stm32f7xx_hal_pcd_ex.o
 .debug_macro   0x000000000002629d      0x22f Drivers/STM32F7xx_HAL_Driver/Src/stm32f7xx_hal_pwr.o
 .debug_macro   0x00000000000264cc      0x229 Drivers/STM32F7xx_HAL_Driver/Src/stm32f7xx_hal_pwr_ex.o
 .debug_macro   0x00000000000266f5      0x235 Drivers/STM32F7xx_HAL_Driver/Src/stm32f7xx_hal_rcc.o
 .debug_macro   0x000000000002692a      0x211 Drivers/STM32F7xx_HAL_Driver/Src/stm32f7xx_hal_rcc_ex.o
 .debug_macro   0x0000000000026b3b      0x212 Drivers/STM32F7xx_HAL_Driver/Src/stm32f7xx_hal_tim.o
 .debug_macro   0x0000000000026d4d      0x211 Drivers/STM32F7xx_HAL_Driver/Src/stm32f7xx_hal_tim_ex.o
 .debug_macro   0x0000000000026f5e      0x22e Drivers/STM32F7xx_HAL_Driver/Src/stm32f7xx_hal_uart.o
 .debug_macro   0x000000000002718c      0x211 Drivers/STM32F7xx_HAL_Driver/Src/stm32f7xx_ll_usb.o

.debug_line     0x0000000000000000    0x109e5
 .debug_line    0x0000000000000000      0x912 Core/Src/Automatic_Mode.o
 .debug_line    0x0000000000000912      0x7c0 Core/Src/Manual_Mode.o
 .debug_line    0x00000000000010d2      0x7e4 Core/Src/eth.o
 .debug_line    0x00000000000018b6      0xa78 Core/Src/gpio.o
 .debug_line    0x000000000000232e      0x85a Core/Src/main.o
 .debug_line    0x0000000000002b88      0x792 Core/Src/stm32f7xx_hal_msp.o
 .debug_line    0x000000000000331a      0x903 Core/Src/stm32f7xx_it.o
 .debug_line    0x0000000000003c1d      0x769 Core/Src/system_stm32f7xx.o
 .debug_line    0x0000000000004386      0x8cd Core/Src/tim.o
 .debug_line    0x0000000000004c53      0x7c8 Core/Src/usart.o
 .debug_line    0x000000000000541b      0x7d3 Core/Src/usb_otg.o
 .debug_line    0x0000000000005bee       0x86 Core/Startup/startup_stm32f746zgtx.o
 .debug_line    0x0000000000005c74      0x96f Drivers/STM32F7xx_HAL_Driver/Src/stm32f7xx_hal.o
 .debug_line    0x00000000000065e3      0xa73 Drivers/STM32F7xx_HAL_Driver/Src/stm32f7xx_hal_cortex.o
 .debug_line    0x0000000000007056      0xe20 Drivers/STM32F7xx_HAL_Driver/Src/stm32f7xx_hal_eth.o
 .debug_line    0x0000000000007e76      0x957 Drivers/STM32F7xx_HAL_Driver/Src/stm32f7xx_hal_gpio.o
 .debug_line    0x00000000000087cd      0xcc3 Drivers/STM32F7xx_HAL_Driver/Src/stm32f7xx_hal_pcd.o
 .debug_line    0x0000000000009490      0x7d5 Drivers/STM32F7xx_HAL_Driver/Src/stm32f7xx_hal_pcd_ex.o
 .debug_line    0x0000000000009c65      0x8b7 Drivers/STM32F7xx_HAL_Driver/Src/stm32f7xx_hal_pwr.o
 .debug_line    0x000000000000a51c      0x893 Drivers/STM32F7xx_HAL_Driver/Src/stm32f7xx_hal_pwr_ex.o
 .debug_line    0x000000000000adaf      0x9d3 Drivers/STM32F7xx_HAL_Driver/Src/stm32f7xx_hal_rcc.o
 .debug_line    0x000000000000b782      0x95a Drivers/STM32F7xx_HAL_Driver/Src/stm32f7xx_hal_rcc_ex.o
 .debug_line    0x000000000000c0dc     0x1a77 Drivers/STM32F7xx_HAL_Driver/Src/stm32f7xx_hal_tim.o
 .debug_line    0x000000000000db53      0xdd4 Drivers/STM32F7xx_HAL_Driver/Src/stm32f7xx_hal_tim_ex.o
 .debug_line    0x000000000000e927     0x1255 Drivers/STM32F7xx_HAL_Driver/Src/stm32f7xx_hal_uart.o
 .debug_line    0x000000000000fb7c      0xe69 Drivers/STM32F7xx_HAL_Driver/Src/stm32f7xx_ll_usb.o

.debug_str      0x0000000000000000    0xf25a8
 .debug_str     0x0000000000000000    0xecb37 Core/Src/Automatic_Mode.o
                                      0xed2ac (size before relaxing)
 .debug_str     0x00000000000ecb37       0x40 Core/Src/Manual_Mode.o
                                      0xecba8 (size before relaxing)
 .debug_str     0x00000000000ecb77      0x5f0 Core/Src/eth.o
                                      0xed1b9 (size before relaxing)
 .debug_str     0x00000000000ed167      0x667 Core/Src/gpio.o
                                      0xed4c0 (size before relaxing)
 .debug_str     0x00000000000ed7ce      0x8df Core/Src/main.o
                                      0xee04e (size before relaxing)
 .debug_str     0x00000000000ee0ad       0x2c Core/Src/stm32f7xx_hal_msp.o
                                      0xecc14 (size before relaxing)
 .debug_str     0x00000000000ee0d9      0x1a9 Core/Src/stm32f7xx_it.o
                                      0xed169 (size before relaxing)
 .debug_str     0x00000000000ee282      0x179 Core/Src/system_stm32f7xx.o
                                      0xec17f (size before relaxing)
 .debug_str     0x00000000000ee3fb      0x14d Core/Src/tim.o
                                      0xed7e0 (size before relaxing)
 .debug_str     0x00000000000ee548       0x57 Core/Src/usart.o
                                      0xed163 (size before relaxing)
 .debug_str     0x00000000000ee59f       0x59 Core/Src/usb_otg.o
                                      0xed0fb (size before relaxing)
 .debug_str     0x00000000000ee5f8       0x76 Core/Startup/startup_stm32f746zgtx.o
 .debug_str     0x00000000000ee66e      0x37f Drivers/STM32F7xx_HAL_Driver/Src/stm32f7xx_hal.o
                                      0xeca24 (size before relaxing)
 .debug_str     0x00000000000ee9ed      0x38a Drivers/STM32F7xx_HAL_Driver/Src/stm32f7xx_hal_cortex.o
                                      0xecad8 (size before relaxing)
 .debug_str     0x00000000000eed77      0x74e Drivers/STM32F7xx_HAL_Driver/Src/stm32f7xx_hal_eth.o
                                      0xecc8b (size before relaxing)
 .debug_str     0x00000000000ef4c5      0x216 Drivers/STM32F7xx_HAL_Driver/Src/stm32f7xx_hal_gpio.o
                                      0xec355 (size before relaxing)
 .debug_str     0x00000000000ef6db      0x535 Drivers/STM32F7xx_HAL_Driver/Src/stm32f7xx_hal_pcd.o
                                      0xec864 (size before relaxing)
 .debug_str     0x00000000000efc10      0x16d Drivers/STM32F7xx_HAL_Driver/Src/stm32f7xx_hal_pcd_ex.o
                                      0xec48c (size before relaxing)
 .debug_str     0x00000000000efd7d      0x2c5 Drivers/STM32F7xx_HAL_Driver/Src/stm32f7xx_hal_pwr.o
                                      0xec437 (size before relaxing)
 .debug_str     0x00000000000f0042      0x1b5 Drivers/STM32F7xx_HAL_Driver/Src/stm32f7xx_hal_pwr_ex.o
                                      0xec3f9 (size before relaxing)
 .debug_str     0x00000000000f01f7      0x26d Drivers/STM32F7xx_HAL_Driver/Src/stm32f7xx_hal_rcc.o
                                      0xec48f (size before relaxing)
 .debug_str     0x00000000000f0464      0x161 Drivers/STM32F7xx_HAL_Driver/Src/stm32f7xx_hal_rcc_ex.o
                                      0xec424 (size before relaxing)
 .debug_str     0x00000000000f05c5      0xcfa Drivers/STM32F7xx_HAL_Driver/Src/stm32f7xx_hal_tim.o
                                      0xed20b (size before relaxing)
 .debug_str     0x00000000000f12bf      0x504 Drivers/STM32F7xx_HAL_Driver/Src/stm32f7xx_hal_tim_ex.o
                                      0xeca5e (size before relaxing)
 .debug_str     0x00000000000f17c3      0x788 Drivers/STM32F7xx_HAL_Driver/Src/stm32f7xx_hal_uart.o
                                      0xecc6d (size before relaxing)
 .debug_str     0x00000000000f1f4b      0x65d Drivers/STM32F7xx_HAL_Driver/Src/stm32f7xx_ll_usb.o
                                      0xec993 (size before relaxing)

.comment        0x0000000000000000       0x7b
 .comment       0x0000000000000000       0x7b Core/Src/Automatic_Mode.o
                                         0x7c (size before relaxing)
 .comment       0x000000000000007b       0x7c Core/Src/Manual_Mode.o
 .comment       0x000000000000007b       0x7c Core/Src/eth.o
 .comment       0x000000000000007b       0x7c Core/Src/gpio.o
 .comment       0x000000000000007b       0x7c Core/Src/main.o
 .comment       0x000000000000007b       0x7c Core/Src/stm32f7xx_hal_msp.o
 .comment       0x000000000000007b       0x7c Core/Src/stm32f7xx_it.o
 .comment       0x000000000000007b       0x7c Core/Src/system_stm32f7xx.o
 .comment       0x000000000000007b       0x7c Core/Src/tim.o
 .comment       0x000000000000007b       0x7c Core/Src/usart.o
 .comment       0x000000000000007b       0x7c Core/Src/usb_otg.o
 .comment       0x000000000000007b       0x7c Drivers/STM32F7xx_HAL_Driver/Src/stm32f7xx_hal.o
 .comment       0x000000000000007b       0x7c Drivers/STM32F7xx_HAL_Driver/Src/stm32f7xx_hal_cortex.o
 .comment       0x000000000000007b       0x7c Drivers/STM32F7xx_HAL_Driver/Src/stm32f7xx_hal_eth.o
 .comment       0x000000000000007b       0x7c Drivers/STM32F7xx_HAL_Driver/Src/stm32f7xx_hal_gpio.o
 .comment       0x000000000000007b       0x7c Drivers/STM32F7xx_HAL_Driver/Src/stm32f7xx_hal_pcd.o
 .comment       0x000000000000007b       0x7c Drivers/STM32F7xx_HAL_Driver/Src/stm32f7xx_hal_pcd_ex.o
 .comment       0x000000000000007b       0x7c Drivers/STM32F7xx_HAL_Driver/Src/stm32f7xx_hal_pwr.o
 .comment       0x000000000000007b       0x7c Drivers/STM32F7xx_HAL_Driver/Src/stm32f7xx_hal_pwr_ex.o
 .comment       0x000000000000007b       0x7c Drivers/STM32F7xx_HAL_Driver/Src/stm32f7xx_hal_rcc.o
 .comment       0x000000000000007b       0x7c Drivers/STM32F7xx_HAL_Driver/Src/stm32f7xx_hal_rcc_ex.o
 .comment       0x000000000000007b       0x7c Drivers/STM32F7xx_HAL_Driver/Src/stm32f7xx_hal_tim.o
 .comment       0x000000000000007b       0x7c Drivers/STM32F7xx_HAL_Driver/Src/stm32f7xx_hal_tim_ex.o
 .comment       0x000000000000007b       0x7c Drivers/STM32F7xx_HAL_Driver/Src/stm32f7xx_hal_uart.o
 .comment       0x000000000000007b       0x7c Drivers/STM32F7xx_HAL_Driver/Src/stm32f7xx_ll_usb.o

.debug_frame    0x0000000000000000     0x4d44
 .debug_frame   0x0000000000000000      0x160 Core/Src/Automatic_Mode.o
 .debug_frame   0x0000000000000160       0x58 Core/Src/Manual_Mode.o
 .debug_frame   0x00000000000001b8       0x74 Core/Src/eth.o
 .debug_frame   0x000000000000022c      0x158 Core/Src/gpio.o
 .debug_frame   0x0000000000000384       0x90 Core/Src/main.o
 .debug_frame   0x0000000000000414       0x38 Core/Src/stm32f7xx_hal_msp.o
 .debug_frame   0x000000000000044c      0x248 Core/Src/stm32f7xx_it.o
 .debug_frame   0x0000000000000694       0x58 Core/Src/system_stm32f7xx.o
 .debug_frame   0x00000000000006ec      0x130 Core/Src/tim.o
 .debug_frame   0x000000000000081c       0x74 Core/Src/usart.o
 .debug_frame   0x0000000000000890       0x74 Core/Src/usb_otg.o
 .debug_frame   0x0000000000000904      0x3b4 Drivers/STM32F7xx_HAL_Driver/Src/stm32f7xx_hal.o
 .debug_frame   0x0000000000000cb8      0x498 Drivers/STM32F7xx_HAL_Driver/Src/stm32f7xx_hal_cortex.o
 .debug_frame   0x0000000000001150      0x4b4 Drivers/STM32F7xx_HAL_Driver/Src/stm32f7xx_hal_eth.o
 .debug_frame   0x0000000000001604      0x14c Drivers/STM32F7xx_HAL_Driver/Src/stm32f7xx_hal_gpio.o
 .debug_frame   0x0000000000001750      0x548 Drivers/STM32F7xx_HAL_Driver/Src/stm32f7xx_hal_pcd.o
 .debug_frame   0x0000000000001c98      0x100 Drivers/STM32F7xx_HAL_Driver/Src/stm32f7xx_hal_pcd_ex.o
 .debug_frame   0x0000000000001d98      0x254 Drivers/STM32F7xx_HAL_Driver/Src/stm32f7xx_hal_pwr.o
 .debug_frame   0x0000000000001fec      0x1c8 Drivers/STM32F7xx_HAL_Driver/Src/stm32f7xx_hal_pwr_ex.o
 .debug_frame   0x00000000000021b4      0x1f4 Drivers/STM32F7xx_HAL_Driver/Src/stm32f7xx_hal_rcc.o
 .debug_frame   0x00000000000023a8      0x118 Drivers/STM32F7xx_HAL_Driver/Src/stm32f7xx_hal_rcc_ex.o
 .debug_frame   0x00000000000024c0     0x1144 Drivers/STM32F7xx_HAL_Driver/Src/stm32f7xx_hal_tim.o
 .debug_frame   0x0000000000003604      0x610 Drivers/STM32F7xx_HAL_Driver/Src/stm32f7xx_hal_tim_ex.o
 .debug_frame   0x0000000000003c14      0x8f4 Drivers/STM32F7xx_HAL_Driver/Src/stm32f7xx_hal_uart.o
 .debug_frame   0x0000000000004508      0x790 Drivers/STM32F7xx_HAL_Driver/Src/stm32f7xx_ll_usb.o
 .debug_frame   0x0000000000004c98       0x2c c:/st/stm32cubeide_1.1.0/stm32cubeide/plugins/com.st.stm32cube.ide.mcu.externaltools.gnu-tools-for-stm32.7-2018-q2-update.win32_1.0.0.201904181610/tools/bin/../lib/gcc/arm-none-eabi/7.3.1/../../../../arm-none-eabi/lib/thumb/v7e-m/fpv4-sp/hard\libc_nano.a(lib_a-init.o)
 .debug_frame   0x0000000000004cc4       0x20 c:/st/stm32cubeide_1.1.0/stm32cubeide/plugins/com.st.stm32cube.ide.mcu.externaltools.gnu-tools-for-stm32.7-2018-q2-update.win32_1.0.0.201904181610/tools/bin/../lib/gcc/arm-none-eabi/7.3.1/../../../../arm-none-eabi/lib/thumb/v7e-m/fpv4-sp/hard\libc_nano.a(lib_a-memset.o)
 .debug_frame   0x0000000000004ce4       0x2c c:/st/stm32cubeide_1.1.0/stm32cubeide/plugins/com.st.stm32cube.ide.mcu.externaltools.gnu-tools-for-stm32.7-2018-q2-update.win32_1.0.0.201904181610/tools/bin/../lib/gcc/arm-none-eabi/7.3.1/thumb/v7e-m/fpv4-sp/hard\libgcc.a(_aeabi_uldivmod.o)
 .debug_frame   0x0000000000004d10       0x34 c:/st/stm32cubeide_1.1.0/stm32cubeide/plugins/com.st.stm32cube.ide.mcu.externaltools.gnu-tools-for-stm32.7-2018-q2-update.win32_1.0.0.201904181610/tools/bin/../lib/gcc/arm-none-eabi/7.3.1/thumb/v7e-m/fpv4-sp/hard\libgcc.a(_udivmoddi4.o)
